Archive member included because of file (symbol)

/usr/lib64/gcc/avr/4.7.1/../../../../avr/lib/avr51/libm.a(fixsfsi.o)
                              obj_colossus/common/mousekey.o (__fixsfsi)
/usr/lib64/gcc/avr/4.7.1/../../../../avr/lib/avr51/libm.a(fixunssfsi.o)
                              /usr/lib64/gcc/avr/4.7.1/../../../../avr/lib/avr51/libm.a(fixsfsi.o) (__fixunssfsi)
/usr/lib64/gcc/avr/4.7.1/../../../../avr/lib/avr51/libm.a(floatsisf.o)
                              obj_colossus/common/mousekey.o (__floatsisf)
/usr/lib64/gcc/avr/4.7.1/../../../../avr/lib/avr51/libm.a(fp_split3.o)
                              /usr/lib64/gcc/avr/4.7.1/../../../../avr/lib/avr51/libm.a(fixunssfsi.o) (__fp_splitA)
/usr/lib64/gcc/avr/4.7.1/../../../../avr/lib/avr51/libm.a(fp_zero.o)
                              /usr/lib64/gcc/avr/4.7.1/../../../../avr/lib/avr51/libm.a(fixunssfsi.o) (__fp_zero)
/usr/lib64/gcc/avr/4.7.1/../../../../avr/lib/avr51/libm.a(mulsf3.o)
                              obj_colossus/common/mousekey.o (__mulsf3)
/usr/lib64/gcc/avr/4.7.1/../../../../avr/lib/avr51/libm.a(mulsf3x.o)
                              /usr/lib64/gcc/avr/4.7.1/../../../../avr/lib/avr51/libm.a(mulsf3.o) (__mulsf3x)
/usr/lib64/gcc/avr/4.7.1/../../../../avr/lib/avr51/libm.a(fp_inf.o)
                              /usr/lib64/gcc/avr/4.7.1/../../../../avr/lib/avr51/libm.a(mulsf3x.o) (__fp_inf)
/usr/lib64/gcc/avr/4.7.1/../../../../avr/lib/avr51/libm.a(fp_nan.o)
                              /usr/lib64/gcc/avr/4.7.1/../../../../avr/lib/avr51/libm.a(mulsf3x.o) (__fp_nan)
/usr/lib64/gcc/avr/4.7.1/../../../../avr/lib/avr51/libm.a(fp_pscA.o)
                              /usr/lib64/gcc/avr/4.7.1/../../../../avr/lib/avr51/libm.a(mulsf3x.o) (__fp_pscA)
/usr/lib64/gcc/avr/4.7.1/../../../../avr/lib/avr51/libm.a(fp_pscB.o)
                              /usr/lib64/gcc/avr/4.7.1/../../../../avr/lib/avr51/libm.a(mulsf3x.o) (__fp_pscB)
/usr/lib64/gcc/avr/4.7.1/../../../../avr/lib/avr51/libm.a(fp_round.o)
                              /usr/lib64/gcc/avr/4.7.1/../../../../avr/lib/avr51/libm.a(mulsf3.o) (__fp_round)
/usr/lib64/gcc/avr/4.7.1/avr51/libgcc.a(_udivmodqi4.o)
                              obj_colossus/protocol/lufa/lufa.o (__udivmodqi4)
/usr/lib64/gcc/avr/4.7.1/avr51/libgcc.a(_udivmodhi4.o)
                              obj_colossus/rn42/rn42_task.o (__udivmodhi4)
/usr/lib64/gcc/avr/4.7.1/avr51/libgcc.a(_divmodhi4.o)
                              obj_colossus/common/mousekey.o (__divmodhi4)
/usr/lib64/gcc/avr/4.7.1/avr51/libgcc.a(_udivmodsi4.o)
                              obj_colossus/rn42/rn42_task.o (__udivmodsi4)
/usr/lib64/gcc/avr/4.7.1/avr51/libgcc.a(_exit.o)
                              /usr/lib64/gcc/avr/4.7.1/../../../../avr/lib/avr51/crtusb1286.o (exit)
/usr/lib64/gcc/avr/4.7.1/avr51/libgcc.a(_tablejump.o)
                              obj_colossus/rn42/rn42_task.o (__tablejump2__)
/usr/lib64/gcc/avr/4.7.1/avr51/libgcc.a(_copy_data.o)
                              obj_colossus/matrix.o (__do_copy_data)
/usr/lib64/gcc/avr/4.7.1/avr51/libgcc.a(_clear_bss.o)
                              obj_colossus/keymap.o (__do_clear_bss)
/usr/lib64/gcc/avr/4.7.1/../../../../avr/lib/avr51/libc.a(strcmp.o)
                              obj_colossus/rn42/rn42_task.o (strcmp)
/usr/lib64/gcc/avr/4.7.1/../../../../avr/lib/avr51/libc.a(eerd_byte_at90usb1286.o)
                              obj_colossus/rn42/rn42_task.o (__eerd_byte_usb1286)
/usr/lib64/gcc/avr/4.7.1/../../../../avr/lib/avr51/libc.a(eeupd_byte_at90usb1286.o)
                              obj_colossus/protocol/lufa/LUFA-git/LUFA/Drivers/USB/Core/AVR8/EndpointStream_AVR8.o (__eeupd_byte_usb1286)
/usr/lib64/gcc/avr/4.7.1/../../../../avr/lib/avr51/libc.a(eewr_byte_at90usb1286.o)
                              obj_colossus/rn42/rn42_task.o (__eewr_byte_usb1286)

Allocating common symbols
Common symbol       size              file

USB_IsInitialized   0x1               obj_colossus/protocol/lufa/LUFA-git/LUFA/Drivers/USB/Core/USBTask.o
USB_DeviceState     0x1               obj_colossus/protocol/lufa/LUFA-git/LUFA/Drivers/USB/Core/USBTask.o
USB_Device_ConfigurationNumber
                    0x1               obj_colossus/protocol/lufa/LUFA-git/LUFA/Drivers/USB/Core/DeviceStandardReq.o
USB_Device_CurrentlySelfPowered
                    0x1               obj_colossus/protocol/lufa/LUFA-git/LUFA/Drivers/USB/Core/DeviceStandardReq.o
USB_ControlRequest  0x8               obj_colossus/protocol/lufa/LUFA-git/LUFA/Drivers/USB/Core/USBTask.o
USB_Device_RemoteWakeupEnabled
                    0x1               obj_colossus/protocol/lufa/LUFA-git/LUFA/Drivers/USB/Core/DeviceStandardReq.o

Discarded input sections

 .bss           0x0000000000000000        0x0 /usr/lib64/gcc/avr/4.7.1/../../../../avr/lib/avr51/crtusb1286.o
 .text          0x0000000000000000        0x0 obj_colossus/keymap.o
 .bss           0x0000000000000000        0x0 obj_colossus/keymap.o
[...]
Memory Configuration

Name             Origin             Length             Attributes
text             0x0000000000000000 0x0000000000020000 xr
data             0x0000000000800100 0x000000000000ff00 rw !x
eeprom           0x0000000000810000 0x0000000000010000 rw !x
fuse             0x0000000000820000 0x0000000000000400 rw !x
lock             0x0000000000830000 0x0000000000000400 rw !x
signature        0x0000000000840000 0x0000000000000400 rw !x
*default*        0x0000000000000000 0xffffffffffffffff

Linker script and memory map

Address of section .data set to 0x800100
LOAD /usr/lib64/gcc/avr/4.7.1/../../../../avr/lib/avr51/crtusb1286.o
LOAD obj_colossus/keymap.o
LOAD obj_colossus/keymap_common.o
LOAD obj_colossus/matrix.o
LOAD obj_colossus/led.o
LOAD obj_colossus/serial_uart.o
LOAD obj_colossus/rn42/rn42.o
LOAD obj_colossus/rn42/rn42_task.o
LOAD obj_colossus/rn42/battery.o
LOAD obj_colossus/rn42/main.o
LOAD obj_colossus/protocol/lufa/lufa.o
LOAD obj_colossus/protocol/lufa/descriptor.o
LOAD obj_colossus/protocol/lufa/LUFA-git/LUFA/Drivers/USB/Class/Common/HIDParser.o
LOAD obj_colossus/protocol/lufa/LUFA-git/LUFA/Drivers/USB/Core/AVR8/Device_AVR8.o
LOAD obj_colossus/protocol/lufa/LUFA-git/LUFA/Drivers/USB/Core/AVR8/EndpointStream_AVR8.o
LOAD obj_colossus/protocol/lufa/LUFA-git/LUFA/Drivers/USB/Core/AVR8/Endpoint_AVR8.o
LOAD obj_colossus/protocol/lufa/LUFA-git/LUFA/Drivers/USB/Core/AVR8/Host_AVR8.o
LOAD obj_colossus/protocol/lufa/LUFA-git/LUFA/Drivers/USB/Core/AVR8/PipeStream_AVR8.o
LOAD obj_colossus/protocol/lufa/LUFA-git/LUFA/Drivers/USB/Core/AVR8/Pipe_AVR8.o
LOAD obj_colossus/protocol/lufa/LUFA-git/LUFA/Drivers/USB/Core/AVR8/USBController_AVR8.o
LOAD obj_colossus/protocol/lufa/LUFA-git/LUFA/Drivers/USB/Core/AVR8/USBInterrupt_AVR8.o
LOAD obj_colossus/protocol/lufa/LUFA-git/LUFA/Drivers/USB/Core/ConfigDescriptors.o
LOAD obj_colossus/protocol/lufa/LUFA-git/LUFA/Drivers/USB/Core/DeviceStandardReq.o
LOAD obj_colossus/protocol/lufa/LUFA-git/LUFA/Drivers/USB/Core/Events.o
LOAD obj_colossus/protocol/lufa/LUFA-git/LUFA/Drivers/USB/Core/HostStandardReq.o
LOAD obj_colossus/protocol/lufa/LUFA-git/LUFA/Drivers/USB/Core/USBTask.o
LOAD obj_colossus/common/host.o
LOAD obj_colossus/common/keyboard.o
LOAD obj_colossus/common/action.o
LOAD obj_colossus/common/action_tapping.o
LOAD obj_colossus/common/action_macro.o
LOAD obj_colossus/common/action_layer.o
LOAD obj_colossus/common/action_util.o
LOAD obj_colossus/common/print.o
LOAD obj_colossus/common/debug.o
LOAD obj_colossus/common/util.o
LOAD obj_colossus/common/hook.o
LOAD obj_colossus/common/avr/suspend.o
LOAD obj_colossus/common/avr/xprintf.o
LOAD obj_colossus/common/avr/timer.o
LOAD obj_colossus/common/avr/bootloader.o
LOAD obj_colossus/common/keymap.o
LOAD obj_colossus/common/mousekey.o
LOAD obj_colossus/common/command.o
LOAD /usr/lib64/gcc/avr/4.7.1/../../../../avr/lib/avr51/libm.a
LOAD /usr/lib64/gcc/avr/4.7.1/avr51/libgcc.a
LOAD /usr/lib64/gcc/avr/4.7.1/../../../../avr/lib/avr51/libc.a
LOAD /usr/lib64/gcc/avr/4.7.1/avr51/libgcc.a

.hash
 *(.hash)

.dynsym
 *(.dynsym)

.dynstr
 *(.dynstr)

.gnu.version
 *(.gnu.version)

.gnu.version_d
 *(.gnu.version_d)

.gnu.version_r
 *(.gnu.version_r)

.rel.init
 *(.rel.init)

.rela.init
 *(.rela.init)

.rel.text
 *(.rel.text)
 *(.rel.text.*)
 *(.rel.gnu.linkonce.t*)

.rela.text
 *(.rela.text)
 *(.rela.text.*)
 *(.rela.gnu.linkonce.t*)

.rel.fini
 *(.rel.fini)

.rela.fini
 *(.rela.fini)

.rel.rodata
 *(.rel.rodata)
 *(.rel.rodata.*)
 *(.rel.gnu.linkonce.r*)

.rela.rodata
 *(.rela.rodata)
 *(.rela.rodata.*)
 *(.rela.gnu.linkonce.r*)

.rel.data
 *(.rel.data)
 *(.rel.data.*)
 *(.rel.gnu.linkonce.d*)

.rela.data
 *(.rela.data)
 *(.rela.data.*)
 *(.rela.gnu.linkonce.d*)

.rel.ctors
 *(.rel.ctors)

.rela.ctors
 *(.rela.ctors)

.rel.dtors
 *(.rel.dtors)

.rela.dtors
 *(.rela.dtors)

.rel.got
 *(.rel.got)

.rela.got
 *(.rela.got)

.rel.bss
 *(.rel.bss)

.rela.bss
 *(.rela.bss)

.rel.plt
 *(.rel.plt)

.rela.plt
 *(.rela.plt)

.text           0x0000000000000000     0x63fc
 *(.vectors)
 .vectors       0x0000000000000000       0x98 /usr/lib64/gcc/avr/4.7.1/../../../../avr/lib/avr51/crtusb1286.o
                0x0000000000000000                __vectors
                0x0000000000000000                __vector_default
 *(.vectors)
 *(.progmem.gcc*)
 .progmem.gcc_sw_table.command_console_extra
                0x0000000000000098       0x92 obj_colossus/rn42/rn42_task.o
 *(.progmem*)
 .progmem.data.fn_actions
                0x000000000000012a        0xa obj_colossus/keymap.o
                0x000000000000012a                fn_actions
 .progmem.data.keymaps
                0x0000000000000134      0x280 obj_colossus/keymap.o
                0x0000000000000134                keymaps
 .progmem.data.__c.2266
                0x00000000000003b4        0x2 obj_colossus/keymap.o
 .progmem.data.__c.2268
                0x00000000000003b6        0x2 obj_colossus/keymap.o
 .progmem.data.__c.2270
                0x00000000000003b8        0x2 obj_colossus/keymap.o
 .progmem.data.__c.1778
                0x00000000000003ba        0xa obj_colossus/matrix.o
 .progmem.data.__c.1780
                0x00000000000003c4        0x5 obj_colossus/matrix.o
 .progmem.data.__c.1782
                0x00000000000003c9        0x2 obj_colossus/matrix.o
 .progmem.data.__c.1804
                0x00000000000003cb       0x17 obj_colossus/matrix.o
 .progmem.data.__c.1807
                0x00000000000003e2        0x5 obj_colossus/matrix.o
 .progmem.data.__c.1809
                0x00000000000003e7        0x3 obj_colossus/matrix.o
 .progmem.data.__c.1811
                0x00000000000003ea        0x6 obj_colossus/matrix.o
 .progmem.data.__c.1813
                0x00000000000003f0        0x2 obj_colossus/matrix.o
 .progmem.data.__c.4633
                0x00000000000003f2        0x3 obj_colossus/rn42/rn42_task.o
 .progmem.data.__c.4635
                0x00000000000003f5        0x6 obj_colossus/rn42/rn42_task.o
 .progmem.data.__c.4641
                0x00000000000003fb       0x12 obj_colossus/rn42/rn42_task.o
 .progmem.data.__c.4655
                0x000000000000040d       0x15 obj_colossus/rn42/rn42_task.o
 .progmem.data.__c.4788
                0x0000000000000422       0x24 obj_colossus/rn42/rn42_task.o
 .progmem.data.__c.4790
                0x0000000000000446       0x15 obj_colossus/rn42/rn42_task.o
 .progmem.data.__c.4792
                0x000000000000045b       0x1a obj_colossus/rn42/rn42_task.o
 .progmem.data.__c.4794
                0x0000000000000475       0x27 obj_colossus/rn42/rn42_task.o
 .progmem.data.__c.4796
                0x000000000000049c       0x1b obj_colossus/rn42/rn42_task.o
 .progmem.data.__c.4798
                0x00000000000004b7       0x17 obj_colossus/rn42/rn42_task.o
 .progmem.data.__c.4800
                0x00000000000004ce       0x15 obj_colossus/rn42/rn42_task.o
 .progmem.data.__c.4802
                0x00000000000004e3       0x12 obj_colossus/rn42/rn42_task.o
 .progmem.data.__c.4804
                0x00000000000004f5       0x20 obj_colossus/rn42/rn42_task.o
 .progmem.data.__c.4816
                0x0000000000000515       0x19 obj_colossus/rn42/rn42_task.o
 .progmem.data.__c.4818
                0x000000000000052e        0xe obj_colossus/rn42/rn42_task.o
 .progmem.data.__c.4820
                0x000000000000053c        0xf obj_colossus/rn42/rn42_task.o
 .progmem.data.__c.4822
                0x000000000000054b        0xa obj_colossus/rn42/rn42_task.o
 .progmem.data.__c.4824
                0x0000000000000555       0x1b obj_colossus/rn42/rn42_task.o
 .progmem.data.__c.4826
                0x0000000000000570       0x11 obj_colossus/rn42/rn42_task.o
 .progmem.data.__c.4828
                0x0000000000000581        0xf obj_colossus/rn42/rn42_task.o
 .progmem.data.__c.4830
                0x0000000000000590        0xa obj_colossus/rn42/rn42_task.o
 .progmem.data.__c.4833
                0x000000000000059a        0x5 obj_colossus/rn42/rn42_task.o
 .progmem.data.__c.4837
                0x000000000000059f        0x6 obj_colossus/rn42/rn42_task.o
 .progmem.data.__c.4840
                0x00000000000005a5        0x7 obj_colossus/rn42/rn42_task.o
 .progmem.data.__c.4843
                0x00000000000005ac        0x4 obj_colossus/rn42/rn42_task.o
 .progmem.data.__c.4846
                0x00000000000005b0        0x2 obj_colossus/rn42/rn42_task.o
 .progmem.data.__c.4848
                0x00000000000005b2        0x2 obj_colossus/rn42/rn42_task.o
 .progmem.data.__c.4850
                0x00000000000005b4       0x19 obj_colossus/rn42/rn42_task.o
 .progmem.data.__c.4852
                0x00000000000005cd        0xa obj_colossus/rn42/rn42_task.o
 .progmem.data.__c.4858
                0x00000000000005d7       0x1d obj_colossus/rn42/rn42_task.o
 .progmem.data.__c.4860
                0x00000000000005f4        0xc obj_colossus/rn42/rn42_task.o
 .progmem.data.__c.4862
                0x0000000000000600        0xc obj_colossus/rn42/rn42_task.o
 .progmem.data.__c.4864
                0x000000000000060c        0xc obj_colossus/rn42/rn42_task.o
 .progmem.data.__c.4866
                0x0000000000000618        0xc obj_colossus/rn42/rn42_task.o
 .progmem.data.__c.4869
                0x0000000000000624        0xb obj_colossus/rn42/rn42_task.o
 .progmem.data.__c.4871
                0x000000000000062f        0x6 obj_colossus/rn42/rn42_task.o
 .progmem.data.__c.4873
                0x0000000000000635        0x6 obj_colossus/rn42/rn42_task.o
 .progmem.data.__c.4875
                0x000000000000063b        0x6 obj_colossus/rn42/rn42_task.o
 .progmem.data.__c.4878
                0x0000000000000641        0xb obj_colossus/rn42/rn42_task.o
 .progmem.data.__c.4880
                0x000000000000064c        0xa obj_colossus/rn42/rn42_task.o
 .progmem.data.__c.4777
                0x0000000000000656        0x7 obj_colossus/rn42/rn42_task.o
 .progmem.data.__c.4779
                0x000000000000065d        0x6 obj_colossus/rn42/rn42_task.o
 .progmem.data.__c.4687
                0x0000000000000663        0x5 obj_colossus/rn42/rn42_task.o
 .progmem.data.__c.4662
                0x0000000000000668        0x3 obj_colossus/rn42/rn42_task.o
 .progmem.data.__c.4732
                0x000000000000066b        0x5 obj_colossus/rn42/rn42_task.o
 .progmem.data.__c.4735
                0x0000000000000670        0x9 obj_colossus/rn42/rn42_task.o
 .progmem.data.__c.4738
                0x0000000000000679        0x4 obj_colossus/rn42/rn42_task.o
 .progmem.data.__c.4743
                0x000000000000067d        0x3 obj_colossus/rn42/rn42_task.o
 .progmem.data.__c.4748
                0x0000000000000680        0x7 obj_colossus/rn42/rn42_task.o
 .progmem.data.__c.4750
                0x0000000000000687        0x4 obj_colossus/rn42/rn42_task.o
 .progmem.data.__c.4754
                0x000000000000068b        0x4 obj_colossus/rn42/rn42_task.o
 .progmem.data.__c.4759
                0x000000000000068f        0x3 obj_colossus/rn42/rn42_task.o
 .progmem.data.__c.4761
                0x0000000000000692        0x3 obj_colossus/rn42/rn42_task.o
 .progmem.data.__c.4763
                0x0000000000000695        0x6 obj_colossus/rn42/rn42_task.o
 .progmem.data.__c.4692
                0x000000000000069b       0x1a obj_colossus/rn42/rn42_task.o
 .progmem.data.__c.4694
                0x00000000000006b5        0x4 obj_colossus/rn42/rn42_task.o
 .progmem.data.__c.4697
                0x00000000000006b9        0x4 obj_colossus/rn42/rn42_task.o
 .progmem.data.__c.4699
                0x00000000000006bd        0x4 obj_colossus/rn42/rn42_task.o
 .progmem.data.__c.4704
                0x00000000000006c1       0x19 obj_colossus/rn42/rn42_task.o
 .progmem.data.__c.4706
                0x00000000000006da        0x6 obj_colossus/rn42/rn42_task.o
 .progmem.data.__c.4711
                0x00000000000006e0        0x7 obj_colossus/rn42/rn42_task.o
 .progmem.data.__c.4713
                0x00000000000006e7        0xb obj_colossus/rn42/rn42_task.o
 .progmem.data.__c.4715
                0x00000000000006f2       0x14 obj_colossus/rn42/rn42_task.o
 .progmem.data.__c.4717
                0x0000000000000706        0x7 obj_colossus/rn42/rn42_task.o
 .progmem.data.__c.4719
                0x000000000000070d        0xa obj_colossus/rn42/rn42_task.o
 .progmem.data.__c.4721
                0x0000000000000717        0x7 obj_colossus/rn42/rn42_task.o
 .progmem.data.__c.4723
                0x000000000000071e        0xa obj_colossus/rn42/rn42_task.o
 .progmem.data.__c.4725
                0x0000000000000728        0xa obj_colossus/rn42/rn42_task.o
 .progmem.data.__c.4727
                0x0000000000000732        0x6 obj_colossus/rn42/rn42_task.o
 .progmem.data.__c.4579
                0x0000000000000738        0xb obj_colossus/rn42/main.o
 .progmem.data.__c.4581
                0x0000000000000743        0xc obj_colossus/rn42/main.o
 .progmem.data.__c.4583
                0x000000000000074f       0x10 obj_colossus/rn42/main.o
 .progmem.data.__c.4585
                0x000000000000075f        0x4 obj_colossus/rn42/main.o
 .progmem.data.__c.4560
                0x0000000000000763        0x4 obj_colossus/protocol/lufa/lufa.o
 .progmem.data.__c.4565
                0x0000000000000767        0x4 obj_colossus/protocol/lufa/lufa.o
 .progmem.data.__c.4570
                0x000000000000076b        0x4 obj_colossus/protocol/lufa/lufa.o
 .progmem.data.__c.4574
                0x000000000000076f        0x4 obj_colossus/protocol/lufa/lufa.o
 .progmem.data.__c.4578
                0x0000000000000773        0x4 obj_colossus/protocol/lufa/lufa.o
 .progmem.data.ProductString
                0x0000000000000777       0x1e obj_colossus/protocol/lufa/descriptor.o
                0x0000000000000777                ProductString
 .progmem.data.ManufacturerString
                0x0000000000000795       0x1c obj_colossus/protocol/lufa/descriptor.o
                0x0000000000000795                ManufacturerString
 .progmem.data.LanguageString
                0x00000000000007b1        0x4 obj_colossus/protocol/lufa/descriptor.o
                0x00000000000007b1                LanguageString
 .progmem.data.ConfigurationDescriptor
                0x00000000000007b5       0x74 obj_colossus/protocol/lufa/descriptor.o
                0x00000000000007b5                ConfigurationDescriptor
 .progmem.data.DeviceDescriptor
                0x0000000000000829       0x12 obj_colossus/protocol/lufa/descriptor.o
                0x0000000000000829                DeviceDescriptor
 .progmem.data.ConsoleReport
                0x000000000000083b       0x22 obj_colossus/protocol/lufa/descriptor.o
                0x000000000000083b                ConsoleReport
 .progmem.data.ExtrakeyReport
                0x000000000000085d       0x36 obj_colossus/protocol/lufa/descriptor.o
                0x000000000000085d                ExtrakeyReport
 .progmem.data.MouseReport
                0x0000000000000893       0x4d obj_colossus/protocol/lufa/descriptor.o
                0x0000000000000893                MouseReport
 .progmem.data.KeyboardReport
                0x00000000000008e0       0x40 obj_colossus/protocol/lufa/descriptor.o
                0x00000000000008e0                KeyboardReport
 .progmem.data.__c.1908
                0x0000000000000920       0x12 obj_colossus/common/host.o
 .progmem.data.__c.1911
                0x0000000000000932        0x6 obj_colossus/common/host.o
 .progmem.data.__c.1916
                0x0000000000000938        0x2 obj_colossus/common/host.o
 .progmem.data.__c.2268
                0x000000000000093a        0xb obj_colossus/common/keyboard.o
 .progmem.data.__c.1961
                0x0000000000000945       0x23 obj_colossus/common/mousekey.o
 .progmem.data.__c.1963
                0x0000000000000968        0x5 obj_colossus/common/mousekey.o
 .progmem.data.__c.1965
                0x000000000000096d        0x2 obj_colossus/common/mousekey.o
 .progmem.data.__c.1967
                0x000000000000096f        0x3 obj_colossus/common/mousekey.o
 .progmem.data.__c.1969
                0x0000000000000972        0x2 obj_colossus/common/mousekey.o
 .progmem.data.__c.1971
                0x0000000000000974        0x3 obj_colossus/common/mousekey.o
 .progmem.data.__c.1973
                0x0000000000000977        0x2 obj_colossus/common/mousekey.o
 .progmem.data.__c.1975
                0x0000000000000979        0x3 obj_colossus/common/mousekey.o
 .progmem.data.__c.1977
                0x000000000000097c        0x2 obj_colossus/common/mousekey.o
 .progmem.data.__c.1979
                0x000000000000097e        0x3 obj_colossus/common/mousekey.o
 .progmem.data.__c.1981
                0x0000000000000981        0x3 obj_colossus/common/mousekey.o
 .progmem.data.__c.1983
                0x0000000000000984        0x3 obj_colossus/common/mousekey.o
 .progmem.data.__c.1985
                0x0000000000000987        0x2 obj_colossus/common/mousekey.o
 .progmem.data.__c.1987
                0x0000000000000989        0x3 obj_colossus/common/mousekey.o
 .progmem.data.__c.1989
                0x000000000000098c        0x3 obj_colossus/common/mousekey.o
 .progmem.data.__c.2429
                0x000000000000098f        0x4 obj_colossus/common/command.o
 .progmem.data.__c.2432
                0x0000000000000993       0x11 obj_colossus/common/command.o
 .progmem.data.__c.2435
                0x00000000000009a4        0xd obj_colossus/common/command.o
 .progmem.data.__c.2437
                0x00000000000009b1        0xc obj_colossus/common/command.o
 .progmem.data.__c.2440
                0x00000000000009bd        0xd obj_colossus/common/command.o
 .progmem.data.__c.2442
                0x00000000000009ca        0xe obj_colossus/common/command.o
 .progmem.data.__c.2445
                0x00000000000009d8        0xf obj_colossus/common/command.o
 .progmem.data.__c.2447
                0x00000000000009e7       0x10 obj_colossus/common/command.o
 .progmem.data.__c.2450
                0x00000000000009f7        0xc obj_colossus/common/command.o
 .progmem.data.__c.2452
                0x0000000000000a03        0xd obj_colossus/common/command.o
 .progmem.data.__c.2455
                0x0000000000000a10        0xf obj_colossus/common/command.o
 .progmem.data.__c.2457
                0x0000000000000a1f       0x28 obj_colossus/common/command.o
 .progmem.data.__c.2459
                0x0000000000000a47       0x42 obj_colossus/common/command.o
 .progmem.data.__c.2461
                0x0000000000000a89       0x2d obj_colossus/common/command.o
 .progmem.data.__c.2463
                0x0000000000000ab6       0x36 obj_colossus/common/command.o
 .progmem.data.__c.2465
                0x0000000000000aec       0x2c obj_colossus/common/command.o
 .progmem.data.__c.2468
                0x0000000000000b18        0xe obj_colossus/common/command.o
 .progmem.data.__c.2470
                0x0000000000000b26       0x1a obj_colossus/common/command.o
 .progmem.data.__c.2472
                0x0000000000000b40       0x17 obj_colossus/common/command.o
 .progmem.data.__c.2474
                0x0000000000000b57       0x13 obj_colossus/common/command.o
 .progmem.data.__c.2476
                0x0000000000000b6a       0x17 obj_colossus/common/command.o
 .progmem.data.__c.2485
                0x0000000000000b81        0x2 obj_colossus/common/command.o
 .progmem.data.__c.2420
                0x0000000000000b83       0x93 obj_colossus/common/command.o
 .progmem.data.__c.2490
                0x0000000000000c16       0x27 obj_colossus/common/command.o
 .progmem.data.__c.2650
                0x0000000000000c3d        0x5 obj_colossus/common/command.o
 .progmem.data.__c.2506
                0x0000000000000c42        0x4 obj_colossus/common/command.o
 .progmem.data.__c.2501
                0x0000000000000c46        0x4 obj_colossus/common/command.o
 .progmem.data.__c.2504
                0x0000000000000c4a        0x2 obj_colossus/common/command.o
 .progmem.data.__c.2599
                0x0000000000000c4c       0xfb obj_colossus/common/command.o
 .progmem.data.__c.2601
                0x0000000000000d47       0x4e obj_colossus/common/command.o
 .progmem.data.__c.2611
                0x0000000000000d95        0x4 obj_colossus/common/command.o
 .progmem.data.__c.2625
                0x0000000000000d99        0xd obj_colossus/common/command.o
 .progmem.data.__c.2628
                0x0000000000000da6        0x2 obj_colossus/common/command.o
 .progmem.data.__c.2630
                0x0000000000000da8        0x6 obj_colossus/common/command.o
 .progmem.data.__c.2632
                0x0000000000000dae        0x3 obj_colossus/common/command.o
 .progmem.data.__c.2512
                0x0000000000000db1        0xe obj_colossus/common/command.o
 .progmem.data.__c.2514
                0x0000000000000dbf       0x12 obj_colossus/common/command.o
 .progmem.data.__c.2516
                0x0000000000000dd1        0x3 obj_colossus/common/command.o
 .progmem.data.__c.2518
                0x0000000000000dd4        0x2 obj_colossus/common/command.o
 .progmem.data.__c.2520
                0x0000000000000dd6       0x12 obj_colossus/common/command.o
 .progmem.data.__c.2522
                0x0000000000000de8        0x3 obj_colossus/common/command.o
 .progmem.data.__c.2524
                0x0000000000000deb        0x2 obj_colossus/common/command.o
 .progmem.data.__c.2526
                0x0000000000000ded        0xf obj_colossus/common/command.o
 .progmem.data.__c.2528
                0x0000000000000dfc        0x3 obj_colossus/common/command.o
 .progmem.data.__c.2530
                0x0000000000000dff        0x2 obj_colossus/common/command.o
 .progmem.data.__c.2532
                0x0000000000000e01       0x11 obj_colossus/common/command.o
 .progmem.data.__c.2534
                0x0000000000000e12        0x3 obj_colossus/common/command.o
 .progmem.data.__c.2536
                0x0000000000000e15        0x2 obj_colossus/common/command.o
 .progmem.data.__c.2538
                0x0000000000000e17       0x15 obj_colossus/common/command.o
 .progmem.data.__c.2540
                0x0000000000000e2c        0x3 obj_colossus/common/command.o
 .progmem.data.__c.2542
                0x0000000000000e2f        0x2 obj_colossus/common/command.o
 .progmem.data.__c.2544
                0x0000000000000e31       0x17 obj_colossus/common/command.o
 .progmem.data.__c.2546
                0x0000000000000e48        0x3 obj_colossus/common/command.o
 .progmem.data.__c.2548
                0x0000000000000e4b        0x2 obj_colossus/common/command.o
 .progmem.data.__c.2555
                0x0000000000000e4d        0xf obj_colossus/common/command.o
 .progmem.data.__c.2559
                0x0000000000000e5c       0x12 obj_colossus/common/command.o
 .progmem.data.__c.2562
                0x0000000000000e6e       0x13 obj_colossus/common/command.o
 .progmem.data.__c.2565
                0x0000000000000e81       0x15 obj_colossus/common/command.o
 .progmem.data.__c.2568
                0x0000000000000e96       0x19 obj_colossus/common/command.o
 .progmem.data.__c.2571
                0x0000000000000eaf       0x1b obj_colossus/common/command.o
 .progmem.data.__c.2578
                0x0000000000000eca        0xf obj_colossus/common/command.o
 .progmem.data.__c.2582
                0x0000000000000ed9       0x12 obj_colossus/common/command.o
 .progmem.data.__c.2585
                0x0000000000000eeb       0x13 obj_colossus/common/command.o
 .progmem.data.__c.2588
                0x0000000000000efe       0x15 obj_colossus/common/command.o
 .progmem.data.__c.2591
                0x0000000000000f13       0x19 obj_colossus/common/command.o
 .progmem.data.__c.2594
                0x0000000000000f2c       0x1b obj_colossus/common/command.o
                0x0000000000000f48                . = ALIGN (0x2)
 *fill*         0x0000000000000f47        0x1 
                0x0000000000000f48                __trampolines_start = .
 *(.trampolines)
 .trampolines   0x0000000000000f48        0x0 linker stubs
 *(.trampolines*)
                0x0000000000000f48                __trampolines_end = .
 *(.jumptables)
 *(.jumptables*)
 *(.lowtext)
 *(.lowtext*)
                0x0000000000000f48                __ctors_start = .
 *(.ctors)
                0x0000000000000f48                __ctors_end = .
                0x0000000000000f48                __dtors_start = .
 *(.dtors)
                0x0000000000000f48                __dtors_end = .
 SORT(*)(.ctors)
 SORT(*)(.dtors)
 *(.init0)
 .init0         0x0000000000000f48        0x0 /usr/lib64/gcc/avr/4.7.1/../../../../avr/lib/avr51/crtusb1286.o
                0x0000000000000f48                __init
 *(.init0)
 *(.init1)
 *(.init1)
 *(.init2)
 .init2         0x0000000000000f48        0xc /usr/lib64/gcc/avr/4.7.1/../../../../avr/lib/avr51/crtusb1286.o
 *(.init2)
 *(.init3)
 .init3         0x0000000000000f54       0x4e obj_colossus/common/avr/bootloader.o
                0x0000000000000f54                bootloader_jump_after_watchdog_reset
 *(.init3)
 *(.init4)
 .init4         0x0000000000000fa2       0x1a /usr/lib64/gcc/avr/4.7.1/avr51/libgcc.a(_copy_data.o)
                0x0000000000000fa2                __do_copy_data
 .init4         0x0000000000000fbc       0x10 /usr/lib64/gcc/avr/4.7.1/avr51/libgcc.a(_clear_bss.o)
                0x0000000000000fbc                __do_clear_bss
 *(.init4)
 *(.init5)
 *(.init5)
 *(.init6)
 *(.init6)
 *(.init7)
 *(.init7)
 *(.init8)
 *(.init8)
 *(.init9)
 .init9         0x0000000000000fcc        0x8 /usr/lib64/gcc/avr/4.7.1/../../../../avr/lib/avr51/crtusb1286.o
 *(.init9)
 *(.text)
 .text          0x0000000000000fd4        0x4 /usr/lib64/gcc/avr/4.7.1/../../../../avr/lib/avr51/crtusb1286.o
                0x0000000000000fd4                __vector_22
                0x0000000000000fd4                __vector_28
                0x0000000000000fd4                __vector_1
                0x0000000000000fd4                __vector_32
                0x0000000000000fd4                __vector_34
                0x0000000000000fd4                __vector_24
                0x0000000000000fd4                __bad_interrupt
                0x0000000000000fd4                __vector_6
                0x0000000000000fd4                __vector_31
                0x0000000000000fd4                __vector_35
                0x0000000000000fd4                __vector_3
                0x0000000000000fd4                __vector_23
                0x0000000000000fd4                __vector_30
                0x0000000000000fd4                __vector_13
                0x0000000000000fd4                __vector_17
                0x0000000000000fd4                __vector_19
                0x0000000000000fd4                __vector_7
                0x0000000000000fd4                __vector_27
                0x0000000000000fd4                __vector_5
                0x0000000000000fd4                __vector_33
                0x0000000000000fd4                __vector_37
                0x0000000000000fd4                __vector_4
                0x0000000000000fd4                __vector_9
                0x0000000000000fd4                __vector_2
                0x0000000000000fd4                __vector_15
                0x0000000000000fd4                __vector_36
                0x0000000000000fd4                __vector_29
                0x0000000000000fd4                __vector_8
                0x0000000000000fd4                __vector_26
                0x0000000000000fd4                __vector_14
                0x0000000000000fd4                __vector_16
                0x0000000000000fd4                __vector_18
                0x0000000000000fd4                __vector_20
 .text          0x0000000000000fd8      0x15c obj_colossus/common/avr/xprintf.o
                0x0000000000000fd8                xputc
                0x0000000000000ff0                xputs
                0x0000000000000ffe                xitoa
                0x0000000000001122                __xprintf
                0x0000000000001134                . = ALIGN (0x2)
 *(.text.*)
 .text.action_function
                0x0000000000001134      0x15a obj_colossus/keymap.o
                0x0000000000001134                action_function
 .text.keymap_key_to_keycode
                0x000000000000128e       0x24 obj_colossus/keymap_common.o
                0x000000000000128e                keymap_key_to_keycode
 .text.keymap_fn_to_action
                0x00000000000012b2       0x14 obj_colossus/keymap_common.o
                0x00000000000012b2                keymap_fn_to_action
 .text.unselect_rows
                0x00000000000012c6       0x1a obj_colossus/matrix.o
 .text.matrix_init
                0x00000000000012e0       0x52 obj_colossus/matrix.o
                0x00000000000012e0                matrix_init
 .text.matrix_scan
                0x0000000000001332      0x264 obj_colossus/matrix.o
                0x0000000000001332                matrix_scan
 .text.matrix_get_row
                0x0000000000001596       0x12 obj_colossus/matrix.o
                0x0000000000001596                matrix_get_row
 .text.matrix_print
                0x00000000000015a8       0x98 obj_colossus/matrix.o
                0x00000000000015a8                matrix_print
 .text.led_set  0x0000000000001640        0xe obj_colossus/led.o
                0x0000000000001640                led_set
 .text.serial_init
                0x000000000000164e       0x32 obj_colossus/serial_uart.o
                0x000000000000164e                serial_init
 .text.serial_recv2
                0x0000000000001680       0x4a obj_colossus/serial_uart.o
                0x0000000000001680                serial_recv2
 .text.serial_send
                0x00000000000016ca        0xe obj_colossus/serial_uart.o
                0x00000000000016ca                serial_send
 .text.__vector_25
                0x00000000000016d8       0x7e obj_colossus/serial_uart.o
                0x00000000000016d8                __vector_25
 .text.keyboard_leds
                0x0000000000001756        0x6 obj_colossus/rn42/rn42.o
 .text.send_system
                0x000000000000175c        0x2 obj_colossus/rn42/rn42.o
 .text.config_keyboard_leds
                0x000000000000175e        0x6 obj_colossus/rn42/rn42.o
 .text.config_send_keyboard
                0x0000000000001764        0x2 obj_colossus/rn42/rn42.o
 .text.config_send_mouse
                0x0000000000001766        0x2 obj_colossus/rn42/rn42.o
 .text.config_send_system
                0x0000000000001768        0x2 obj_colossus/rn42/rn42.o
 .text.config_send_consumer
                0x000000000000176a        0x2 obj_colossus/rn42/rn42.o
 .text.send_consumer
                0x000000000000176c       0x44 obj_colossus/rn42/rn42.o
 .text.send_mouse
                0x00000000000017b0       0x3c obj_colossus/rn42/rn42.o
 .text.send_keyboard
                0x00000000000017ec       0x5a obj_colossus/rn42/rn42.o
 .text.rn42_getc
                0x0000000000001846        0x4 obj_colossus/rn42/rn42.o
                0x0000000000001846                rn42_getc
 .text.rn42_gets
                0x000000000000184a       0x62 obj_colossus/rn42/rn42.o
                0x000000000000184a                rn42_gets
 .text.rn42_putc
                0x00000000000018ac        0x4 obj_colossus/rn42/rn42.o
                0x00000000000018ac                rn42_putc
 .text.rn42_autoconnecting
                0x00000000000018b0        0xa obj_colossus/rn42/rn42.o
                0x00000000000018b0                rn42_autoconnecting
 .text.rn42_autoconnect
                0x00000000000018ba        0x6 obj_colossus/rn42/rn42.o
                0x00000000000018ba                rn42_autoconnect
 .text.rn42_init
                0x00000000000018c0       0x14 obj_colossus/rn42/rn42.o
                0x00000000000018c0                rn42_init
 .text.rn42_disconnect
                0x00000000000018d4        0x6 obj_colossus/rn42/rn42.o
                0x00000000000018d4                rn42_disconnect
 .text.rn42_rts
                0x00000000000018da        0x6 obj_colossus/rn42/rn42.o
                0x00000000000018da                rn42_rts
 .text.rn42_linked
                0x00000000000018e0        0xa obj_colossus/rn42/rn42.o
                0x00000000000018e0                rn42_linked
 .text.rn42_set_leds
                0x00000000000018ea        0x6 obj_colossus/rn42/rn42.o
                0x00000000000018ea                rn42_set_leds
 .text.status_led
                0x00000000000018f0        0xe obj_colossus/rn42/rn42_task.o
 .text.send_str
                0x00000000000018fe       0x20 obj_colossus/rn42/rn42_task.o
 .text.print_rn42
                0x000000000000191e       0x34 obj_colossus/rn42/rn42_task.o
 .text.send_command
                0x0000000000001952       0x4c obj_colossus/rn42/rn42_task.o
 .text.get_link
                0x000000000000199e       0x4e obj_colossus/rn42/rn42_task.o
 .text.enter_command_mode
                0x00000000000019ec       0x6e obj_colossus/rn42/rn42_task.o
 .text.exit_command_mode
                0x0000000000001a5a       0x24 obj_colossus/rn42/rn42_task.o
 .text.store_link
                0x0000000000001a7e       0xf2 obj_colossus/rn42/rn42_task.o
 .text.restore_link
                0x0000000000001b70       0xa4 obj_colossus/rn42/rn42_task.o
 .text.rn42_task_init
                0x0000000000001c14        0x4 obj_colossus/rn42/rn42_task.o
                0x0000000000001c14                rn42_task_init
 .text.rn42_task
                0x0000000000001c18      0x1d8 obj_colossus/rn42/rn42_task.o
                0x0000000000001c18                rn42_task
 .text.command_extra
                0x0000000000001df0      0x54c obj_colossus/rn42/rn42_task.o
                0x0000000000001df0                command_extra
 .text.command_console_extra
                0x000000000000233c      0x2e6 obj_colossus/rn42/rn42_task.o
                0x000000000000233c                command_console_extra
 .text.battery_led
                0x0000000000002622       0x22 obj_colossus/rn42/battery.o
                0x0000000000002622                battery_led
 .text.battery_init
                0x0000000000002644       0x78 obj_colossus/rn42/battery.o
                0x0000000000002644                battery_init
 .text.battery_charging
                0x00000000000026bc       0x40 obj_colossus/rn42/battery.o
                0x00000000000026bc                battery_charging
 .text.battery_voltage
                0x00000000000026fc       0x70 obj_colossus/rn42/battery.o
                0x00000000000026fc                battery_voltage
 .text.battery_status
                0x000000000000276c       0x38 obj_colossus/rn42/battery.o
                0x000000000000276c                battery_status
 .text.sendchar_func
                0x00000000000027a4        0x8 obj_colossus/rn42/main.o
 .text.startup.main
                0x00000000000027ac      0x108 obj_colossus/rn42/main.o
                0x00000000000027ac                main
 .text.keyboard_leds
                0x00000000000028b4        0x6 obj_colossus/protocol/lufa/lufa.o
 .text.sendchar
                0x00000000000028ba       0xc8 obj_colossus/protocol/lufa/lufa.o
                0x00000000000028ba                sendchar
 .text.send_consumer
                0x0000000000002982       0x68 obj_colossus/protocol/lufa/lufa.o
 .text.send_system
                0x00000000000029ea       0x6a obj_colossus/protocol/lufa/lufa.o
 .text.send_mouse
                0x0000000000002a54       0x48 obj_colossus/protocol/lufa/lufa.o
 .text.send_keyboard
                0x0000000000002a9c       0x64 obj_colossus/protocol/lufa/lufa.o
 .text.EVENT_USB_Device_Connect
                0x0000000000002b00       0x24 obj_colossus/protocol/lufa/lufa.o
                0x0000000000002b00                EVENT_USB_Device_Connect
 .text.EVENT_USB_Device_Disconnect
                0x0000000000002b24        0xe obj_colossus/protocol/lufa/lufa.o
                0x0000000000002b24                EVENT_USB_Device_Disconnect
 .text.EVENT_USB_Device_Reset
                0x0000000000002b32        0x8 obj_colossus/protocol/lufa/lufa.o
                0x0000000000002b32                EVENT_USB_Device_Reset
 .text.EVENT_USB_Device_StartOfFrame
                0x0000000000002b3a       0x80 obj_colossus/protocol/lufa/lufa.o
                0x0000000000002b3a                EVENT_USB_Device_StartOfFrame
 .text.EVENT_USB_Device_ConfigurationChanged
                0x0000000000002bba       0x28 obj_colossus/protocol/lufa/lufa.o
                0x0000000000002bba                EVENT_USB_Device_ConfigurationChanged
 .text.EVENT_USB_Device_ControlRequest
                0x0000000000002be2      0x162 obj_colossus/protocol/lufa/lufa.o
                0x0000000000002be2                EVENT_USB_Device_ControlRequest
 .text.hook_usb_suspend_entry
                0x0000000000002d44        0x2 obj_colossus/protocol/lufa/lufa.o
                0x0000000000002d44                hook_usb_suspend_entry
 .text.EVENT_USB_Device_Suspend
                0x0000000000002d46        0xc obj_colossus/protocol/lufa/lufa.o
                0x0000000000002d46                EVENT_USB_Device_Suspend
 .text.hook_usb_wakeup
                0x0000000000002d52        0x4 obj_colossus/protocol/lufa/lufa.o
                0x0000000000002d52                hook_usb_wakeup
 .text.EVENT_USB_Device_WakeUp
                0x0000000000002d56        0xc obj_colossus/protocol/lufa/lufa.o
                0x0000000000002d56                EVENT_USB_Device_WakeUp
 .text.CALLBACK_USB_GetDescriptor
                0x0000000000002d62       0xca obj_colossus/protocol/lufa/descriptor.o
                0x0000000000002d62                CALLBACK_USB_GetDescriptor
 .text.USB_Device_SendRemoteWakeup
                0x0000000000002e2c       0x2c obj_colossus/protocol/lufa/LUFA-git/LUFA/Drivers/USB/Core/AVR8/Device_AVR8.o
                0x0000000000002e2c                USB_Device_SendRemoteWakeup
 .text.Endpoint_Write_Stream_LE
                0x0000000000002e58       0xa6 obj_colossus/protocol/lufa/LUFA-git/LUFA/Drivers/USB/Core/AVR8/EndpointStream_AVR8.o
                0x0000000000002e58                Endpoint_Write_Stream_LE
 .text.Endpoint_Write_Control_Stream_LE
                0x0000000000002efe       0xb8 obj_colossus/protocol/lufa/LUFA-git/LUFA/Drivers/USB/Core/AVR8/EndpointStream_AVR8.o
                0x0000000000002efe                Endpoint_Write_Control_Stream_LE
 .text.Endpoint_Write_Control_PStream_LE
                0x0000000000002fb6       0xbe obj_colossus/protocol/lufa/LUFA-git/LUFA/Drivers/USB/Core/AVR8/EndpointStream_AVR8.o
                0x0000000000002fb6                Endpoint_Write_Control_PStream_LE
 .text.Endpoint_ConfigureEndpoint_Prv
                0x0000000000003074       0x6e obj_colossus/protocol/lufa/LUFA-git/LUFA/Drivers/USB/Core/AVR8/Endpoint_AVR8.o
                0x0000000000003074                Endpoint_ConfigureEndpoint_Prv
 .text.Endpoint_ClearStatusStage
                0x00000000000030e2       0x42 obj_colossus/protocol/lufa/LUFA-git/LUFA/Drivers/USB/Core/AVR8/Endpoint_AVR8.o
                0x00000000000030e2                Endpoint_ClearStatusStage
 .text.Endpoint_WaitUntilReady
                0x0000000000003124       0x64 obj_colossus/protocol/lufa/LUFA-git/LUFA/Drivers/USB/Core/AVR8/Endpoint_AVR8.o
                0x0000000000003124                Endpoint_WaitUntilReady
 .text.USB_Disable
                0x0000000000003188       0x34 obj_colossus/protocol/lufa/LUFA-git/LUFA/Drivers/USB/Core/AVR8/USBController_AVR8.o
                0x0000000000003188                USB_Disable
 .text.USB_ResetInterface
                0x00000000000031bc       0x9a obj_colossus/protocol/lufa/LUFA-git/LUFA/Drivers/USB/Core/AVR8/USBController_AVR8.o
                0x00000000000031bc                USB_ResetInterface
 .text.USB_Init
                0x0000000000003256       0x1e obj_colossus/protocol/lufa/LUFA-git/LUFA/Drivers/USB/Core/AVR8/USBController_AVR8.o
                0x0000000000003256                USB_Init
 .text.USB_INT_DisableAllInterrupts
                0x0000000000003274       0x10 obj_colossus/protocol/lufa/LUFA-git/LUFA/Drivers/USB/Core/AVR8/USBInterrupt_AVR8.o
                0x0000000000003274                USB_INT_DisableAllInterrupts
 .text.USB_INT_ClearAllInterrupts
                0x0000000000003284        0xa obj_colossus/protocol/lufa/LUFA-git/LUFA/Drivers/USB/Core/AVR8/USBInterrupt_AVR8.o
                0x0000000000003284                USB_INT_ClearAllInterrupts
 .text.__vector_10
                0x000000000000328e      0x1ac obj_colossus/protocol/lufa/LUFA-git/LUFA/Drivers/USB/Core/AVR8/USBInterrupt_AVR8.o
                0x000000000000328e                __vector_10
 .text.__vector_11
                0x000000000000343a       0x90 obj_colossus/protocol/lufa/LUFA-git/LUFA/Drivers/USB/Core/AVR8/USBInterrupt_AVR8.o
                0x000000000000343a                __vector_11
 .text.USB_Device_ProcessControlRequest
                0x00000000000034ca      0x2d2 obj_colossus/protocol/lufa/LUFA-git/LUFA/Drivers/USB/Core/DeviceStandardReq.o
                0x00000000000034ca                USB_Device_ProcessControlRequest
 .text.host_set_driver
                0x000000000000379c        0xa obj_colossus/common/host.o
                0x000000000000379c                host_set_driver
 .text.host_get_driver
                0x00000000000037a6        0xa obj_colossus/common/host.o
                0x00000000000037a6                host_get_driver
 .text.host_keyboard_leds
                0x00000000000037b0       0x18 obj_colossus/common/host.o
                0x00000000000037b0                host_keyboard_leds
 .text.host_keyboard_send
                0x00000000000037c8       0x96 obj_colossus/common/host.o
                0x00000000000037c8                host_keyboard_send
 .text.host_mouse_send
                0x000000000000385e       0x16 obj_colossus/common/host.o
                0x000000000000385e                host_mouse_send
 .text.host_system_send
                0x0000000000003874       0x2c obj_colossus/common/host.o
                0x0000000000003874                host_system_send
 .text.host_consumer_send
                0x00000000000038a0       0x2c obj_colossus/common/host.o
                0x00000000000038a0                host_consumer_send
 .text.keyboard_init
                0x00000000000038cc        0x8 obj_colossus/common/keyboard.o
                0x00000000000038cc                keyboard_init
 .text.keyboard_task
                0x00000000000038d4      0x222 obj_colossus/common/keyboard.o
                0x00000000000038d4                keyboard_task
 .text.keyboard_set_leds
                0x0000000000003af6        0x4 obj_colossus/common/keyboard.o
                0x0000000000003af6                keyboard_set_leds
 .text.action_exec
                0x0000000000003afa       0x8e obj_colossus/common/action.o
                0x0000000000003afa                action_exec
 .text.register_code
                0x0000000000003b88      0x154 obj_colossus/common/action.o
                0x0000000000003b88                register_code
 .text.unregister_code
                0x0000000000003cdc       0x52 obj_colossus/common/action.o
                0x0000000000003cdc                unregister_code
 .text.register_mods
                0x0000000000003d2e        0xe obj_colossus/common/action.o
                0x0000000000003d2e                register_mods
 .text.unregister_mods
                0x0000000000003d3c        0xe obj_colossus/common/action.o
                0x0000000000003d3c                unregister_mods
 .text.process_action
                0x0000000000003d4a      0x666 obj_colossus/common/action.o
                0x0000000000003d4a                process_action
 .text.clear_keyboard_but_mods
                0x00000000000043b0       0x24 obj_colossus/common/action.o
                0x00000000000043b0                clear_keyboard_but_mods
 .text.clear_keyboard
                0x00000000000043d4        0x8 obj_colossus/common/action.o
                0x00000000000043d4                clear_keyboard
 .text.is_tap_key
                0x00000000000043dc       0x4a obj_colossus/common/action.o
                0x00000000000043dc                is_tap_key
 .text.debug_event
                0x0000000000004426       0x1e obj_colossus/common/action.o
                0x0000000000004426                debug_event
 .text.debug_record
                0x0000000000004444       0x20 obj_colossus/common/action.o
                0x0000000000004444                debug_record
 .text.debug_waiting_buffer
                0x0000000000004464       0x48 obj_colossus/common/action_tapping.o
 .text.debug_tapping_key
                0x00000000000044ac       0x1c obj_colossus/common/action_tapping.o
 .text.waiting_buffer_scan_tap
                0x00000000000044c8       0xf0 obj_colossus/common/action_tapping.o
 .text.process_tapping
                0x00000000000045b8      0x3a0 obj_colossus/common/action_tapping.o
 .text.action_tapping_process
                0x0000000000004958      0x16c obj_colossus/common/action_tapping.o
                0x0000000000004958                action_tapping_process
 .text.action_macro_play
                0x0000000000004ac4      0x13e obj_colossus/common/action_macro.o
                0x0000000000004ac4                action_macro_play
 .text.layer_state_set
                0x0000000000004c02       0x18 obj_colossus/common/action_layer.o
 .text.default_layer_state_set
                0x0000000000004c1a       0x18 obj_colossus/common/action_layer.o
 .text.default_layer_debug
                0x0000000000004c32        0x2 obj_colossus/common/action_layer.o
                0x0000000000004c32                default_layer_debug
 .text.default_layer_set
                0x0000000000004c34        0x4 obj_colossus/common/action_layer.o
                0x0000000000004c34                default_layer_set
 .text.default_layer_or
                0x0000000000004c38       0x24 obj_colossus/common/action_layer.o
                0x0000000000004c38                default_layer_or
 .text.default_layer_and
                0x0000000000004c5c       0x24 obj_colossus/common/action_layer.o
                0x0000000000004c5c                default_layer_and
 .text.default_layer_xor
                0x0000000000004c80       0x24 obj_colossus/common/action_layer.o
                0x0000000000004c80                default_layer_xor
 .text.layer_clear
                0x0000000000004ca4        0xa obj_colossus/common/action_layer.o
                0x0000000000004ca4                layer_clear
 .text.layer_move
                0x0000000000004cae       0x1e obj_colossus/common/action_layer.o
                0x0000000000004cae                layer_move
 .text.layer_on
                0x0000000000004ccc       0x36 obj_colossus/common/action_layer.o
                0x0000000000004ccc                layer_on
 .text.layer_off
                0x0000000000004d02       0x3e obj_colossus/common/action_layer.o
                0x0000000000004d02                layer_off
 .text.layer_invert
                0x0000000000004d40       0x36 obj_colossus/common/action_layer.o
                0x0000000000004d40                layer_invert
 .text.layer_or
                0x0000000000004d76       0x24 obj_colossus/common/action_layer.o
                0x0000000000004d76                layer_or
 .text.layer_and
                0x0000000000004d9a       0x24 obj_colossus/common/action_layer.o
                0x0000000000004d9a                layer_and
 .text.layer_xor
                0x0000000000004dbe       0x24 obj_colossus/common/action_layer.o
                0x0000000000004dbe                layer_xor
 .text.layer_debug
                0x0000000000004de2        0x2 obj_colossus/common/action_layer.o
                0x0000000000004de2                layer_debug
 .text.layer_switch_get_action
                0x0000000000004de4       0x8a obj_colossus/common/action_layer.o
                0x0000000000004de4                layer_switch_get_action
 .text.add_key  0x0000000000004e6e       0x44 obj_colossus/common/action_util.o
                0x0000000000004e6e                add_key
 .text.del_key  0x0000000000004eb2       0x26 obj_colossus/common/action_util.o
                0x0000000000004eb2                del_key
 .text.clear_keys
                0x0000000000004ed8       0x1c obj_colossus/common/action_util.o
                0x0000000000004ed8                clear_keys
 .text.get_mods
                0x0000000000004ef4        0x6 obj_colossus/common/action_util.o
                0x0000000000004ef4                get_mods
 .text.add_mods
                0x0000000000004efa        0xc obj_colossus/common/action_util.o
                0x0000000000004efa                add_mods
 .text.del_mods
                0x0000000000004f06        0xe obj_colossus/common/action_util.o
                0x0000000000004f06                del_mods
 .text.set_mods
                0x0000000000004f14        0x6 obj_colossus/common/action_util.o
                0x0000000000004f14                set_mods
 .text.clear_mods
                0x0000000000004f1a        0x6 obj_colossus/common/action_util.o
                0x0000000000004f1a                clear_mods
 .text.add_weak_mods
                0x0000000000004f20        0xc obj_colossus/common/action_util.o
                0x0000000000004f20                add_weak_mods
 .text.del_weak_mods
                0x0000000000004f2c        0xe obj_colossus/common/action_util.o
                0x0000000000004f2c                del_weak_mods
 .text.clear_weak_mods
                0x0000000000004f3a        0x6 obj_colossus/common/action_util.o
                0x0000000000004f3a                clear_weak_mods
 .text.set_oneshot_mods
                0x0000000000004f40        0x6 obj_colossus/common/action_util.o
                0x0000000000004f40                set_oneshot_mods
 .text.clear_oneshot_mods
                0x0000000000004f46        0x6 obj_colossus/common/action_util.o
                0x0000000000004f46                clear_oneshot_mods
 .text.has_anykey
                0x0000000000004f4c       0x26 obj_colossus/common/action_util.o
                0x0000000000004f4c                has_anykey
 .text.send_keyboard_report
                0x0000000000004f72       0x4c obj_colossus/common/action_util.o
                0x0000000000004f72                send_keyboard_report
 .text.print_set_sendchar
                0x0000000000004fbe        0xa obj_colossus/common/print.o
                0x0000000000004fbe                print_set_sendchar
 .text.bitrev   0x0000000000004fc8       0x24 obj_colossus/common/util.o
                0x0000000000004fc8                bitrev
 .text.bitrev16
                0x0000000000004fec       0x2e obj_colossus/common/util.o
                0x0000000000004fec                bitrev16
 .text.hook_keyboard_loop
                0x000000000000501a        0x2 obj_colossus/common/hook.o
                0x000000000000501a                hook_keyboard_loop
 .text.hook_matrix_change
                0x000000000000501c       0x1e obj_colossus/common/hook.o
                0x000000000000501c                hook_matrix_change
 .text.hook_default_layer_change
                0x000000000000503a        0x2 obj_colossus/common/hook.o
                0x000000000000503a                hook_default_layer_change
 .text.hook_layer_change
                0x000000000000503c        0x2 obj_colossus/common/hook.o
                0x000000000000503c                hook_layer_change
 .text.hook_keyboard_leds_change
                0x000000000000503e        0x4 obj_colossus/common/hook.o
                0x000000000000503e                hook_keyboard_leds_change
 .text.suspend_power_down
                0x0000000000005042       0x4c obj_colossus/common/avr/suspend.o
                0x0000000000005042                suspend_power_down
 .text.matrix_power_up
                0x000000000000508e        0x2 obj_colossus/common/avr/suspend.o
                0x000000000000508e                matrix_power_up
 .text.matrix_power_down
                0x0000000000005090        0x2 obj_colossus/common/avr/suspend.o
                0x0000000000005090                matrix_power_down
 .text.suspend_wakeup_condition
                0x0000000000005092       0x2a obj_colossus/common/avr/suspend.o
                0x0000000000005092                suspend_wakeup_condition
 .text.suspend_wakeup_init
                0x00000000000050bc        0x4 obj_colossus/common/avr/suspend.o
                0x00000000000050bc                suspend_wakeup_init
 .text.__vector_12
                0x00000000000050c0       0x52 obj_colossus/common/avr/suspend.o
                0x00000000000050c0                __vector_12
 .text.timer_init
                0x0000000000005112       0x12 obj_colossus/common/avr/timer.o
                0x0000000000005112                timer_init
 .text.timer_read
                0x0000000000005124       0x1a obj_colossus/common/avr/timer.o
                0x0000000000005124                timer_read
 .text.timer_read32
                0x000000000000513e       0x24 obj_colossus/common/avr/timer.o
                0x000000000000513e                timer_read32
 .text.timer_elapsed
                0x0000000000005162       0x5c obj_colossus/common/avr/timer.o
                0x0000000000005162                timer_elapsed
 .text.__vector_21
                0x00000000000051be       0x4a obj_colossus/common/avr/timer.o
                0x00000000000051be                __vector_21
 .text.bootloader_jump
                0x0000000000005208       0x46 obj_colossus/common/avr/bootloader.o
                0x0000000000005208                bootloader_jump
 .text.action_for_key
                0x000000000000524e      0x198 obj_colossus/common/keymap.o
                0x000000000000524e                action_for_key
 .text.action_get_macro
                0x00000000000053e6        0x6 obj_colossus/common/keymap.o
                0x00000000000053e6                action_get_macro
 .text.move_unit
                0x00000000000053ec       0x90 obj_colossus/common/mousekey.o
 .text.wheel_unit
                0x000000000000547c       0x72 obj_colossus/common/mousekey.o
 .text.mousekey_on
                0x00000000000054ee       0xd0 obj_colossus/common/mousekey.o
                0x00000000000054ee                mousekey_on
 .text.mousekey_off
                0x00000000000055be      0x10e obj_colossus/common/mousekey.o
                0x00000000000055be                mousekey_off
 .text.mousekey_send
                0x00000000000056cc      0x11a obj_colossus/common/mousekey.o
                0x00000000000056cc                mousekey_send
 .text.mousekey_task
                0x00000000000057e6      0x142 obj_colossus/common/mousekey.o
                0x00000000000057e6                mousekey_task
 .text.mousekey_clear
                0x0000000000005928       0x18 obj_colossus/common/mousekey.o
                0x0000000000005928                mousekey_clear
 .text.command_console_help
                0x0000000000005940        0x8 obj_colossus/common/command.o
 .text.mousekey_console_help
                0x0000000000005948       0x2e obj_colossus/common/command.o
 .text.mousekey_param_inc
                0x0000000000005976      0x148 obj_colossus/common/command.o
 .text.mousekey_param_dec
                0x0000000000005abe       0xfe obj_colossus/common/command.o
 .text.switch_default_layer
                0x0000000000005bbc       0x3c obj_colossus/common/command.o
 .text.command_common
                0x0000000000005bf8      0x21c obj_colossus/common/command.o
 .text.command_proc
                0x0000000000005e14      0x2aa obj_colossus/common/command.o
                0x0000000000005e14                command_proc
 .text.avr-libc.fplib
                0x00000000000060be        0xa /usr/lib64/gcc/avr/4.7.1/../../../../avr/lib/avr51/libm.a(fixsfsi.o)
                0x00000000000060be                __fixsfsi
 .text.avr-libc.fplib
                0x00000000000060c8       0x58 /usr/lib64/gcc/avr/4.7.1/../../../../avr/lib/avr51/libm.a(fixunssfsi.o)
                0x00000000000060c8                __fixunssfsi
 .text.avr-libc.fplib
                0x0000000000006120       0x7a /usr/lib64/gcc/avr/4.7.1/../../../../avr/lib/avr51/libm.a(floatsisf.o)
                0x0000000000006120                __floatunsisf
                0x0000000000006124                __floatsisf
 .text.avr-libc.fplib
                0x000000000000619a       0x44 /usr/lib64/gcc/avr/4.7.1/../../../../avr/lib/avr51/libm.a(fp_split3.o)
                0x000000000000619a                __fp_split3
                0x00000000000061aa                __fp_splitA
 .text.avr-libc.fplib
                0x00000000000061de        0xe /usr/lib64/gcc/avr/4.7.1/../../../../avr/lib/avr51/libm.a(fp_zero.o)
                0x00000000000061de                __fp_zero
                0x00000000000061e0                __fp_szero
 .text.avr-libc.fplib
                0x00000000000061ec        0x4 /usr/lib64/gcc/avr/4.7.1/../../../../avr/lib/avr51/libm.a(mulsf3.o)
                0x00000000000061ec                __mulsf3
 .text.avr-libc.fplib
                0x00000000000061f0       0xc2 /usr/lib64/gcc/avr/4.7.1/../../../../avr/lib/avr51/libm.a(mulsf3x.o)
                0x0000000000006204                __mulsf3x
                0x0000000000006208                __mulsf3_pse
 .text.avr-libc.fplib
                0x00000000000062b2        0xc /usr/lib64/gcc/avr/4.7.1/../../../../avr/lib/avr51/libm.a(fp_inf.o)
                0x00000000000062b2                __fp_inf
 .text.avr-libc.fplib
                0x00000000000062be        0x6 /usr/lib64/gcc/avr/4.7.1/../../../../avr/lib/avr51/libm.a(fp_nan.o)
                0x00000000000062be                __fp_nan
 .text.avr-libc.fplib
                0x00000000000062c4        0xe /usr/lib64/gcc/avr/4.7.1/../../../../avr/lib/avr51/libm.a(fp_pscA.o)
                0x00000000000062c4                __fp_pscA
 .text.avr-libc.fplib
                0x00000000000062d2        0xe /usr/lib64/gcc/avr/4.7.1/../../../../avr/lib/avr51/libm.a(fp_pscB.o)
                0x00000000000062d2                __fp_pscB
 .text.avr-libc.fplib
                0x00000000000062e0       0x22 /usr/lib64/gcc/avr/4.7.1/../../../../avr/lib/avr51/libm.a(fp_round.o)
                0x00000000000062e0                __fp_round
 .text.libgcc.div
                0x0000000000006302       0x18 /usr/lib64/gcc/avr/4.7.1/avr51/libgcc.a(_udivmodqi4.o)
                0x0000000000006302                __udivmodqi4
 .text.libgcc.div
                0x000000000000631a       0x28 /usr/lib64/gcc/avr/4.7.1/avr51/libgcc.a(_udivmodhi4.o)
                0x000000000000631a                __udivmodhi4
 .text.libgcc.div
                0x0000000000006342       0x28 /usr/lib64/gcc/avr/4.7.1/avr51/libgcc.a(_divmodhi4.o)
                0x0000000000006342                __divmodhi4
                0x0000000000006342                _div
 .text.libgcc.div
                0x000000000000636a       0x44 /usr/lib64/gcc/avr/4.7.1/avr51/libgcc.a(_udivmodsi4.o)
                0x000000000000636a                __udivmodsi4
 .text.libgcc   0x00000000000063ae        0xc /usr/lib64/gcc/avr/4.7.1/avr51/libgcc.a(_tablejump.o)
                0x00000000000063ae                __tablejump2__
                0x00000000000063b2                __tablejump__
 .text.avr-libc
                0x00000000000063ba       0x12 /usr/lib64/gcc/avr/4.7.1/../../../../avr/lib/avr51/libc.a(strcmp.o)
                0x00000000000063ba                strcmp
 .text.avr-libc
                0x00000000000063cc       0x10 /usr/lib64/gcc/avr/4.7.1/../../../../avr/lib/avr51/libc.a(eerd_byte_at90usb1286.o)
                0x00000000000063cc                __eerd_byte_usb1286
 .text.avr-libc
                0x00000000000063dc       0x1c /usr/lib64/gcc/avr/4.7.1/../../../../avr/lib/avr51/libc.a(eewr_byte_at90usb1286.o)
                0x00000000000063dc                __eewr_byte_usb1286
                0x00000000000063de                __eewr_r18_usb1286
                0x00000000000063f8                . = ALIGN (0x2)
 *(.fini9)
 .fini9         0x00000000000063f8        0x0 /usr/lib64/gcc/avr/4.7.1/avr51/libgcc.a(_exit.o)
                0x00000000000063f8                exit
                0x00000000000063f8                _exit
 *(.fini9)
 *(.fini8)
 *(.fini8)
 *(.fini7)
 *(.fini7)
 *(.fini6)
 *(.fini6)
 *(.fini5)
 *(.fini5)
 *(.fini4)
 *(.fini4)
 *(.fini3)
 *(.fini3)
 *(.fini2)
 *(.fini2)
 *(.fini1)
 *(.fini1)
 *(.fini0)
 .fini0         0x00000000000063f8        0x4 /usr/lib64/gcc/avr/4.7.1/avr51/libgcc.a(_exit.o)
 *(.fini0)
                0x00000000000063fc                _etext = .

.data           0x0000000000800100      0x10e load address 0x00000000000063fc
                0x0000000000800100                PROVIDE (__data_start, .)
 *(.data)
 .data          0x0000000000800100        0x0 /usr/lib64/gcc/avr/4.7.1/../../../../avr/lib/avr51/crtusb1286.o
 .data          0x0000000000800100        0x0 obj_colossus/keymap.o
 .data          0x0000000000800100        0x0 obj_colossus/keymap_common.o
 .data          0x0000000000800100        0x0 obj_colossus/matrix.o
 .data          0x0000000000800100        0x0 obj_colossus/led.o
 .data          0x0000000000800100        0x0 obj_colossus/serial_uart.o
 .data          0x0000000000800100        0x0 obj_colossus/rn42/rn42.o
 .data          0x0000000000800100        0x0 obj_colossus/rn42/rn42_task.o
 .data          0x0000000000800100        0x0 obj_colossus/rn42/battery.o
 .data          0x0000000000800100        0x0 obj_colossus/rn42/main.o
 .data          0x0000000000800100        0x0 obj_colossus/protocol/lufa/lufa.o
 .data          0x0000000000800100        0x0 obj_colossus/protocol/lufa/descriptor.o
 .data          0x0000000000800100        0x0 obj_colossus/protocol/lufa/LUFA-git/LUFA/Drivers/USB/Class/Common/HIDParser.o
 .data          0x0000000000800100        0x0 obj_colossus/protocol/lufa/LUFA-git/LUFA/Drivers/USB/Core/AVR8/Device_AVR8.o
 .data          0x0000000000800100        0x0 obj_colossus/protocol/lufa/LUFA-git/LUFA/Drivers/USB/Core/AVR8/EndpointStream_AVR8.o
 .data          0x0000000000800100        0x0 obj_colossus/protocol/lufa/LUFA-git/LUFA/Drivers/USB/Core/AVR8/Endpoint_AVR8.o
 .data          0x0000000000800100        0x0 obj_colossus/protocol/lufa/LUFA-git/LUFA/Drivers/USB/Core/AVR8/Host_AVR8.o
 .data          0x0000000000800100        0x0 obj_colossus/protocol/lufa/LUFA-git/LUFA/Drivers/USB/Core/AVR8/PipeStream_AVR8.o
 .data          0x0000000000800100        0x0 obj_colossus/protocol/lufa/LUFA-git/LUFA/Drivers/USB/Core/AVR8/Pipe_AVR8.o
 .data          0x0000000000800100        0x0 obj_colossus/protocol/lufa/LUFA-git/LUFA/Drivers/USB/Core/AVR8/USBController_AVR8.o
 .data          0x0000000000800100        0x0 obj_colossus/protocol/lufa/LUFA-git/LUFA/Drivers/USB/Core/AVR8/USBInterrupt_AVR8.o
 .data          0x0000000000800100        0x0 obj_colossus/protocol/lufa/LUFA-git/LUFA/Drivers/USB/Core/ConfigDescriptors.o
 .data          0x0000000000800100        0x0 obj_colossus/protocol/lufa/LUFA-git/LUFA/Drivers/USB/Core/DeviceStandardReq.o
 .data          0x0000000000800100        0x0 obj_colossus/protocol/lufa/LUFA-git/LUFA/Drivers/USB/Core/Events.o
 .data          0x0000000000800100        0x0 obj_colossus/protocol/lufa/LUFA-git/LUFA/Drivers/USB/Core/HostStandardReq.o
 .data          0x0000000000800100        0x0 obj_colossus/protocol/lufa/LUFA-git/LUFA/Drivers/USB/Core/USBTask.o
 .data          0x0000000000800100        0x0 obj_colossus/common/host.o
 .data          0x0000000000800100        0x0 obj_colossus/common/keyboard.o
 .data          0x0000000000800100        0x0 obj_colossus/common/action.o
 .data          0x0000000000800100        0x0 obj_colossus/common/action_tapping.o
 .data          0x0000000000800100        0x0 obj_colossus/common/action_macro.o
 .data          0x0000000000800100        0x0 obj_colossus/common/action_layer.o
 .data          0x0000000000800100        0x0 obj_colossus/common/action_util.o
 .data          0x0000000000800100        0x0 obj_colossus/common/print.o
 .data          0x0000000000800100        0x0 obj_colossus/common/debug.o
 .data          0x0000000000800100        0x0 obj_colossus/common/util.o
 .data          0x0000000000800100        0x0 obj_colossus/common/hook.o
 .data          0x0000000000800100        0x0 obj_colossus/common/avr/suspend.o
 .data          0x0000000000800100        0x0 obj_colossus/common/avr/xprintf.o
 .data          0x0000000000800100        0x0 obj_colossus/common/avr/timer.o
 .data          0x0000000000800100        0x0 obj_colossus/common/avr/bootloader.o
 .data          0x0000000000800100        0x0 obj_colossus/common/keymap.o
 .data          0x0000000000800100        0x0 obj_colossus/common/mousekey.o
 .data          0x0000000000800100        0x0 obj_colossus/common/command.o
 .data          0x0000000000800100        0x0 /usr/lib64/gcc/avr/4.7.1/../../../../avr/lib/avr51/libm.a(fixsfsi.o)
 .data          0x0000000000800100        0x0 /usr/lib64/gcc/avr/4.7.1/../../../../avr/lib/avr51/libm.a(fixunssfsi.o)
 .data          0x0000000000800100        0x0 /usr/lib64/gcc/avr/4.7.1/../../../../avr/lib/avr51/libm.a(floatsisf.o)
 .data          0x0000000000800100        0x0 /usr/lib64/gcc/avr/4.7.1/../../../../avr/lib/avr51/libm.a(fp_split3.o)
 .data          0x0000000000800100        0x0 /usr/lib64/gcc/avr/4.7.1/../../../../avr/lib/avr51/libm.a(fp_zero.o)
 .data          0x0000000000800100        0x0 /usr/lib64/gcc/avr/4.7.1/../../../../avr/lib/avr51/libm.a(mulsf3.o)
 .data          0x0000000000800100        0x0 /usr/lib64/gcc/avr/4.7.1/../../../../avr/lib/avr51/libm.a(mulsf3x.o)
 .data          0x0000000000800100        0x0 /usr/lib64/gcc/avr/4.7.1/../../../../avr/lib/avr51/libm.a(fp_inf.o)
 .data          0x0000000000800100        0x0 /usr/lib64/gcc/avr/4.7.1/../../../../avr/lib/avr51/libm.a(fp_nan.o)
 .data          0x0000000000800100        0x0 /usr/lib64/gcc/avr/4.7.1/../../../../avr/lib/avr51/libm.a(fp_pscA.o)
 .data          0x0000000000800100        0x0 /usr/lib64/gcc/avr/4.7.1/../../../../avr/lib/avr51/libm.a(fp_pscB.o)
 .data          0x0000000000800100        0x0 /usr/lib64/gcc/avr/4.7.1/../../../../avr/lib/avr51/libm.a(fp_round.o)
 .data          0x0000000000800100        0x0 /usr/lib64/gcc/avr/4.7.1/avr51/libgcc.a(_udivmodqi4.o)
 .data          0x0000000000800100        0x0 /usr/lib64/gcc/avr/4.7.1/avr51/libgcc.a(_udivmodhi4.o)
 .data          0x0000000000800100        0x0 /usr/lib64/gcc/avr/4.7.1/avr51/libgcc.a(_divmodhi4.o)
 .data          0x0000000000800100        0x0 /usr/lib64/gcc/avr/4.7.1/avr51/libgcc.a(_udivmodsi4.o)
 .data          0x0000000000800100        0x0 /usr/lib64/gcc/avr/4.7.1/avr51/libgcc.a(_exit.o)
 .data          0x0000000000800100        0x0 /usr/lib64/gcc/avr/4.7.1/avr51/libgcc.a(_tablejump.o)
 .data          0x0000000000800100        0x0 /usr/lib64/gcc/avr/4.7.1/avr51/libgcc.a(_copy_data.o)
 .data          0x0000000000800100        0x0 /usr/lib64/gcc/avr/4.7.1/avr51/libgcc.a(_clear_bss.o)
 .data          0x0000000000800100        0x0 /usr/lib64/gcc/avr/4.7.1/../../../../avr/lib/avr51/libc.a(strcmp.o)
 .data          0x0000000000800100        0x0 /usr/lib64/gcc/avr/4.7.1/../../../../avr/lib/avr51/libc.a(eerd_byte_at90usb1286.o)
 .data          0x0000000000800100        0x0 /usr/lib64/gcc/avr/4.7.1/../../../../avr/lib/avr51/libc.a(eeupd_byte_at90usb1286.o)
 .data          0x0000000000800100        0x0 /usr/lib64/gcc/avr/4.7.1/../../../../avr/lib/avr51/libc.a(eewr_byte_at90usb1286.o)
 *(.data*)
 .data.debouncing
                0x0000000000800100        0x1 obj_colossus/matrix.o
 .data.rn42_config_driver
                0x0000000000800101        0xa obj_colossus/rn42/rn42.o
                0x0000000000800101                rn42_config_driver
 .data.rn42_driver
                0x000000000080010b        0xa obj_colossus/rn42/rn42.o
                0x000000000080010b                rn42_driver
 .data.prev_driver
                0x0000000000800115        0x2 obj_colossus/rn42/rn42_task.o
 .data.lufa_driver
                0x0000000000800117        0xa obj_colossus/protocol/lufa/lufa.o
                0x0000000000800117                lufa_driver
 .data.keyboard_protocol
                0x0000000000800121        0x1 obj_colossus/protocol/lufa/lufa.o
                0x0000000000800121                keyboard_protocol
 .data.keyboard_report
                0x0000000000800122        0x2 obj_colossus/common/action_util.o
                0x0000000000800122                keyboard_report
 .data.mk_wheel_time_to_max
                0x0000000000800124        0x1 obj_colossus/common/mousekey.o
                0x0000000000800124                mk_wheel_time_to_max
 .data.mk_wheel_max_speed
                0x0000000000800125        0x1 obj_colossus/common/mousekey.o
                0x0000000000800125                mk_wheel_max_speed
 .data.mk_time_to_max
                0x0000000000800126        0x1 obj_colossus/common/mousekey.o
                0x0000000000800126                mk_time_to_max
 .data.mk_max_speed
                0x0000000000800127        0x1 obj_colossus/common/mousekey.o
                0x0000000000800127                mk_max_speed
 .data.mk_interval
                0x0000000000800128        0x1 obj_colossus/common/mousekey.o
                0x0000000000800128                mk_interval
 .data.mk_delay
                0x0000000000800129        0x1 obj_colossus/common/mousekey.o
                0x0000000000800129                mk_delay
 *(.rodata)
 *(.rodata*)
 .rodata.CSWTCH.4
                0x000000000080012a       0x70 obj_colossus/rn42/rn42.o
 .rodata.str1.1
                0x000000000080019a       0x56 obj_colossus/rn42/rn42_task.o
 .rodata.CSWTCH.2
                0x00000000008001f0        0x8 obj_colossus/protocol/lufa/descriptor.o
 .rodata.CSWTCH.4
                0x00000000008001f8        0x8 obj_colossus/protocol/lufa/descriptor.o
 .rodata.CSWTCH.5
                0x0000000000800200        0x4 obj_colossus/protocol/lufa/descriptor.o
 .rodata.CSWTCH.42
                0x0000000000800204        0xa obj_colossus/common/command.o
 *(.gnu.linkonce.d*)
                0x000000000080020e                . = ALIGN (0x2)
                0x000000000080020e                _edata = .
                0x000000000080020e                PROVIDE (__data_end, .)

.bss            0x000000000080020e      0x1f1
                0x000000000080020e                PROVIDE (__bss_start, .)
 *(.bss)
 .bss           0x000000000080020e        0x2 obj_colossus/common/avr/xprintf.o
                0x000000000080020e                xfunc_out
 *(.bss*)
 .bss.shift_mod.2272
                0x0000000000800210        0x1 obj_colossus/keymap.o
 .bss.lalt_ralt_mods.2273
                0x0000000000800211        0x1 obj_colossus/keymap.o
 .bss.matrix    0x0000000000800212       0x10 obj_colossus/matrix.o
 .bss.matrix_debouncing
                0x0000000000800222       0x10 obj_colossus/matrix.o
 .bss.rbuf_head
                0x0000000000800232        0x1 obj_colossus/serial_uart.o
 .bss.rbuf_tail
                0x0000000000800233        0x1 obj_colossus/serial_uart.o
 .bss.rbuf      0x0000000000800234      0x100 obj_colossus/serial_uart.o
 .bss.leds      0x0000000000800334        0x1 obj_colossus/rn42/rn42.o
 .bss.s.2077    0x0000000000800335       0x18 obj_colossus/rn42/rn42.o
 .bss.state.4631
                0x000000000080034d        0x1 obj_colossus/rn42/rn42_task.o
 .bss.prev_timer.4647
                0x000000000080034e        0x2 obj_colossus/rn42/rn42_task.o
 .bss.config_mode
                0x0000000000800350        0x1 obj_colossus/rn42/rn42_task.o
 .bss.force_usb
                0x0000000000800351        0x1 obj_colossus/rn42/rn42_task.o
 .bss.s.4686    0x0000000000800352        0x2 obj_colossus/rn42/rn42_task.o
 .bss.s.4768    0x0000000000800354        0xd obj_colossus/rn42/rn42_task.o
 .bss.low.1556  0x0000000000800361        0x1 obj_colossus/rn42/battery.o
 .bss.keyboard_idle
                0x0000000000800362        0x1 obj_colossus/protocol/lufa/lufa.o
                0x0000000000800362                keyboard_idle
 .bss.count.4584
                0x0000000000800363        0x1 obj_colossus/protocol/lufa/lufa.o
 .bss.console_flush
                0x0000000000800364        0x1 obj_colossus/protocol/lufa/lufa.o
 .bss.keyboard_report_sent
                0x0000000000800365        0x8 obj_colossus/protocol/lufa/lufa.o
 .bss.keyboard_led_stats
                0x000000000080036d        0x1 obj_colossus/protocol/lufa/lufa.o
 .bss.timeouted.4650
                0x000000000080036e        0x1 obj_colossus/protocol/lufa/lufa.o
 .bss.driver    0x000000000080036f        0x2 obj_colossus/common/host.o
 .bss.last_system_report
                0x0000000000800371        0x2 obj_colossus/common/host.o
 .bss.last_consumer_report
                0x0000000000800373        0x2 obj_colossus/common/host.o
 .bss.matrix_prev.2248
                0x0000000000800375       0x10 obj_colossus/common/keyboard.o
 .bss.matrix_ghost.2249
                0x0000000000800385       0x10 obj_colossus/common/keyboard.o
 .bss.led_status.2250
                0x0000000000800395        0x1 obj_colossus/common/keyboard.o
 .bss.tapping_key
                0x0000000000800396        0x6 obj_colossus/common/action_tapping.o
 .bss.waiting_buffer
                0x000000000080039c       0x30 obj_colossus/common/action_tapping.o
 .bss.waiting_buffer_tail
                0x00000000008003cc        0x1 obj_colossus/common/action_tapping.o
 .bss.waiting_buffer_head
                0x00000000008003cd        0x1 obj_colossus/common/action_tapping.o
 .bss.layer_state
                0x00000000008003ce        0x4 obj_colossus/common/action_layer.o
                0x00000000008003ce                layer_state
 .bss.default_layer_state
                0x00000000008003d2        0x4 obj_colossus/common/action_layer.o
                0x00000000008003d2                default_layer_state
 .bss.real_mods
                0x00000000008003d6        0x1 obj_colossus/common/action_util.o
 .bss.weak_mods
                0x00000000008003d7        0x1 obj_colossus/common/action_util.o
 .bss.oneshot_mods
                0x00000000008003d8        0x1 obj_colossus/common/action_util.o
 .bss.__compound_literal.0
                0x00000000008003d9        0x8 obj_colossus/common/action_util.o
 .bss.debug_config
                0x00000000008003e1        0x1 obj_colossus/common/debug.o
                0x00000000008003e1                debug_config
 .bss.wdt_timeout
                0x00000000008003e2        0x1 obj_colossus/common/avr/suspend.o
 .bss.timer_count
                0x00000000008003e3        0x4 obj_colossus/common/avr/timer.o
                0x00000000008003e3                timer_count
 .bss.last_timer
                0x00000000008003e7        0x2 obj_colossus/common/mousekey.o
 .bss.mousekey_repeat
                0x00000000008003e9        0x1 obj_colossus/common/mousekey.o
 .bss.mouse_report
                0x00000000008003ea        0x5 obj_colossus/common/mousekey.o
 .bss.mousekey_accel
                0x00000000008003ef        0x1 obj_colossus/common/mousekey.o
 .bss.command_state
                0x00000000008003f0        0x1 obj_colossus/common/command.o
                0x00000000008003f0                command_state
 .bss.mousekey_param
                0x00000000008003f1        0x1 obj_colossus/common/command.o
 *(COMMON)
 COMMON         0x00000000008003f2        0x3 obj_colossus/protocol/lufa/LUFA-git/LUFA/Drivers/USB/Core/DeviceStandardReq.o
                0x00000000008003f2                USB_Device_ConfigurationNumber
                0x00000000008003f3                USB_Device_CurrentlySelfPowered
                0x00000000008003f4                USB_Device_RemoteWakeupEnabled
 COMMON         0x00000000008003f5        0xa obj_colossus/protocol/lufa/LUFA-git/LUFA/Drivers/USB/Core/USBTask.o
                0x00000000008003f5                USB_IsInitialized
                0x00000000008003f6                USB_DeviceState
                0x00000000008003f7                USB_ControlRequest
                0x00000000008003ff                PROVIDE (__bss_end, .)
                0x00000000000063fc                __data_load_start = LOADADDR (.data)
                0x000000000000650a                __data_load_end = (__data_load_start + SIZEOF (.data))

.noinit         0x00000000008003ff        0x4
                0x00000000008003ff                PROVIDE (__noinit_start, .)
 *(.noinit*)
 .noinit        0x00000000008003ff        0x4 obj_colossus/common/avr/bootloader.o
                0x00000000008003ff                reset_key
                0x0000000000800403                PROVIDE (__noinit_end, .)
                0x0000000000800403                _end = .
                0x0000000000800403                PROVIDE (__heap_start, .)

.eeprom         0x0000000000810000        0x0
 *(.eeprom*)
                0x0000000000810000                __eeprom_end = .

.fuse
 *(.fuse)
 *(.lfuse)
 *(.hfuse)
 *(.efuse)

.lock
 *(.lock*)

.signature
 *(.signature*)

.stab           0x0000000000000000     0x2b14
 *(.stab)
 .stab          0x0000000000000000      0x6cc /usr/lib64/gcc/avr/4.7.1/../../../../avr/lib/avr51/crtusb1286.o
 .stab          0x00000000000006cc      0x8ac obj_colossus/common/avr/xprintf.o
                                        0x8b8 (size before relaxing)
 .stab          0x0000000000000f78       0x6c /usr/lib64/gcc/avr/4.7.1/../../../../avr/lib/avr51/libm.a(fixsfsi.o)
                                         0x78 (size before relaxing)
 .stab          0x0000000000000fe4      0x240 /usr/lib64/gcc/avr/4.7.1/../../../../avr/lib/avr51/libm.a(fixunssfsi.o)
                                        0x24c (size before relaxing)
 .stab          0x0000000000001224      0x318 /usr/lib64/gcc/avr/4.7.1/../../../../avr/lib/avr51/libm.a(floatsisf.o)
                                        0x324 (size before relaxing)
 .stab          0x000000000000153c      0x1d4 /usr/lib64/gcc/avr/4.7.1/../../../../avr/lib/avr51/libm.a(fp_split3.o)
                                        0x1e0 (size before relaxing)
 .stab          0x0000000000001710       0x90 /usr/lib64/gcc/avr/4.7.1/../../../../avr/lib/avr51/libm.a(fp_zero.o)
                                         0x9c (size before relaxing)
 .stab          0x00000000000017a0       0x48 /usr/lib64/gcc/avr/4.7.1/../../../../avr/lib/avr51/libm.a(mulsf3.o)
                                         0x54 (size before relaxing)
 .stab          0x00000000000017e8      0x4d4 /usr/lib64/gcc/avr/4.7.1/../../../../avr/lib/avr51/libm.a(mulsf3x.o)
                                        0x4e0 (size before relaxing)
 .stab          0x0000000000001cbc       0x78 /usr/lib64/gcc/avr/4.7.1/../../../../avr/lib/avr51/libm.a(fp_inf.o)
                                         0x84 (size before relaxing)
 .stab          0x0000000000001d34       0x54 /usr/lib64/gcc/avr/4.7.1/../../../../avr/lib/avr51/libm.a(fp_nan.o)
                                         0x60 (size before relaxing)
 .stab          0x0000000000001d88       0x84 /usr/lib64/gcc/avr/4.7.1/../../../../avr/lib/avr51/libm.a(fp_pscA.o)
                                         0x90 (size before relaxing)
 .stab          0x0000000000001e0c       0x84 /usr/lib64/gcc/avr/4.7.1/../../../../avr/lib/avr51/libm.a(fp_pscB.o)
                                         0x90 (size before relaxing)
 .stab          0x0000000000001e90       0xfc /usr/lib64/gcc/avr/4.7.1/../../../../avr/lib/avr51/libm.a(fp_round.o)
                                        0x108 (size before relaxing)
 .stab          0x0000000000001f8c       0xe4 /usr/lib64/gcc/avr/4.7.1/avr51/libgcc.a(_udivmodqi4.o)
                                         0xf0 (size before relaxing)
 .stab          0x0000000000002070      0x15c /usr/lib64/gcc/avr/4.7.1/avr51/libgcc.a(_udivmodhi4.o)
                                        0x168 (size before relaxing)
 .stab          0x00000000000021cc      0x138 /usr/lib64/gcc/avr/4.7.1/avr51/libgcc.a(_divmodhi4.o)
                                        0x144 (size before relaxing)
 .stab          0x0000000000002304      0x228 /usr/lib64/gcc/avr/4.7.1/avr51/libgcc.a(_udivmodsi4.o)
                                        0x234 (size before relaxing)
 .stab          0x000000000000252c       0x6c /usr/lib64/gcc/avr/4.7.1/avr51/libgcc.a(_exit.o)
                                         0x78 (size before relaxing)
 .stab          0x0000000000002598       0xcc /usr/lib64/gcc/avr/4.7.1/avr51/libgcc.a(_tablejump.o)
                                         0xd8 (size before relaxing)
 .stab          0x0000000000002664       0xf0 /usr/lib64/gcc/avr/4.7.1/avr51/libgcc.a(_copy_data.o)
                                         0xfc (size before relaxing)
 .stab          0x0000000000002754       0xb4 /usr/lib64/gcc/avr/4.7.1/avr51/libgcc.a(_clear_bss.o)
                                         0xc0 (size before relaxing)
 .stab          0x0000000000002808       0x84 /usr/lib64/gcc/avr/4.7.1/../../../../avr/lib/avr51/libc.a(strcmp.o)
                                         0x90 (size before relaxing)
 .stab          0x000000000000288c       0x90 /usr/lib64/gcc/avr/4.7.1/../../../../avr/lib/avr51/libc.a(eerd_byte_at90usb1286.o)
                                         0x9c (size before relaxing)
 .stab          0x000000000000291c      0x114 /usr/lib64/gcc/avr/4.7.1/../../../../avr/lib/avr51/libc.a(eeupd_byte_at90usb1286.o)
                                        0x120 (size before relaxing)
 .stab          0x0000000000002a30       0xe4 /usr/lib64/gcc/avr/4.7.1/../../../../avr/lib/avr51/libc.a(eewr_byte_at90usb1286.o)
                                         0xf0 (size before relaxing)

.stabstr        0x0000000000000000      0x4ee
 *(.stabstr)
 .stabstr       0x0000000000000000      0x4ee /usr/lib64/gcc/avr/4.7.1/../../../../avr/lib/avr51/crtusb1286.o

.stab.excl
 *(.stab.excl)

.stab.exclstr
 *(.stab.exclstr)

.stab.index
 *(.stab.index)

.stab.indexstr
 *(.stab.indexstr)

.comment        0x0000000000000000       0x11
 *(.comment)
 .comment       0x0000000000000000       0x11 obj_colossus/keymap.o
                                         0x12 (size before relaxing)
 .comment       0x0000000000000000       0x12 obj_colossus/keymap_common.o
 .comment       0x0000000000000000       0x12 obj_colossus/matrix.o
 .comment       0x0000000000000000       0x12 obj_colossus/led.o
 .comment       0x0000000000000000       0x12 obj_colossus/serial_uart.o
 .comment       0x0000000000000000       0x12 obj_colossus/rn42/rn42.o
 .comment       0x0000000000000000       0x12 obj_colossus/rn42/rn42_task.o
 .comment       0x0000000000000000       0x12 obj_colossus/rn42/battery.o
 .comment       0x0000000000000000       0x12 obj_colossus/rn42/main.o
 .comment       0x0000000000000000       0x12 obj_colossus/protocol/lufa/lufa.o
 .comment       0x0000000000000000       0x12 obj_colossus/protocol/lufa/descriptor.o
 .comment       0x0000000000000000       0x12 obj_colossus/protocol/lufa/LUFA-git/LUFA/Drivers/USB/Class/Common/HIDParser.o
 .comment       0x0000000000000000       0x12 obj_colossus/protocol/lufa/LUFA-git/LUFA/Drivers/USB/Core/AVR8/Device_AVR8.o
 .comment       0x0000000000000000       0x12 obj_colossus/protocol/lufa/LUFA-git/LUFA/Drivers/USB/Core/AVR8/EndpointStream_AVR8.o
 .comment       0x0000000000000000       0x12 obj_colossus/protocol/lufa/LUFA-git/LUFA/Drivers/USB/Core/AVR8/Endpoint_AVR8.o
 .comment       0x0000000000000000       0x12 obj_colossus/protocol/lufa/LUFA-git/LUFA/Drivers/USB/Core/AVR8/Host_AVR8.o
 .comment       0x0000000000000000       0x12 obj_colossus/protocol/lufa/LUFA-git/LUFA/Drivers/USB/Core/AVR8/PipeStream_AVR8.o
 .comment       0x0000000000000000       0x12 obj_colossus/protocol/lufa/LUFA-git/LUFA/Drivers/USB/Core/AVR8/Pipe_AVR8.o
 .comment       0x0000000000000000       0x12 obj_colossus/protocol/lufa/LUFA-git/LUFA/Drivers/USB/Core/AVR8/USBController_AVR8.o
 .comment       0x0000000000000000       0x12 obj_colossus/protocol/lufa/LUFA-git/LUFA/Drivers/USB/Core/AVR8/USBInterrupt_AVR8.o
 .comment       0x0000000000000000       0x12 obj_colossus/protocol/lufa/LUFA-git/LUFA/Drivers/USB/Core/ConfigDescriptors.o
 .comment       0x0000000000000000       0x12 obj_colossus/protocol/lufa/LUFA-git/LUFA/Drivers/USB/Core/DeviceStandardReq.o
 .comment       0x0000000000000000       0x12 obj_colossus/protocol/lufa/LUFA-git/LUFA/Drivers/USB/Core/Events.o
 .comment       0x0000000000000000       0x12 obj_colossus/protocol/lufa/LUFA-git/LUFA/Drivers/USB/Core/HostStandardReq.o
 .comment       0x0000000000000000       0x12 obj_colossus/protocol/lufa/LUFA-git/LUFA/Drivers/USB/Core/USBTask.o
 .comment       0x0000000000000000       0x12 obj_colossus/common/host.o
 .comment       0x0000000000000000       0x12 obj_colossus/common/keyboard.o
 .comment       0x0000000000000000       0x12 obj_colossus/common/action.o
 .comment       0x0000000000000000       0x12 obj_colossus/common/action_tapping.o
 .comment       0x0000000000000000       0x12 obj_colossus/common/action_macro.o
 .comment       0x0000000000000000       0x12 obj_colossus/common/action_layer.o
 .comment       0x0000000000000000       0x12 obj_colossus/common/action_util.o
 .comment       0x0000000000000000       0x12 obj_colossus/common/print.o
 .comment       0x0000000000000000       0x12 obj_colossus/common/debug.o
 .comment       0x0000000000000000       0x12 obj_colossus/common/util.o
 .comment       0x0000000000000000       0x12 obj_colossus/common/hook.o
 .comment       0x0000000000000000       0x12 obj_colossus/common/avr/suspend.o
 .comment       0x0000000000000000       0x12 obj_colossus/common/avr/timer.o
 .comment       0x0000000000000000       0x12 obj_colossus/common/avr/bootloader.o
 .comment       0x0000000000000000       0x12 obj_colossus/common/keymap.o
 .comment       0x0000000000000000       0x12 obj_colossus/common/mousekey.o
 .comment       0x0000000000000000       0x12 obj_colossus/common/command.o

.debug
 *(.debug)

.line
 *(.line)

.debug_srcinfo
 *(.debug_srcinfo)

.debug_sfnames
 *(.debug_sfnames)

.debug_aranges  0x0000000000000000      0xbb8
 *(.debug_aranges)
 .debug_aranges
                0x0000000000000000       0x20 obj_colossus/keymap.o
 .debug_aranges
                0x0000000000000020       0x28 obj_colossus/keymap_common.o
 .debug_aranges
                0x0000000000000048       0x68 obj_colossus/matrix.o
 .debug_aranges
                0x00000000000000b0       0x20 obj_colossus/led.o
 .debug_aranges
                0x00000000000000d0       0x40 obj_colossus/serial_uart.o
 .debug_aranges
                0x0000000000000110       0xd0 obj_colossus/rn42/rn42.o
 .debug_aranges
                0x00000000000001e0       0x80 obj_colossus/rn42/rn42_task.o
 .debug_aranges
                0x0000000000000260       0x40 obj_colossus/rn42/battery.o
 .debug_aranges
                0x00000000000002a0       0x28 obj_colossus/rn42/main.o
 .debug_aranges
                0x00000000000002c8       0xb8 obj_colossus/protocol/lufa/lufa.o
 .debug_aranges
                0x0000000000000380       0x20 obj_colossus/protocol/lufa/descriptor.o
 .debug_aranges
                0x00000000000003a0       0x38 obj_colossus/protocol/lufa/LUFA-git/LUFA/Drivers/USB/Class/Common/HIDParser.o
 .debug_aranges
                0x00000000000003d8       0x20 obj_colossus/protocol/lufa/LUFA-git/LUFA/Drivers/USB/Core/AVR8/Device_AVR8.o
 .debug_aranges
                0x00000000000003f8       0xc8 obj_colossus/protocol/lufa/LUFA-git/LUFA/Drivers/USB/Core/AVR8/EndpointStream_AVR8.o
 .debug_aranges
                0x00000000000004c0       0x40 obj_colossus/protocol/lufa/LUFA-git/LUFA/Drivers/USB/Core/AVR8/Endpoint_AVR8.o
 .debug_aranges
                0x0000000000000500       0x18 obj_colossus/protocol/lufa/LUFA-git/LUFA/Drivers/USB/Core/AVR8/Host_AVR8.o
 .debug_aranges
                0x0000000000000518       0x18 obj_colossus/protocol/lufa/LUFA-git/LUFA/Drivers/USB/Core/AVR8/PipeStream_AVR8.o
 .debug_aranges
                0x0000000000000530       0x18 obj_colossus/protocol/lufa/LUFA-git/LUFA/Drivers/USB/Core/AVR8/Pipe_AVR8.o
 .debug_aranges
                0x0000000000000548       0x30 obj_colossus/protocol/lufa/LUFA-git/LUFA/Drivers/USB/Core/AVR8/USBController_AVR8.o
 .debug_aranges
                0x0000000000000578       0x38 obj_colossus/protocol/lufa/LUFA-git/LUFA/Drivers/USB/Core/AVR8/USBInterrupt_AVR8.o
 .debug_aranges
                0x00000000000005b0       0x40 obj_colossus/protocol/lufa/LUFA-git/LUFA/Drivers/USB/Core/ConfigDescriptors.o
 .debug_aranges
                0x00000000000005f0       0x20 obj_colossus/protocol/lufa/LUFA-git/LUFA/Drivers/USB/Core/DeviceStandardReq.o
 .debug_aranges
                0x0000000000000610       0x20 obj_colossus/protocol/lufa/LUFA-git/LUFA/Drivers/USB/Core/Events.o
 .debug_aranges
                0x0000000000000630       0x18 obj_colossus/protocol/lufa/LUFA-git/LUFA/Drivers/USB/Core/HostStandardReq.o
 .debug_aranges
                0x0000000000000648       0x20 obj_colossus/protocol/lufa/LUFA-git/LUFA/Drivers/USB/Core/USBTask.o
 .debug_aranges
                0x0000000000000668       0x60 obj_colossus/common/host.o
 .debug_aranges
                0x00000000000006c8       0x40 obj_colossus/common/keyboard.o
 .debug_aranges
                0x0000000000000708       0x78 obj_colossus/common/action.o
 .debug_aranges
                0x0000000000000780       0x40 obj_colossus/common/action_tapping.o
 .debug_aranges
                0x00000000000007c0       0x20 obj_colossus/common/action_macro.o
 .debug_aranges
                0x00000000000007e0       0xa0 obj_colossus/common/action_layer.o
 .debug_aranges
                0x0000000000000880       0xb0 obj_colossus/common/action_util.o
 .debug_aranges
                0x0000000000000930       0x20 obj_colossus/common/print.o
 .debug_aranges
                0x0000000000000950       0x18 obj_colossus/common/debug.o
 .debug_aranges
                0x0000000000000968       0x60 obj_colossus/common/util.o
 .debug_aranges
                0x00000000000009c8       0x48 obj_colossus/common/hook.o
 .debug_aranges
                0x0000000000000a10       0x50 obj_colossus/common/avr/suspend.o
 .debug_aranges
                0x0000000000000a60       0x50 obj_colossus/common/avr/timer.o
 .debug_aranges
                0x0000000000000ab0       0x28 obj_colossus/common/avr/bootloader.o
 .debug_aranges
                0x0000000000000ad8       0x30 obj_colossus/common/keymap.o
 .debug_aranges
                0x0000000000000b08       0x50 obj_colossus/common/mousekey.o
 .debug_aranges
                0x0000000000000b58       0x60 obj_colossus/common/command.o

.debug_pubnames
 *(.debug_pubnames)

.debug_info     0x0000000000000000    0x11b17
 *(.debug_info)
 .debug_info    0x0000000000000000      0xd8f obj_colossus/keymap.o
 .debug_info    0x0000000000000d8f      0x655 obj_colossus/keymap_common.o
 .debug_info    0x00000000000013e4      0x589 obj_colossus/matrix.o
 .debug_info    0x000000000000196d       0x91 obj_colossus/led.o
 .debug_info    0x00000000000019fe      0x191 obj_colossus/serial_uart.o
 .debug_info    0x0000000000001b8f      0x7d1 obj_colossus/rn42/rn42.o
 .debug_info    0x0000000000002360     0x1870 obj_colossus/rn42/rn42_task.o
 .debug_info    0x0000000000003bd0      0x450 obj_colossus/rn42/battery.o
 .debug_info    0x0000000000004020      0x73c obj_colossus/rn42/main.o
 .debug_info    0x000000000000475c     0x1524 obj_colossus/protocol/lufa/lufa.o
 .debug_info    0x0000000000005c80      0x7ce obj_colossus/protocol/lufa/descriptor.o
 .debug_info    0x000000000000644e      0x73a obj_colossus/protocol/lufa/LUFA-git/LUFA/Drivers/USB/Class/Common/HIDParser.o
 .debug_info    0x0000000000006b88       0xd2 obj_colossus/protocol/lufa/LUFA-git/LUFA/Drivers/USB/Core/AVR8/Device_AVR8.o
 .debug_info    0x0000000000006c5a     0x17bb obj_colossus/protocol/lufa/LUFA-git/LUFA/Drivers/USB/Core/AVR8/EndpointStream_AVR8.o
 .debug_info    0x0000000000008415      0x61b obj_colossus/protocol/lufa/LUFA-git/LUFA/Drivers/USB/Core/AVR8/Endpoint_AVR8.o
 .debug_info    0x0000000000008a30       0x56 obj_colossus/protocol/lufa/LUFA-git/LUFA/Drivers/USB/Core/AVR8/Host_AVR8.o
 .debug_info    0x0000000000008a86       0x56 obj_colossus/protocol/lufa/LUFA-git/LUFA/Drivers/USB/Core/AVR8/PipeStream_AVR8.o
 .debug_info    0x0000000000008adc       0x56 obj_colossus/protocol/lufa/LUFA-git/LUFA/Drivers/USB/Core/AVR8/Pipe_AVR8.o
 .debug_info    0x0000000000008b32      0x4cb obj_colossus/protocol/lufa/LUFA-git/LUFA/Drivers/USB/Core/AVR8/USBController_AVR8.o
 .debug_info    0x0000000000008ffd      0x7ca obj_colossus/protocol/lufa/LUFA-git/LUFA/Drivers/USB/Core/AVR8/USBInterrupt_AVR8.o
 .debug_info    0x00000000000097c7      0x3cd obj_colossus/protocol/lufa/LUFA-git/LUFA/Drivers/USB/Core/ConfigDescriptors.o
 .debug_info    0x0000000000009b94      0xa54 obj_colossus/protocol/lufa/LUFA-git/LUFA/Drivers/USB/Core/DeviceStandardReq.o
 .debug_info    0x000000000000a5e8       0x78 obj_colossus/protocol/lufa/LUFA-git/LUFA/Drivers/USB/Core/Events.o
 .debug_info    0x000000000000a660       0x56 obj_colossus/protocol/lufa/LUFA-git/LUFA/Drivers/USB/Core/HostStandardReq.o
 .debug_info    0x000000000000a6b6      0x26d obj_colossus/protocol/lufa/LUFA-git/LUFA/Drivers/USB/Core/USBTask.o
 .debug_info    0x000000000000a923      0x4e3 obj_colossus/common/host.o
 .debug_info    0x000000000000ae06      0x50e obj_colossus/common/keyboard.o
 .debug_info    0x000000000000b314     0x14e2 obj_colossus/common/action.o
 .debug_info    0x000000000000c7f6      0xde5 obj_colossus/common/action_tapping.o
 .debug_info    0x000000000000d5db      0x876 obj_colossus/common/action_macro.o
 .debug_info    0x000000000000de51      0x7d3 obj_colossus/common/action_layer.o
 .debug_info    0x000000000000e624      0x4f2 obj_colossus/common/action_util.o
 .debug_info    0x000000000000eb16       0xda obj_colossus/common/print.o
 .debug_info    0x000000000000ebf0       0xfc obj_colossus/common/debug.o
 .debug_info    0x000000000000ecec      0x29b obj_colossus/common/util.o
 .debug_info    0x000000000000ef87      0x1ff obj_colossus/common/hook.o
 .debug_info    0x000000000000f186      0x283 obj_colossus/common/avr/suspend.o
 .debug_info    0x000000000000f409      0x208 obj_colossus/common/avr/timer.o
 .debug_info    0x000000000000f611      0x1a0 obj_colossus/common/avr/bootloader.o
 .debug_info    0x000000000000f7b1      0xd92 obj_colossus/common/keymap.o
 .debug_info    0x0000000000010543      0x7b4 obj_colossus/common/mousekey.o