Archive member included because of file (symbol)

/usr/lib64/gcc/avr/4.7.1/avr51/libgcc.a(_exit.o)
                              /usr/lib64/gcc/avr/4.7.1/../../../../avr/lib/avr51/crtusb1286.o (exit)
/usr/lib64/gcc/avr/4.7.1/avr51/libgcc.a(_copy_data.o)
                              obj_colossus/matrix.o (__do_copy_data)
/usr/lib64/gcc/avr/4.7.1/avr51/libgcc.a(_clear_bss.o)
                              obj_colossus/keymap_pg3.o (__do_clear_bss)
/usr/lib64/gcc/avr/4.7.1/../../../../avr/lib/avr51/libc.a(eerd_byte_at90usb1286.o)
                              obj_colossus/protocol/lufa/LUFA-git/LUFA/Drivers/USB/Core/AVR8/EndpointStream_AVR8.o (__eerd_byte_usb1286)
/usr/lib64/gcc/avr/4.7.1/../../../../avr/lib/avr51/libc.a(eeupd_byte_at90usb1286.o)
                              obj_colossus/protocol/lufa/LUFA-git/LUFA/Drivers/USB/Core/AVR8/EndpointStream_AVR8.o (__eeupd_byte_usb1286)

Allocating common symbols
Common symbol       size              file

USB_IsInitialized   0x1               obj_colossus/protocol/lufa/LUFA-git/LUFA/Drivers/USB/Core/USBTask.o
USB_DeviceState     0x1               obj_colossus/protocol/lufa/LUFA-git/LUFA/Drivers/USB/Core/USBTask.o
USB_Device_ConfigurationNumber
                    0x1               obj_colossus/protocol/lufa/LUFA-git/LUFA/Drivers/USB/Core/DeviceStandardReq.o
USB_Device_CurrentlySelfPowered
                    0x1               obj_colossus/protocol/lufa/LUFA-git/LUFA/Drivers/USB/Core/DeviceStandardReq.o
USB_ControlRequest  0x8               obj_colossus/protocol/lufa/LUFA-git/LUFA/Drivers/USB/Core/USBTask.o
USB_Device_RemoteWakeupEnabled
                    0x1               obj_colossus/protocol/lufa/LUFA-git/LUFA/Drivers/USB/Core/DeviceStandardReq.o

Discarded input sections

 .bss           0x0000000000000000        0x0 /usr/lib64/gcc/avr/4.7.1/../../../../avr/lib/avr51/crtusb1286.o
 .text          0x0000000000000000        0x0 obj_colossus/keymap_pg3.o
 .bss           0x0000000000000000        0x0 obj_colossus/keymap_pg3.o
 .text          0x0000000000000000        0x0 obj_colossus/keymap_common.o
 .bss           0x0000000000000000        0x0 obj_colossus/keymap_common.o
 .text          0x0000000000000000        0x0 obj_colossus/matrix.o
 .bss           0x0000000000000000        0x0 obj_colossus/matrix.o
 .text.matrix_rows
                0x0000000000000000        0x4 obj_colossus/matrix.o
 .text.matrix_cols
                0x0000000000000000        0x4 obj_colossus/matrix.o
 .text.matrix_is_modified
                0x0000000000000000        0xc obj_colossus/matrix.o
 .text.matrix_is_on
                0x0000000000000000       0x2c obj_colossus/matrix.o
 .text.matrix_key_count
                0x0000000000000000       0x32 obj_colossus/matrix.o
 .text          0x0000000000000000        0x0 obj_colossus/led.o
 .bss           0x0000000000000000        0x0 obj_colossus/led.o
 .text          0x0000000000000000        0x0 obj_colossus/protocol/lufa/lufa.o
 .bss           0x0000000000000000        0x0 obj_colossus/protocol/lufa/lufa.o
 .text.sendchar
                0x0000000000000000        0x4 obj_colossus/protocol/lufa/lufa.o
 .text          0x0000000000000000        0x0 obj_colossus/protocol/lufa/descriptor.o
 .bss           0x0000000000000000        0x0 obj_colossus/protocol/lufa/descriptor.o
 .text          0x0000000000000000        0x0 obj_colossus/protocol/lufa/LUFA-git/LUFA/Drivers/USB/Class/Common/HIDParser.o
 .bss           0x0000000000000000        0x0 obj_colossus/protocol/lufa/LUFA-git/LUFA/Drivers/USB/Class/Common/HIDParser.o
 .text.USB_ProcessHIDReport
                0x0000000000000000      0x6f0 obj_colossus/protocol/lufa/LUFA-git/LUFA/Drivers/USB/Class/Common/HIDParser.o
 .text.USB_GetHIDReportItemInfo
                0x0000000000000000       0xbc obj_colossus/protocol/lufa/LUFA-git/LUFA/Drivers/USB/Class/Common/HIDParser.o
 .text.USB_SetHIDReportItemInfo
                0x0000000000000000       0xe8 obj_colossus/protocol/lufa/LUFA-git/LUFA/Drivers/USB/Class/Common/HIDParser.o
 .text.USB_GetHIDReportSize
                0x0000000000000000       0x60 obj_colossus/protocol/lufa/LUFA-git/LUFA/Drivers/USB/Class/Common/HIDParser.o
 .text          0x0000000000000000        0x0 obj_colossus/protocol/lufa/LUFA-git/LUFA/Drivers/USB/Core/AVR8/Device_AVR8.o
 .bss           0x0000000000000000        0x0 obj_colossus/protocol/lufa/LUFA-git/LUFA/Drivers/USB/Core/AVR8/Device_AVR8.o
 .text          0x0000000000000000        0x0 obj_colossus/protocol/lufa/LUFA-git/LUFA/Drivers/USB/Core/AVR8/EndpointStream_AVR8.o
 .bss           0x0000000000000000        0x0 obj_colossus/protocol/lufa/LUFA-git/LUFA/Drivers/USB/Core/AVR8/EndpointStream_AVR8.o
 .text.Endpoint_Discard_Stream
                0x0000000000000000       0x92 obj_colossus/protocol/lufa/LUFA-git/LUFA/Drivers/USB/Core/AVR8/EndpointStream_AVR8.o
 .text.Endpoint_Null_Stream
                0x0000000000000000       0x92 obj_colossus/protocol/lufa/LUFA-git/LUFA/Drivers/USB/Core/AVR8/EndpointStream_AVR8.o
[...]
Memory Configuration

Name             Origin             Length             Attributes
text             0x0000000000000000 0x0000000000020000 xr
data             0x0000000000800100 0x000000000000ff00 rw !x
eeprom           0x0000000000810000 0x0000000000010000 rw !x
fuse             0x0000000000820000 0x0000000000000400 rw !x
lock             0x0000000000830000 0x0000000000000400 rw !x
signature        0x0000000000840000 0x0000000000000400 rw !x
*default*        0x0000000000000000 0xffffffffffffffff

Linker script and memory map

Address of section .data set to 0x800100
LOAD /usr/lib64/gcc/avr/4.7.1/../../../../avr/lib/avr51/crtusb1286.o
LOAD obj_colossus/keymap_pg3.o
LOAD obj_colossus/keymap_common.o
LOAD obj_colossus/matrix.o
LOAD obj_colossus/led.o
LOAD obj_colossus/protocol/lufa/lufa.o
LOAD obj_colossus/protocol/lufa/descriptor.o
LOAD obj_colossus/protocol/lufa/LUFA-git/LUFA/Drivers/USB/Class/Common/HIDParser.o
LOAD obj_colossus/protocol/lufa/LUFA-git/LUFA/Drivers/USB/Core/AVR8/Device_AVR8.o
LOAD obj_colossus/protocol/lufa/LUFA-git/LUFA/Drivers/USB/Core/AVR8/EndpointStream_AVR8.o
LOAD obj_colossus/protocol/lufa/LUFA-git/LUFA/Drivers/USB/Core/AVR8/Endpoint_AVR8.o
LOAD obj_colossus/protocol/lufa/LUFA-git/LUFA/Drivers/USB/Core/AVR8/Host_AVR8.o
LOAD obj_colossus/protocol/lufa/LUFA-git/LUFA/Drivers/USB/Core/AVR8/PipeStream_AVR8.o
LOAD obj_colossus/protocol/lufa/LUFA-git/LUFA/Drivers/USB/Core/AVR8/Pipe_AVR8.o
LOAD obj_colossus/protocol/lufa/LUFA-git/LUFA/Drivers/USB/Core/AVR8/USBController_AVR8.o
LOAD obj_colossus/protocol/lufa/LUFA-git/LUFA/Drivers/USB/Core/AVR8/USBInterrupt_AVR8.o
LOAD obj_colossus/protocol/lufa/LUFA-git/LUFA/Drivers/USB/Core/ConfigDescriptors.o
LOAD obj_colossus/protocol/lufa/LUFA-git/LUFA/Drivers/USB/Core/DeviceStandardReq.o
LOAD obj_colossus/protocol/lufa/LUFA-git/LUFA/Drivers/USB/Core/Events.o
LOAD obj_colossus/protocol/lufa/LUFA-git/LUFA/Drivers/USB/Core/HostStandardReq.o
LOAD obj_colossus/protocol/lufa/LUFA-git/LUFA/Drivers/USB/Core/USBTask.o
LOAD obj_colossus/common/host.o
LOAD obj_colossus/common/keyboard.o
LOAD obj_colossus/common/action.o
LOAD obj_colossus/common/action_tapping.o
LOAD obj_colossus/common/action_macro.o
LOAD obj_colossus/common/action_layer.o
LOAD obj_colossus/common/action_util.o
LOAD obj_colossus/common/print.o
LOAD obj_colossus/common/debug.o
LOAD obj_colossus/common/util.o
LOAD obj_colossus/common/hook.o
LOAD obj_colossus/common/avr/suspend.o
LOAD obj_colossus/common/avr/xprintf.o
LOAD obj_colossus/common/avr/timer.o
LOAD obj_colossus/common/avr/bootloader.o
LOAD obj_colossus/common/keymap.o
LOAD obj_colossus/common/avr/sleep_led.o
LOAD /usr/lib64/gcc/avr/4.7.1/../../../../avr/lib/avr51/libm.a
LOAD /usr/lib64/gcc/avr/4.7.1/avr51/libgcc.a
LOAD /usr/lib64/gcc/avr/4.7.1/../../../../avr/lib/avr51/libc.a
LOAD /usr/lib64/gcc/avr/4.7.1/avr51/libgcc.a

.hash
 *(.hash)

.dynsym
 *(.dynsym)

.dynstr
 *(.dynstr)

.gnu.version
 *(.gnu.version)

.gnu.version_d
 *(.gnu.version_d)

.gnu.version_r
 *(.gnu.version_r)

.rel.init
 *(.rel.init)

.rela.init
 *(.rela.init)

.rel.text
 *(.rel.text)
 *(.rel.text.*)
 *(.rel.gnu.linkonce.t*)

.rela.text
 *(.rela.text)
 *(.rela.text.*)
 *(.rela.gnu.linkonce.t*)

.rel.fini
 *(.rel.fini)

.rela.fini
 *(.rela.fini)

.rel.rodata
 *(.rel.rodata)
 *(.rel.rodata.*)
 *(.rel.gnu.linkonce.r*)

.rela.rodata
 *(.rela.rodata)
 *(.rela.rodata.*)
 *(.rela.gnu.linkonce.r*)

.rel.data
 *(.rel.data)
 *(.rel.data.*)
 *(.rel.gnu.linkonce.d*)

.rela.data
 *(.rela.data)
 *(.rela.data.*)
 *(.rela.gnu.linkonce.d*)

.rel.ctors
 *(.rel.ctors)

.rela.ctors
 *(.rela.ctors)

.rel.dtors
 *(.rel.dtors)

.rela.dtors
 *(.rela.dtors)

.rel.got
 *(.rel.got)

.rela.got
 *(.rela.got)

.rel.bss
 *(.rel.bss)

.rela.bss
 *(.rela.bss)

.rel.plt
 *(.rel.plt)

.rela.plt
 *(.rela.plt)

.text           0x0000000000000000     0x317c
 *(.vectors)
 .vectors       0x0000000000000000       0x98 /usr/lib64/gcc/avr/4.7.1/../../../../avr/lib/avr51/crtusb1286.o
                0x0000000000000000                __vectors
                0x0000000000000000                __vector_default
 *(.vectors)
 *(.progmem.gcc*)
 *(.progmem*)
 .progmem.data.fn_actions
                0x0000000000000098       0x14 obj_colossus/keymap_pg3.o
                0x0000000000000098                fn_actions
 .progmem.data.keymaps
                0x00000000000000ac      0x180 obj_colossus/keymap_pg3.o
                0x00000000000000ac                keymaps
 .progmem.data.__m.2143
                0x000000000000022c        0x7 obj_colossus/keymap_pg3.o
 .progmem.data.__m.2145
                0x0000000000000233        0x5 obj_colossus/keymap_pg3.o
 .progmem.data.__m.2148
                0x0000000000000238        0x5 obj_colossus/keymap_pg3.o
 .progmem.data.__m.2150
                0x000000000000023d        0x5 obj_colossus/keymap_pg3.o
 .progmem.data.__m.2153
                0x0000000000000242        0x5 obj_colossus/keymap_pg3.o
 .progmem.data.__m.2155
                0x0000000000000247        0x5 obj_colossus/keymap_pg3.o
 .progmem.data.__m.2158
                0x000000000000024c        0x5 obj_colossus/keymap_pg3.o
 .progmem.data.__m.2160
                0x0000000000000251        0x5 obj_colossus/keymap_pg3.o
 .progmem.data.__m.2163
                0x0000000000000256       0x4b obj_colossus/keymap_pg3.o
 .progmem.data.__m.2166
                0x00000000000002a1       0x2b obj_colossus/keymap_pg3.o
 .progmem.data.__m.2169
                0x00000000000002cc       0x17 obj_colossus/keymap_pg3.o
 .progmem.data.ProductString
                0x00000000000002e3       0x1c obj_colossus/protocol/lufa/descriptor.o
                0x00000000000002e3                ProductString
 .progmem.data.ManufacturerString
                0x00000000000002ff       0x1c obj_colossus/protocol/lufa/descriptor.o
                0x00000000000002ff                ManufacturerString
 .progmem.data.LanguageString
                0x000000000000031b        0x4 obj_colossus/protocol/lufa/descriptor.o
                0x000000000000031b                LanguageString
 .progmem.data.ConfigurationDescriptor
                0x000000000000031f       0x3b obj_colossus/protocol/lufa/descriptor.o
                0x000000000000031f                ConfigurationDescriptor
 .progmem.data.DeviceDescriptor
                0x000000000000035a       0x12 obj_colossus/protocol/lufa/descriptor.o
                0x000000000000035a                DeviceDescriptor
 .progmem.data.ExtrakeyReport
                0x000000000000036c       0x36 obj_colossus/protocol/lufa/descriptor.o
                0x000000000000036c                ExtrakeyReport
 .progmem.data.KeyboardReport
                0x00000000000003a2       0x40 obj_colossus/protocol/lufa/descriptor.o
                0x00000000000003a2                KeyboardReport
 .progmem.data.breathing_table
                0x00000000000003e2       0x40 obj_colossus/common/avr/sleep_led.o
                0x0000000000000422                . = ALIGN (0x2)
                0x0000000000000422                __trampolines_start = .
 *(.trampolines)
 .trampolines   0x0000000000000422        0x0 linker stubs
 *(.trampolines*)
                0x0000000000000422                __trampolines_end = .
 *(.jumptables)
 *(.jumptables*)
 *(.lowtext)
 *(.lowtext*)
                0x0000000000000422                __ctors_start = .
 *(.ctors)
                0x0000000000000422                __ctors_end = .
                0x0000000000000422                __dtors_start = .
 *(.dtors)
                0x0000000000000422                __dtors_end = .
 SORT(*)(.ctors)
 SORT(*)(.dtors)
 *(.init0)
 .init0         0x0000000000000422        0x0 /usr/lib64/gcc/avr/4.7.1/../../../../avr/lib/avr51/crtusb1286.o
                0x0000000000000422                __init
 *(.init0)
 *(.init1)
 *(.init1)
 *(.init2)
 .init2         0x0000000000000422        0xc /usr/lib64/gcc/avr/4.7.1/../../../../avr/lib/avr51/crtusb1286.o
 *(.init2)
 *(.init3)
 .init3         0x000000000000042e       0x4e obj_colossus/common/avr/bootloader.o
                0x000000000000042e                bootloader_jump_after_watchdog_reset
 *(.init3)
 *(.init4)
 .init4         0x000000000000047c       0x1a /usr/lib64/gcc/avr/4.7.1/avr51/libgcc.a(_copy_data.o)
                0x000000000000047c                __do_copy_data
 .init4         0x0000000000000496       0x10 /usr/lib64/gcc/avr/4.7.1/avr51/libgcc.a(_clear_bss.o)
                0x0000000000000496                __do_clear_bss
 *(.init4)
 *(.init5)
 *(.init5)
 *(.init6)
 *(.init6)
 *(.init7)
 *(.init7)
 *(.init8)
 *(.init8)
 *(.init9)
 .init9         0x00000000000004a6        0x8 /usr/lib64/gcc/avr/4.7.1/../../../../avr/lib/avr51/crtusb1286.o
 *(.init9)
 *(.text)
 .text          0x00000000000004ae        0x4 /usr/lib64/gcc/avr/4.7.1/../../../../avr/lib/avr51/crtusb1286.o
                0x00000000000004ae                __vector_22
                0x00000000000004ae                __vector_28
                0x00000000000004ae                __vector_1
                0x00000000000004ae                __vector_32
                0x00000000000004ae                __vector_34
                0x00000000000004ae                __vector_24
                0x00000000000004ae                __vector_12
                0x00000000000004ae                __bad_interrupt
                0x00000000000004ae                __vector_6
                0x00000000000004ae                __vector_31
                0x00000000000004ae                __vector_35
                0x00000000000004ae                __vector_3
                0x00000000000004ae                __vector_23
                0x00000000000004ae                __vector_30
                0x00000000000004ae                __vector_25
                0x00000000000004ae                __vector_13
                0x00000000000004ae                __vector_19
                0x00000000000004ae                __vector_7
                0x00000000000004ae                __vector_27
                0x00000000000004ae                __vector_5
                0x00000000000004ae                __vector_33
                0x00000000000004ae                __vector_37
                0x00000000000004ae                __vector_4
                0x00000000000004ae                __vector_9
                0x00000000000004ae                __vector_2
                0x00000000000004ae                __vector_15
                0x00000000000004ae                __vector_36
                0x00000000000004ae                __vector_29
                0x00000000000004ae                __vector_8
                0x00000000000004ae                __vector_26
                0x00000000000004ae                __vector_14
                0x00000000000004ae                __vector_16
                0x00000000000004ae                __vector_18
                0x00000000000004ae                __vector_20
                0x00000000000004b2                . = ALIGN (0x2)
 *(.text.*)
 .text.action_function
                0x00000000000004b2       0x94 obj_colossus/keymap_pg3.o
                0x00000000000004b2                action_function
 .text.action_get_macro
                0x0000000000000546       0x8c obj_colossus/keymap_pg3.o
                0x0000000000000546                action_get_macro
 .text.keymap_key_to_keycode
                0x00000000000005d2       0x24 obj_colossus/keymap_common.o
                0x00000000000005d2                keymap_key_to_keycode
 .text.keymap_fn_to_action
                0x00000000000005f6       0x14 obj_colossus/keymap_common.o
                0x00000000000005f6                keymap_fn_to_action
 .text.unselect_rows
                0x000000000000060a       0x26 obj_colossus/matrix.o
 .text.matrix_init
                0x0000000000000630       0x58 obj_colossus/matrix.o
                0x0000000000000630                matrix_init
 .text.matrix_scan
                0x0000000000000688      0x238 obj_colossus/matrix.o
                0x0000000000000688                matrix_scan
 .text.matrix_get_row
                0x00000000000008c0       0x12 obj_colossus/matrix.o
                0x00000000000008c0                matrix_get_row
 .text.matrix_print
                0x00000000000008d2        0x2 obj_colossus/matrix.o
                0x00000000000008d2                matrix_print
 .text.led_set  0x00000000000008d4       0x26 obj_colossus/led.o
                0x00000000000008d4                led_set
 .text.keyboard_leds
                0x00000000000008fa        0x6 obj_colossus/protocol/lufa/lufa.o
 .text.send_mouse
                0x0000000000000900        0x2 obj_colossus/protocol/lufa/lufa.o
 .text.send_consumer
                0x0000000000000902       0x6a obj_colossus/protocol/lufa/lufa.o
 .text.send_system
                0x000000000000096c       0x68 obj_colossus/protocol/lufa/lufa.o
 .text.send_keyboard
                0x00000000000009d4       0x64 obj_colossus/protocol/lufa/lufa.o
 .text.EVENT_USB_Device_Connect
                0x0000000000000a38       0x1c obj_colossus/protocol/lufa/lufa.o
                0x0000000000000a38                EVENT_USB_Device_Connect
 .text.EVENT_USB_Device_Disconnect
                0x0000000000000a54        0x6 obj_colossus/protocol/lufa/lufa.o
                0x0000000000000a54                EVENT_USB_Device_Disconnect
 .text.EVENT_USB_Device_Reset
                0x0000000000000a5a        0x2 obj_colossus/protocol/lufa/lufa.o
                0x0000000000000a5a                EVENT_USB_Device_Reset
 .text.EVENT_USB_Device_ConfigurationChanged
                0x0000000000000a5c       0x14 obj_colossus/protocol/lufa/lufa.o
                0x0000000000000a5c                EVENT_USB_Device_ConfigurationChanged
 .text.EVENT_USB_Device_ControlRequest
                0x0000000000000a70      0x162 obj_colossus/protocol/lufa/lufa.o
                0x0000000000000a70                EVENT_USB_Device_ControlRequest
 .text.hook_early_init
                0x0000000000000bd2        0x2 obj_colossus/protocol/lufa/lufa.o
                0x0000000000000bd2                hook_early_init
 .text.hook_late_init
                0x0000000000000bd4        0x2 obj_colossus/protocol/lufa/lufa.o
                0x0000000000000bd4                hook_late_init
 .text.hook_usb_suspend_entry
                0x0000000000000bd6        0x4 obj_colossus/protocol/lufa/lufa.o
                0x0000000000000bd6                hook_usb_suspend_entry
 .text.EVENT_USB_Device_Suspend
                0x0000000000000bda        0x4 obj_colossus/protocol/lufa/lufa.o
                0x0000000000000bda                EVENT_USB_Device_Suspend
 .text.hook_usb_suspend_loop
                0x0000000000000bde       0x18 obj_colossus/protocol/lufa/lufa.o
                0x0000000000000bde                hook_usb_suspend_loop
 .text.startup.main
                0x0000000000000bf6       0x74 obj_colossus/protocol/lufa/lufa.o
                0x0000000000000bf6                main
 .text.hook_usb_wakeup
                0x0000000000000c6a       0x10 obj_colossus/protocol/lufa/lufa.o
                0x0000000000000c6a                hook_usb_wakeup
 .text.EVENT_USB_Device_WakeUp
                0x0000000000000c7a        0x4 obj_colossus/protocol/lufa/lufa.o
                0x0000000000000c7a                EVENT_USB_Device_WakeUp
 .text.CALLBACK_USB_GetDescriptor
                0x0000000000000c7e       0xca obj_colossus/protocol/lufa/descriptor.o
                0x0000000000000c7e                CALLBACK_USB_GetDescriptor
 .text.USB_Device_SendRemoteWakeup
                0x0000000000000d48       0x2c obj_colossus/protocol/lufa/LUFA-git/LUFA/Drivers/USB/Core/AVR8/Device_AVR8.o
                0x0000000000000d48                USB_Device_SendRemoteWakeup
 .text.Endpoint_Write_Stream_LE
                0x0000000000000d74       0xa6 obj_colossus/protocol/lufa/LUFA-git/LUFA/Drivers/USB/Core/AVR8/EndpointStream_AVR8.o
                0x0000000000000d74                Endpoint_Write_Stream_LE
 .text.Endpoint_Write_Control_Stream_LE
                0x0000000000000e1a       0xb8 obj_colossus/protocol/lufa/LUFA-git/LUFA/Drivers/USB/Core/AVR8/EndpointStream_AVR8.o
                0x0000000000000e1a                Endpoint_Write_Control_Stream_LE
 .text.Endpoint_Write_Control_PStream_LE
                0x0000000000000ed2       0xbe obj_colossus/protocol/lufa/LUFA-git/LUFA/Drivers/USB/Core/AVR8/EndpointStream_AVR8.o
                0x0000000000000ed2                Endpoint_Write_Control_PStream_LE
 .text.Endpoint_ConfigureEndpoint_Prv
                0x0000000000000f90       0x6e obj_colossus/protocol/lufa/LUFA-git/LUFA/Drivers/USB/Core/AVR8/Endpoint_AVR8.o
                0x0000000000000f90                Endpoint_ConfigureEndpoint_Prv
 .text.Endpoint_ClearStatusStage
                0x0000000000000ffe       0x42 obj_colossus/protocol/lufa/LUFA-git/LUFA/Drivers/USB/Core/AVR8/Endpoint_AVR8.o
                0x0000000000000ffe                Endpoint_ClearStatusStage
 .text.Endpoint_WaitUntilReady
                0x0000000000001040       0x64 obj_colossus/protocol/lufa/LUFA-git/LUFA/Drivers/USB/Core/AVR8/Endpoint_AVR8.o
                0x0000000000001040                Endpoint_WaitUntilReady
 .text.USB_Disable
                0x00000000000010a4       0x34 obj_colossus/protocol/lufa/LUFA-git/LUFA/Drivers/USB/Core/AVR8/USBController_AVR8.o
                0x00000000000010a4                USB_Disable
 .text.USB_ResetInterface
                0x00000000000010d8       0x9a obj_colossus/protocol/lufa/LUFA-git/LUFA/Drivers/USB/Core/AVR8/USBController_AVR8.o
                0x00000000000010d8                USB_ResetInterface
 .text.USB_Init
                0x0000000000001172       0x1e obj_colossus/protocol/lufa/LUFA-git/LUFA/Drivers/USB/Core/AVR8/USBController_AVR8.o
                0x0000000000001172                USB_Init
 .text.USB_INT_DisableAllInterrupts
                0x0000000000001190       0x10 obj_colossus/protocol/lufa/LUFA-git/LUFA/Drivers/USB/Core/AVR8/USBInterrupt_AVR8.o
                0x0000000000001190                USB_INT_DisableAllInterrupts
 .text.USB_INT_ClearAllInterrupts
                0x00000000000011a0        0xa obj_colossus/protocol/lufa/LUFA-git/LUFA/Drivers/USB/Core/AVR8/USBInterrupt_AVR8.o
                0x00000000000011a0                USB_INT_ClearAllInterrupts
 .text.__vector_10
                0x00000000000011aa      0x1ac obj_colossus/protocol/lufa/LUFA-git/LUFA/Drivers/USB/Core/AVR8/USBInterrupt_AVR8.o
                0x00000000000011aa                __vector_10
 .text.__vector_11
                0x0000000000001356       0x90 obj_colossus/protocol/lufa/LUFA-git/LUFA/Drivers/USB/Core/AVR8/USBInterrupt_AVR8.o
                0x0000000000001356                __vector_11
 .text.USB_Device_ProcessControlRequest
                0x00000000000013e6      0x2d2 obj_colossus/protocol/lufa/LUFA-git/LUFA/Drivers/USB/Core/DeviceStandardReq.o
                0x00000000000013e6                USB_Device_ProcessControlRequest
 .text.USB_Event_Stub
                0x00000000000016b8        0x2 obj_colossus/protocol/lufa/LUFA-git/LUFA/Drivers/USB/Core/Events.o
                0x00000000000016b8                USB_Event_Stub
                0x00000000000016b8                EVENT_USB_Device_StartOfFrame
 .text.host_set_driver
                0x00000000000016ba        0xa obj_colossus/common/host.o
                0x00000000000016ba                host_set_driver
 .text.host_keyboard_leds
                0x00000000000016c4       0x18 obj_colossus/common/host.o
                0x00000000000016c4                host_keyboard_leds
 .text.host_keyboard_send
                0x00000000000016dc       0x16 obj_colossus/common/host.o
                0x00000000000016dc                host_keyboard_send
 .text.host_system_send
                0x00000000000016f2       0x2c obj_colossus/common/host.o
                0x00000000000016f2                host_system_send
 .text.host_consumer_send
                0x000000000000171e       0x2c obj_colossus/common/host.o
                0x000000000000171e                host_consumer_send
 .text.matrix_setup
                0x000000000000174a        0x2 obj_colossus/common/keyboard.o
                0x000000000000174a                matrix_setup
 .text.keyboard_setup
                0x000000000000174c        0x4 obj_colossus/common/keyboard.o
                0x000000000000174c                keyboard_setup
 .text.keyboard_init
                0x0000000000001750        0x8 obj_colossus/common/keyboard.o
                0x0000000000001750                keyboard_init
 .text.keyboard_task
                0x0000000000001758      0x1f6 obj_colossus/common/keyboard.o
                0x0000000000001758                keyboard_task
 .text.keyboard_set_leds
                0x000000000000194e        0x4 obj_colossus/common/keyboard.o
                0x000000000000194e                keyboard_set_leds
 .text.action_exec
                0x0000000000001952       0x8e obj_colossus/common/action.o
                0x0000000000001952                action_exec
 .text.register_code
                0x00000000000019e0      0x140 obj_colossus/common/action.o
                0x00000000000019e0                register_code
 .text.unregister_code
                0x0000000000001b20       0x52 obj_colossus/common/action.o
                0x0000000000001b20                unregister_code
 .text.register_mods
                0x0000000000001b72        0xe obj_colossus/common/action.o
                0x0000000000001b72                register_mods
 .text.unregister_mods
                0x0000000000001b80        0xe obj_colossus/common/action.o
                0x0000000000001b80                unregister_mods
 .text.process_action
                0x0000000000001b8e      0x62c obj_colossus/common/action.o
                0x0000000000001b8e                process_action
 .text.clear_keyboard_but_mods
                0x00000000000021ba       0x1c obj_colossus/common/action.o
                0x00000000000021ba                clear_keyboard_but_mods
 .text.clear_keyboard
                0x00000000000021d6        0x8 obj_colossus/common/action.o
                0x00000000000021d6                clear_keyboard
 .text.is_tap_key
                0x00000000000021de       0x4a obj_colossus/common/action.o
                0x00000000000021de                is_tap_key
 .text.debug_event
                0x0000000000002228       0x1e obj_colossus/common/action.o
                0x0000000000002228                debug_event
 .text.debug_record
                0x0000000000002246       0x20 obj_colossus/common/action.o
                0x0000000000002246                debug_record
 .text.debug_waiting_buffer
                0x0000000000002266       0x48 obj_colossus/common/action_tapping.o
 .text.debug_tapping_key
                0x00000000000022ae       0x1c obj_colossus/common/action_tapping.o
 .text.waiting_buffer_scan_tap
                0x00000000000022ca       0xf0 obj_colossus/common/action_tapping.o
 .text.process_tapping
                0x00000000000023ba      0x3a0 obj_colossus/common/action_tapping.o
 .text.action_tapping_process
                0x000000000000275a      0x16c obj_colossus/common/action_tapping.o
                0x000000000000275a                action_tapping_process
 .text.action_macro_play
                0x00000000000028c6      0x13e obj_colossus/common/action_macro.o
                0x00000000000028c6                action_macro_play
 .text.layer_state_set
                0x0000000000002a04       0x18 obj_colossus/common/action_layer.o
 .text.default_layer_state_set
                0x0000000000002a1c       0x18 obj_colossus/common/action_layer.o
 .text.default_layer_debug
                0x0000000000002a34        0x2 obj_colossus/common/action_layer.o
                0x0000000000002a34                default_layer_debug
 .text.default_layer_or
                0x0000000000002a36       0x24 obj_colossus/common/action_layer.o
                0x0000000000002a36                default_layer_or
 .text.default_layer_and
                0x0000000000002a5a       0x24 obj_colossus/common/action_layer.o
                0x0000000000002a5a                default_layer_and
 .text.default_layer_xor
                0x0000000000002a7e       0x24 obj_colossus/common/action_layer.o
                0x0000000000002a7e                default_layer_xor
 .text.layer_clear
                0x0000000000002aa2        0xa obj_colossus/common/action_layer.o
                0x0000000000002aa2                layer_clear
 .text.layer_move
                0x0000000000002aac       0x1e obj_colossus/common/action_layer.o
                0x0000000000002aac                layer_move
 .text.layer_on
                0x0000000000002aca       0x36 obj_colossus/common/action_layer.o
                0x0000000000002aca                layer_on
 .text.layer_off
                0x0000000000002b00       0x3e obj_colossus/common/action_layer.o
                0x0000000000002b00                layer_off
 .text.layer_invert
                0x0000000000002b3e       0x36 obj_colossus/common/action_layer.o
                0x0000000000002b3e                layer_invert
 .text.layer_or
                0x0000000000002b74       0x24 obj_colossus/common/action_layer.o
                0x0000000000002b74                layer_or
 .text.layer_and
                0x0000000000002b98       0x24 obj_colossus/common/action_layer.o
                0x0000000000002b98                layer_and
 .text.layer_xor
                0x0000000000002bbc       0x24 obj_colossus/common/action_layer.o
                0x0000000000002bbc                layer_xor
 .text.layer_debug
                0x0000000000002be0        0x2 obj_colossus/common/action_layer.o
                0x0000000000002be0                layer_debug
 .text.layer_switch_get_action
                0x0000000000002be2       0x8a obj_colossus/common/action_layer.o
                0x0000000000002be2                layer_switch_get_action
 .text.add_key  0x0000000000002c6c       0x44 obj_colossus/common/action_util.o
                0x0000000000002c6c                add_key
 .text.del_key  0x0000000000002cb0       0x26 obj_colossus/common/action_util.o
                0x0000000000002cb0                del_key
 .text.clear_keys
                0x0000000000002cd6       0x1c obj_colossus/common/action_util.o
                0x0000000000002cd6                clear_keys
 .text.get_mods
                0x0000000000002cf2        0x6 obj_colossus/common/action_util.o
                0x0000000000002cf2                get_mods
 .text.add_mods
                0x0000000000002cf8        0xc obj_colossus/common/action_util.o
                0x0000000000002cf8                add_mods
 .text.del_mods
                0x0000000000002d04        0xe obj_colossus/common/action_util.o
                0x0000000000002d04                del_mods
 .text.set_mods
                0x0000000000002d12        0x6 obj_colossus/common/action_util.o
                0x0000000000002d12                set_mods
 .text.clear_mods
                0x0000000000002d18        0x6 obj_colossus/common/action_util.o
                0x0000000000002d18                clear_mods
 .text.add_weak_mods
                0x0000000000002d1e        0xc obj_colossus/common/action_util.o
                0x0000000000002d1e                add_weak_mods
 .text.del_weak_mods
                0x0000000000002d2a        0xe obj_colossus/common/action_util.o
                0x0000000000002d2a                del_weak_mods
 .text.clear_weak_mods
                0x0000000000002d38        0x6 obj_colossus/common/action_util.o
                0x0000000000002d38                clear_weak_mods
 .text.set_oneshot_mods
                0x0000000000002d3e        0x6 obj_colossus/common/action_util.o
                0x0000000000002d3e                set_oneshot_mods
 .text.clear_oneshot_mods
                0x0000000000002d44        0x6 obj_colossus/common/action_util.o
                0x0000000000002d44                clear_oneshot_mods
 .text.has_anykey
                0x0000000000002d4a       0x26 obj_colossus/common/action_util.o
                0x0000000000002d4a                has_anykey
 .text.send_keyboard_report
                0x0000000000002d70       0x4c obj_colossus/common/action_util.o
                0x0000000000002d70                send_keyboard_report
 .text.hook_keyboard_loop
                0x0000000000002dbc        0x2 obj_colossus/common/hook.o
                0x0000000000002dbc                hook_keyboard_loop
 .text.hook_matrix_change
                0x0000000000002dbe       0x1e obj_colossus/common/hook.o
                0x0000000000002dbe                hook_matrix_change
 .text.hook_default_layer_change
                0x0000000000002ddc        0x2 obj_colossus/common/hook.o
                0x0000000000002ddc                hook_default_layer_change
 .text.hook_layer_change
                0x0000000000002dde        0x2 obj_colossus/common/hook.o
                0x0000000000002dde                hook_layer_change
 .text.hook_keyboard_leds_change
                0x0000000000002de0        0x4 obj_colossus/common/hook.o
                0x0000000000002de0                hook_keyboard_leds_change
 .text.suspend_power_down
                0x0000000000002de4       0x4c obj_colossus/common/avr/suspend.o
                0x0000000000002de4                suspend_power_down
 .text.matrix_power_up
                0x0000000000002e30        0x2 obj_colossus/common/avr/suspend.o
                0x0000000000002e30                matrix_power_up
 .text.matrix_power_down
                0x0000000000002e32        0x2 obj_colossus/common/avr/suspend.o
                0x0000000000002e32                matrix_power_down
 .text.suspend_wakeup_condition
                0x0000000000002e34       0x2a obj_colossus/common/avr/suspend.o
                0x0000000000002e34                suspend_wakeup_condition
 .text.suspend_wakeup_init
                0x0000000000002e5e        0x4 obj_colossus/common/avr/suspend.o
                0x0000000000002e5e                suspend_wakeup_init
 .text.timer_init
                0x0000000000002e62       0x12 obj_colossus/common/avr/timer.o
                0x0000000000002e62                timer_init
 .text.timer_read
                0x0000000000002e74       0x1a obj_colossus/common/avr/timer.o
                0x0000000000002e74                timer_read
 .text.__vector_21
                0x0000000000002e8e       0x4a obj_colossus/common/avr/timer.o
                0x0000000000002e8e                __vector_21
 .text.bootloader_jump
                0x0000000000002ed8       0x46 obj_colossus/common/avr/bootloader.o
                0x0000000000002ed8                bootloader_jump
 .text.action_for_key
                0x0000000000002f1e      0x198 obj_colossus/common/keymap.o
                0x0000000000002f1e                action_for_key
 .text.sleep_led_init
                0x00000000000030b6       0x24 obj_colossus/common/avr/sleep_led.o
                0x00000000000030b6                sleep_led_init
 .text.sleep_led_enable
                0x00000000000030da        0xc obj_colossus/common/avr/sleep_led.o
                0x00000000000030da                sleep_led_enable
 .text.sleep_led_disable
                0x00000000000030e6        0xc obj_colossus/common/avr/sleep_led.o
                0x00000000000030e6                sleep_led_disable
 .text.__vector_17
                0x00000000000030f2       0x86 obj_colossus/common/avr/sleep_led.o
                0x00000000000030f2                __vector_17
                0x0000000000003178                . = ALIGN (0x2)
 *(.fini9)
 .fini9         0x0000000000003178        0x0 /usr/lib64/gcc/avr/4.7.1/avr51/libgcc.a(_exit.o)
                0x0000000000003178                exit
                0x0000000000003178                _exit
 *(.fini9)
 *(.fini8)
 *(.fini8)
 *(.fini7)
 *(.fini7)
 *(.fini6)
 *(.fini6)
 *(.fini5)
 *(.fini5)
 *(.fini4)
 *(.fini4)
 *(.fini3)
 *(.fini3)
 *(.fini2)
 *(.fini2)
 *(.fini1)
 *(.fini1)
 *(.fini0)
 .fini0         0x0000000000003178        0x4 /usr/lib64/gcc/avr/4.7.1/avr51/libgcc.a(_exit.o)
 *(.fini0)
                0x000000000000317c                _etext = .

.data           0x0000000000800100       0x18 load address 0x000000000000317c
                0x0000000000800100                PROVIDE (__data_start, .)
 *(.data)
 .data          0x0000000000800100        0x0 /usr/lib64/gcc/avr/4.7.1/../../../../avr/lib/avr51/crtusb1286.o
 .data          0x0000000000800100        0x0 obj_colossus/keymap_pg3.o
 .data          0x0000000000800100        0x0 obj_colossus/keymap_common.o
 .data          0x0000000000800100        0x0 obj_colossus/matrix.o
 .data          0x0000000000800100        0x0 obj_colossus/led.o
 .data          0x0000000000800100        0x0 obj_colossus/protocol/lufa/lufa.o
 .data          0x0000000000800100        0x0 obj_colossus/protocol/lufa/descriptor.o
 .data          0x0000000000800100        0x0 obj_colossus/protocol/lufa/LUFA-git/LUFA/Drivers/USB/Class/Common/HIDParser.o
 .data          0x0000000000800100        0x0 obj_colossus/protocol/lufa/LUFA-git/LUFA/Drivers/USB/Core/AVR8/Device_AVR8.o
 .data          0x0000000000800100        0x0 obj_colossus/protocol/lufa/LUFA-git/LUFA/Drivers/USB/Core/AVR8/EndpointStream_AVR8.o
 .data          0x0000000000800100        0x0 obj_colossus/protocol/lufa/LUFA-git/LUFA/Drivers/USB/Core/AVR8/Endpoint_AVR8.o
 .data          0x0000000000800100        0x0 obj_colossus/protocol/lufa/LUFA-git/LUFA/Drivers/USB/Core/AVR8/Host_AVR8.o
 .data          0x0000000000800100        0x0 obj_colossus/protocol/lufa/LUFA-git/LUFA/Drivers/USB/Core/AVR8/PipeStream_AVR8.o
 .data          0x0000000000800100        0x0 obj_colossus/protocol/lufa/LUFA-git/LUFA/Drivers/USB/Core/AVR8/Pipe_AVR8.o
 .data          0x0000000000800100        0x0 obj_colossus/protocol/lufa/LUFA-git/LUFA/Drivers/USB/Core/AVR8/USBController_AVR8.o
 .data          0x0000000000800100        0x0 obj_colossus/protocol/lufa/LUFA-git/LUFA/Drivers/USB/Core/AVR8/USBInterrupt_AVR8.o
 .data          0x0000000000800100        0x0 obj_colossus/protocol/lufa/LUFA-git/LUFA/Drivers/USB/Core/ConfigDescriptors.o
 .data          0x0000000000800100        0x0 obj_colossus/protocol/lufa/LUFA-git/LUFA/Drivers/USB/Core/DeviceStandardReq.o
 .data          0x0000000000800100        0x0 obj_colossus/protocol/lufa/LUFA-git/LUFA/Drivers/USB/Core/Events.o
 .data          0x0000000000800100        0x0 obj_colossus/protocol/lufa/LUFA-git/LUFA/Drivers/USB/Core/HostStandardReq.o
 .data          0x0000000000800100        0x0 obj_colossus/protocol/lufa/LUFA-git/LUFA/Drivers/USB/Core/USBTask.o
 .data          0x0000000000800100        0x0 obj_colossus/common/host.o
 .data          0x0000000000800100        0x0 obj_colossus/common/keyboard.o
 .data          0x0000000000800100        0x0 obj_colossus/common/action.o
 .data          0x0000000000800100        0x0 obj_colossus/common/action_tapping.o
 .data          0x0000000000800100        0x0 obj_colossus/common/action_macro.o
 .data          0x0000000000800100        0x0 obj_colossus/common/action_layer.o
 .data          0x0000000000800100        0x0 obj_colossus/common/action_util.o
 .data          0x0000000000800100        0x0 obj_colossus/common/print.o
 .data          0x0000000000800100        0x0 obj_colossus/common/debug.o
 .data          0x0000000000800100        0x0 obj_colossus/common/util.o
 .data          0x0000000000800100        0x0 obj_colossus/common/hook.o
 .data          0x0000000000800100        0x0 obj_colossus/common/avr/suspend.o
 .data          0x0000000000800100        0x0 obj_colossus/common/avr/xprintf.o
 .data          0x0000000000800100        0x0 obj_colossus/common/avr/timer.o
 .data          0x0000000000800100        0x0 obj_colossus/common/avr/bootloader.o
 .data          0x0000000000800100        0x0 obj_colossus/common/keymap.o
 .data          0x0000000000800100        0x0 obj_colossus/common/avr/sleep_led.o
 .data          0x0000000000800100        0x0 /usr/lib64/gcc/avr/4.7.1/avr51/libgcc.a(_exit.o)
 .data          0x0000000000800100        0x0 /usr/lib64/gcc/avr/4.7.1/avr51/libgcc.a(_copy_data.o)
 .data          0x0000000000800100        0x0 /usr/lib64/gcc/avr/4.7.1/avr51/libgcc.a(_clear_bss.o)
 .data          0x0000000000800100        0x0 /usr/lib64/gcc/avr/4.7.1/../../../../avr/lib/avr51/libc.a(eerd_byte_at90usb1286.o)
 .data          0x0000000000800100        0x0 /usr/lib64/gcc/avr/4.7.1/../../../../avr/lib/avr51/libc.a(eeupd_byte_at90usb1286.o)
 *(.data*)
 .data.debouncing
                0x0000000000800100        0x1 obj_colossus/matrix.o
 .data.lufa_driver
                0x0000000000800101        0xa obj_colossus/protocol/lufa/lufa.o
                0x0000000000800101                lufa_driver
 .data.keyboard_protocol
                0x000000000080010b        0x1 obj_colossus/protocol/lufa/lufa.o
                0x000000000080010b                keyboard_protocol
 .data.keyboard_report
                0x000000000080010c        0x2 obj_colossus/common/action_util.o
                0x000000000080010c                keyboard_report
 *(.rodata)
 *(.rodata*)
 .rodata.CSWTCH.2
                0x000000000080010e        0x4 obj_colossus/protocol/lufa/descriptor.o
 .rodata.CSWTCH.4
                0x0000000000800112        0x4 obj_colossus/protocol/lufa/descriptor.o
 .rodata.CSWTCH.5
                0x0000000000800116        0x2 obj_colossus/protocol/lufa/descriptor.o
 *(.gnu.linkonce.d*)
                0x0000000000800118                . = ALIGN (0x2)
                0x0000000000800118                _edata = .
                0x0000000000800118                PROVIDE (__data_end, .)

.bss            0x0000000000800118       0xb2
                0x0000000000800118                PROVIDE (__bss_start, .)
 *(.bss)
 *(.bss*)
 .bss.lalt_ralt_mods.2110
                0x0000000000800118        0x1 obj_colossus/keymap_pg3.o
 .bss.matrix    0x0000000000800119       0x10 obj_colossus/matrix.o
 .bss.matrix_debouncing
                0x0000000000800129       0x10 obj_colossus/matrix.o
 .bss.keyboard_idle
                0x0000000000800139        0x1 obj_colossus/protocol/lufa/lufa.o
                0x0000000000800139                keyboard_idle
 .bss.keyboard_report_sent
                0x000000000080013a        0x8 obj_colossus/protocol/lufa/lufa.o
 .bss.keyboard_led_stats
                0x0000000000800142        0x1 obj_colossus/protocol/lufa/lufa.o
 .bss.driver    0x0000000000800143        0x2 obj_colossus/common/host.o
 .bss.last_system_report
                0x0000000000800145        0x2 obj_colossus/common/host.o
 .bss.last_consumer_report
                0x0000000000800147        0x2 obj_colossus/common/host.o
 .bss.matrix_prev.2205
                0x0000000000800149       0x10 obj_colossus/common/keyboard.o
 .bss.matrix_ghost.2206
                0x0000000000800159       0x10 obj_colossus/common/keyboard.o
 .bss.led_status.2207
                0x0000000000800169        0x1 obj_colossus/common/keyboard.o
 .bss.tapping_key
                0x000000000080016a        0x6 obj_colossus/common/action_tapping.o
 .bss.waiting_buffer
                0x0000000000800170       0x30 obj_colossus/common/action_tapping.o
 .bss.waiting_buffer_tail
                0x00000000008001a0        0x1 obj_colossus/common/action_tapping.o
 .bss.waiting_buffer_head
                0x00000000008001a1        0x1 obj_colossus/common/action_tapping.o
 .bss.layer_state
                0x00000000008001a2        0x4 obj_colossus/common/action_layer.o
                0x00000000008001a2                layer_state
 .bss.default_layer_state
                0x00000000008001a6        0x4 obj_colossus/common/action_layer.o
                0x00000000008001a6                default_layer_state
 .bss.real_mods
                0x00000000008001aa        0x1 obj_colossus/common/action_util.o
 .bss.weak_mods
                0x00000000008001ab        0x1 obj_colossus/common/action_util.o
 .bss.oneshot_mods
                0x00000000008001ac        0x1 obj_colossus/common/action_util.o
 .bss.__compound_literal.0
                0x00000000008001ad        0x8 obj_colossus/common/action_util.o
 .bss.debug_config
                0x00000000008001b5        0x1 obj_colossus/common/debug.o
                0x00000000008001b5                debug_config
 .bss.wdt_timeout
                0x00000000008001b6        0x1 obj_colossus/common/avr/suspend.o
 .bss.timer_count
                0x00000000008001b7        0x4 obj_colossus/common/avr/timer.o
                0x00000000008001b7                timer_count
 .bss.timer.1580
                0x00000000008001bb        0x2 obj_colossus/common/avr/sleep_led.o
 *(COMMON)
 COMMON         0x00000000008001bd        0x3 obj_colossus/protocol/lufa/LUFA-git/LUFA/Drivers/USB/Core/DeviceStandardReq.o
                0x00000000008001bd                USB_Device_ConfigurationNumber
                0x00000000008001be                USB_Device_CurrentlySelfPowered
                0x00000000008001bf                USB_Device_RemoteWakeupEnabled
 COMMON         0x00000000008001c0        0xa obj_colossus/protocol/lufa/LUFA-git/LUFA/Drivers/USB/Core/USBTask.o
                0x00000000008001c0                USB_IsInitialized
                0x00000000008001c1                USB_DeviceState
                0x00000000008001c2                USB_ControlRequest
                0x00000000008001ca                PROVIDE (__bss_end, .)
                0x000000000000317c                __data_load_start = LOADADDR (.data)
                0x0000000000003194                __data_load_end = (__data_load_start + SIZEOF (.data))

.noinit         0x00000000008001ca        0x4
                0x00000000008001ca                PROVIDE (__noinit_start, .)
 *(.noinit*)
 .noinit        0x00000000008001ca        0x4 obj_colossus/common/avr/bootloader.o
                0x00000000008001ca                reset_key
                0x00000000008001ce                PROVIDE (__noinit_end, .)
                0x00000000008001ce                _end = .
                0x00000000008001ce                PROVIDE (__heap_start, .)

.eeprom         0x0000000000810000        0x0
 *(.eeprom*)
                0x0000000000810000                __eeprom_end = .

.fuse
 *(.fuse)
 *(.lfuse)
 *(.hfuse)
 *(.efuse)

.lock
 *(.lock*)

.signature
 *(.signature*)

.stab           0x0000000000000000      0xa98
 *(.stab)
 .stab          0x0000000000000000      0x6cc /usr/lib64/gcc/avr/4.7.1/../../../../avr/lib/avr51/crtusb1286.o
 .stab          0x00000000000006cc       0x18 obj_colossus/common/avr/xprintf.o
                                        0x8b8 (size before relaxing)
 .stab          0x00000000000006e4       0x6c /usr/lib64/gcc/avr/4.7.1/avr51/libgcc.a(_exit.o)
                                         0x78 (size before relaxing)
 .stab          0x0000000000000750       0xf0 /usr/lib64/gcc/avr/4.7.1/avr51/libgcc.a(_copy_data.o)
                                         0xfc (size before relaxing)
 .stab          0x0000000000000840       0xb4 /usr/lib64/gcc/avr/4.7.1/avr51/libgcc.a(_clear_bss.o)
                                         0xc0 (size before relaxing)
 .stab          0x00000000000008f4       0x90 /usr/lib64/gcc/avr/4.7.1/../../../../avr/lib/avr51/libc.a(eerd_byte_at90usb1286.o)
                                         0x9c (size before relaxing)
 .stab          0x0000000000000984      0x114 /usr/lib64/gcc/avr/4.7.1/../../../../avr/lib/avr51/libc.a(eeupd_byte_at90usb1286.o)
                                        0x120 (size before relaxing)

.stabstr        0x0000000000000000      0x1b2
 *(.stabstr)
 .stabstr       0x0000000000000000      0x1b2 /usr/lib64/gcc/avr/4.7.1/../../../../avr/lib/avr51/crtusb1286.o

.stab.excl
 *(.stab.excl)

.stab.exclstr
 *(.stab.exclstr)

.stab.index
 *(.stab.index)

.stab.indexstr
 *(.stab.indexstr)

.comment        0x0000000000000000       0x11
 *(.comment)
 .comment       0x0000000000000000       0x11 obj_colossus/keymap_pg3.o
                                         0x12 (size before relaxing)
 .comment       0x0000000000000000       0x12 obj_colossus/keymap_common.o
 .comment       0x0000000000000000       0x12 obj_colossus/matrix.o
 .comment       0x0000000000000000       0x12 obj_colossus/led.o
 .comment       0x0000000000000000       0x12 obj_colossus/protocol/lufa/lufa.o
 .comment       0x0000000000000000       0x12 obj_colossus/protocol/lufa/descriptor.o
 .comment       0x0000000000000000       0x12 obj_colossus/protocol/lufa/LUFA-git/LUFA/Drivers/USB/Class/Common/HIDParser.o
 .comment       0x0000000000000000       0x12 obj_colossus/protocol/lufa/LUFA-git/LUFA/Drivers/USB/Core/AVR8/Device_AVR8.o
 .comment       0x0000000000000000       0x12 obj_colossus/protocol/lufa/LUFA-git/LUFA/Drivers/USB/Core/AVR8/EndpointStream_AVR8.o
 .comment       0x0000000000000000       0x12 obj_colossus/protocol/lufa/LUFA-git/LUFA/Drivers/USB/Core/AVR8/Endpoint_AVR8.o
 .comment       0x0000000000000000       0x12 obj_colossus/protocol/lufa/LUFA-git/LUFA/Drivers/USB/Core/AVR8/Host_AVR8.o
 .comment       0x0000000000000000       0x12 obj_colossus/protocol/lufa/LUFA-git/LUFA/Drivers/USB/Core/AVR8/PipeStream_AVR8.o
 .comment       0x0000000000000000       0x12 obj_colossus/protocol/lufa/LUFA-git/LUFA/Drivers/USB/Core/AVR8/Pipe_AVR8.o
 .comment       0x0000000000000000       0x12 obj_colossus/protocol/lufa/LUFA-git/LUFA/Drivers/USB/Core/AVR8/USBController_AVR8.o
 .comment       0x0000000000000000       0x12 obj_colossus/protocol/lufa/LUFA-git/LUFA/Drivers/USB/Core/AVR8/USBInterrupt_AVR8.o
 .comment       0x0000000000000000       0x12 obj_colossus/protocol/lufa/LUFA-git/LUFA/Drivers/USB/Core/ConfigDescriptors.o
 .comment       0x0000000000000000       0x12 obj_colossus/protocol/lufa/LUFA-git/LUFA/Drivers/USB/Core/DeviceStandardReq.o
 .comment       0x0000000000000000       0x12 obj_colossus/protocol/lufa/LUFA-git/LUFA/Drivers/USB/Core/Events.o
 .comment       0x0000000000000000       0x12 obj_colossus/protocol/lufa/LUFA-git/LUFA/Drivers/USB/Core/HostStandardReq.o
 .comment       0x0000000000000000       0x12 obj_colossus/protocol/lufa/LUFA-git/LUFA/Drivers/USB/Core/USBTask.o
 .comment       0x0000000000000000       0x12 obj_colossus/common/host.o
 .comment       0x0000000000000000       0x12 obj_colossus/common/keyboard.o
 .comment       0x0000000000000000       0x12 obj_colossus/common/action.o
 .comment       0x0000000000000000       0x12 obj_colossus/common/action_tapping.o
 .comment       0x0000000000000000       0x12 obj_colossus/common/action_macro.o
 .comment       0x0000000000000000       0x12 obj_colossus/common/action_layer.o
 .comment       0x0000000000000000       0x12 obj_colossus/common/action_util.o
 .comment       0x0000000000000000       0x12 obj_colossus/common/print.o
 .comment       0x0000000000000000       0x12 obj_colossus/common/debug.o
 .comment       0x0000000000000000       0x12 obj_colossus/common/util.o
 .comment       0x0000000000000000       0x12 obj_colossus/common/hook.o
 .comment       0x0000000000000000       0x12 obj_colossus/common/avr/suspend.o
 .comment       0x0000000000000000       0x12 obj_colossus/common/avr/timer.o
 .comment       0x0000000000000000       0x12 obj_colossus/common/avr/bootloader.o
 .comment       0x0000000000000000       0x12 obj_colossus/common/keymap.o
 .comment       0x0000000000000000       0x12 obj_colossus/common/avr/sleep_led.o

.debug
 *(.debug)

.line
 *(.line)

.debug_srcinfo
 *(.debug_srcinfo)

.debug_sfnames
 *(.debug_sfnames)

.debug_aranges  0x0000000000000000      0x940
 *(.debug_aranges)
 .debug_aranges
                0x0000000000000000       0x28 obj_colossus/keymap_pg3.o
 .debug_aranges
                0x0000000000000028       0x28 obj_colossus/keymap_common.o
 .debug_aranges
                0x0000000000000050       0x68 obj_colossus/matrix.o
 .debug_aranges
                0x00000000000000b8       0x20 obj_colossus/led.o
 .debug_aranges
                0x00000000000000d8       0xb0 obj_colossus/protocol/lufa/lufa.o
 .debug_aranges
                0x0000000000000188       0x20 obj_colossus/protocol/lufa/descriptor.o
 .debug_aranges
                0x00000000000001a8       0x38 obj_colossus/protocol/lufa/LUFA-git/LUFA/Drivers/USB/Class/Common/HIDParser.o
 .debug_aranges
                0x00000000000001e0       0x20 obj_colossus/protocol/lufa/LUFA-git/LUFA/Drivers/USB/Core/AVR8/Device_AVR8.o
 .debug_aranges
                0x0000000000000200       0xc8 obj_colossus/protocol/lufa/LUFA-git/LUFA/Drivers/USB/Core/AVR8/EndpointStream_AVR8.o
 .debug_aranges
                0x00000000000002c8       0x40 obj_colossus/protocol/lufa/LUFA-git/LUFA/Drivers/USB/Core/AVR8/Endpoint_AVR8.o
 .debug_aranges
                0x0000000000000308       0x18 obj_colossus/protocol/lufa/LUFA-git/LUFA/Drivers/USB/Core/AVR8/Host_AVR8.o
 .debug_aranges
                0x0000000000000320       0x18 obj_colossus/protocol/lufa/LUFA-git/LUFA/Drivers/USB/Core/AVR8/PipeStream_AVR8.o
 .debug_aranges
                0x0000000000000338       0x18 obj_colossus/protocol/lufa/LUFA-git/LUFA/Drivers/USB/Core/AVR8/Pipe_AVR8.o
 .debug_aranges
                0x0000000000000350       0x30 obj_colossus/protocol/lufa/LUFA-git/LUFA/Drivers/USB/Core/AVR8/USBController_AVR8.o
 .debug_aranges
                0x0000000000000380       0x38 obj_colossus/protocol/lufa/LUFA-git/LUFA/Drivers/USB/Core/AVR8/USBInterrupt_AVR8.o
 .debug_aranges
                0x00000000000003b8       0x40 obj_colossus/protocol/lufa/LUFA-git/LUFA/Drivers/USB/Core/ConfigDescriptors.o
 .debug_aranges
                0x00000000000003f8       0x20 obj_colossus/protocol/lufa/LUFA-git/LUFA/Drivers/USB/Core/DeviceStandardReq.o
 .debug_aranges
                0x0000000000000418       0x20 obj_colossus/protocol/lufa/LUFA-git/LUFA/Drivers/USB/Core/Events.o
 .debug_aranges
                0x0000000000000438       0x18 obj_colossus/protocol/lufa/LUFA-git/LUFA/Drivers/USB/Core/HostStandardReq.o
 .debug_aranges
                0x0000000000000450       0x20 obj_colossus/protocol/lufa/LUFA-git/LUFA/Drivers/USB/Core/USBTask.o
 .debug_aranges
                0x0000000000000470       0x60 obj_colossus/common/host.o
 .debug_aranges
                0x00000000000004d0       0x40 obj_colossus/common/keyboard.o
 .debug_aranges
                0x0000000000000510       0x78 obj_colossus/common/action.o
 .debug_aranges
                0x0000000000000588       0x40 obj_colossus/common/action_tapping.o
 .debug_aranges
                0x00000000000005c8       0x20 obj_colossus/common/action_macro.o
 .debug_aranges
                0x00000000000005e8       0xa0 obj_colossus/common/action_layer.o
 .debug_aranges
                0x0000000000000688       0xb0 obj_colossus/common/action_util.o
 .debug_aranges
                0x0000000000000738       0x18 obj_colossus/common/print.o
 .debug_aranges
                0x0000000000000750       0x18 obj_colossus/common/debug.o
 .debug_aranges
                0x0000000000000768       0x60 obj_colossus/common/util.o
 .debug_aranges
                0x00000000000007c8       0x48 obj_colossus/common/hook.o
 .debug_aranges
                0x0000000000000810       0x48 obj_colossus/common/avr/suspend.o
 .debug_aranges
                0x0000000000000858       0x50 obj_colossus/common/avr/timer.o
 .debug_aranges
                0x00000000000008a8       0x28 obj_colossus/common/avr/bootloader.o
 .debug_aranges
                0x00000000000008d0       0x30 obj_colossus/common/keymap.o
 .debug_aranges
                0x0000000000000900       0x40 obj_colossus/common/avr/sleep_led.o

.debug_pubnames
 *(.debug_pubnames)

.debug_info     0x0000000000000000     0xceb5
 *(.debug_info)
 .debug_info    0x0000000000000000      0xc40 obj_colossus/keymap_pg3.o
 .debug_info    0x0000000000000c40      0x655 obj_colossus/keymap_common.o
 .debug_info    0x0000000000001295      0x455 obj_colossus/matrix.o
 .debug_info    0x00000000000016ea       0x91 obj_colossus/led.o
 .debug_info    0x000000000000177b      0xf55 obj_colossus/protocol/lufa/lufa.o
 .debug_info    0x00000000000026d0      0x71e obj_colossus/protocol/lufa/descriptor.o
 .debug_info    0x0000000000002dee      0x73a obj_colossus/protocol/lufa/LUFA-git/LUFA/Drivers/USB/Class/Common/HIDParser.o
 .debug_info    0x0000000000003528       0xd2 obj_colossus/protocol/lufa/LUFA-git/LUFA/Drivers/USB/Core/AVR8/Device_AVR8.o
 .debug_info    0x00000000000035fa     0x17bb obj_colossus/protocol/lufa/LUFA-git/LUFA/Drivers/USB/Core/AVR8/EndpointStream_AVR8.o
 .debug_info    0x0000000000004db5      0x61b obj_colossus/protocol/lufa/LUFA-git/LUFA/Drivers/USB/Core/AVR8/Endpoint_AVR8.o
 .debug_info    0x00000000000053d0       0x56 obj_colossus/protocol/lufa/LUFA-git/LUFA/Drivers/USB/Core/AVR8/Host_AVR8.o
 .debug_info    0x0000000000005426       0x56 obj_colossus/protocol/lufa/LUFA-git/LUFA/Drivers/USB/Core/AVR8/PipeStream_AVR8.o
 .debug_info    0x000000000000547c       0x56 obj_colossus/protocol/lufa/LUFA-git/LUFA/Drivers/USB/Core/AVR8/Pipe_AVR8.o
 .debug_info    0x00000000000054d2      0x4cb obj_colossus/protocol/lufa/LUFA-git/LUFA/Drivers/USB/Core/AVR8/USBController_AVR8.o
 .debug_info    0x000000000000599d      0x7ca obj_colossus/protocol/lufa/LUFA-git/LUFA/Drivers/USB/Core/AVR8/USBInterrupt_AVR8.o
 .debug_info    0x0000000000006167      0x3cd obj_colossus/protocol/lufa/LUFA-git/LUFA/Drivers/USB/Core/ConfigDescriptors.o
 .debug_info    0x0000000000006534      0xa54 obj_colossus/protocol/lufa/LUFA-git/LUFA/Drivers/USB/Core/DeviceStandardReq.o
 .debug_info    0x0000000000006f88       0x78 obj_colossus/protocol/lufa/LUFA-git/LUFA/Drivers/USB/Core/Events.o
 .debug_info    0x0000000000007000       0x56 obj_colossus/protocol/lufa/LUFA-git/LUFA/Drivers/USB/Core/HostStandardReq.o
 .debug_info    0x0000000000007056      0x26d obj_colossus/protocol/lufa/LUFA-git/LUFA/Drivers/USB/Core/USBTask.o
 .debug_info    0x00000000000072c3      0x450 obj_colossus/common/host.o
 .debug_info    0x0000000000007713      0x4cb obj_colossus/common/keyboard.o
 .debug_info    0x0000000000007bde     0x144d obj_colossus/common/action.o
 .debug_info    0x000000000000902b      0xde5 obj_colossus/common/action_tapping.o
 .debug_info    0x0000000000009e10      0x876 obj_colossus/common/action_macro.o
 .debug_info    0x000000000000a686      0x7d3 obj_colossus/common/action_layer.o
 .debug_info    0x000000000000ae59      0x4f2 obj_colossus/common/action_util.o
 .debug_info    0x000000000000b34b       0x56 obj_colossus/common/print.o
 .debug_info    0x000000000000b3a1       0xfc obj_colossus/common/debug.o
 .debug_info    0x000000000000b49d      0x29b obj_colossus/common/util.o
 .debug_info    0x000000000000b738      0x1ff obj_colossus/common/hook.o
 .debug_info    0x000000000000b937      0x250 obj_colossus/common/avr/suspend.o
 .debug_info    0x000000000000bb87      0x208 obj_colossus/common/avr/timer.o
 .debug_info    0x000000000000bd8f      0x1a0 obj_colossus/common/avr/bootloader.o
 .debug_info    0x000000000000bf2f      0xd92 obj_colossus/common/keymap.o
 .debug_info    0x000000000000ccc1      0x1f4 obj_colossus/common/avr/sleep_led.o
 *(.gnu.linkonce.wi.*)

.debug_abbrev   0x0000000000000000     0x363d
 *(.debug_abbrev)
 .debug_abbrev  0x0000000000000000      0x1ca obj_colossus/keymap_pg3.o
 .debug_abbrev  0x00000000000001ca      0x16a obj_colossus/keymap_common.o
 .debug_abbrev  0x0000000000000334      0x242 obj_colossus/matrix.o
 .debug_abbrev  0x0000000000000576       0x60 obj_colossus/led.o
 .debug_abbrev  0x00000000000005d6      0x468 obj_colossus/protocol/lufa/lufa.o
 .debug_abbrev  0x0000000000000a3e      0x177 obj_colossus/protocol/lufa/descriptor.o
 .debug_abbrev  0x0000000000000bb5      0x22b obj_colossus/protocol/lufa/LUFA-git/LUFA/Drivers/USB/Class/Common/HIDParser.o
 .debug_abbrev  0x0000000000000de0       0x80 obj_colossus/protocol/lufa/LUFA-git/LUFA/Drivers/USB/Core/AVR8/Device_AVR8.o
 .debug_abbrev  0x0000000000000e60      0x21a obj_colossus/protocol/lufa/LUFA-git/LUFA/Drivers/USB/Core/AVR8/EndpointStream_AVR8.o
 .debug_abbrev  0x000000000000107a      0x222 obj_colossus/protocol/lufa/LUFA-git/LUFA/Drivers/USB/Core/AVR8/Endpoint_AVR8.o
 .debug_abbrev  0x000000000000129c       0x26 obj_colossus/protocol/lufa/LUFA-git/LUFA/Drivers/USB/Core/AVR8/Host_AVR8.o
 .debug_abbrev  0x00000000000012c2       0x26 obj_colossus/protocol/lufa/LUFA-git/LUFA/Drivers/USB/Core/AVR8/PipeStream_AVR8.o
 .debug_abbrev  0x00000000000012e8       0x26 obj_colossus/protocol/lufa/LUFA-git/LUFA/Drivers/USB/Core/AVR8/Pipe_AVR8.o
 .debug_abbrev  0x000000000000130e      0x196 obj_colossus/protocol/lufa/LUFA-git/LUFA/Drivers/USB/Core/AVR8/USBController_AVR8.o
 .debug_abbrev  0x00000000000014a4      0x22f obj_colossus/protocol/lufa/LUFA-git/LUFA/Drivers/USB/Core/AVR8/USBInterrupt_AVR8.o
 .debug_abbrev  0x00000000000016d3      0x183 obj_colossus/protocol/lufa/LUFA-git/LUFA/Drivers/USB/Core/ConfigDescriptors.o
 .debug_abbrev  0x0000000000001856      0x2c7 obj_colossus/protocol/lufa/LUFA-git/LUFA/Drivers/USB/Core/DeviceStandardReq.o
 .debug_abbrev  0x0000000000001b1d       0x44 obj_colossus/protocol/lufa/LUFA-git/LUFA/Drivers/USB/Core/Events.o
 .debug_abbrev  0x0000000000001b61       0x26 obj_colossus/protocol/lufa/LUFA-git/LUFA/Drivers/USB/Core/HostStandardReq.o
 .debug_abbrev  0x0000000000001b87      0x16a obj_colossus/protocol/lufa/LUFA-git/LUFA/Drivers/USB/Core/USBTask.o
 .debug_abbrev  0x0000000000001cf1      0x16f obj_colossus/common/host.o
 .debug_abbrev  0x0000000000001e60      0x296 obj_colossus/common/keyboard.o
 .debug_abbrev  0x00000000000020f6      0x2c5 obj_colossus/common/action.o
 .debug_abbrev  0x00000000000023bb      0x2e5 obj_colossus/common/action_tapping.o
 .debug_abbrev  0x00000000000026a0      0x18b obj_colossus/common/action_macro.o
 .debug_abbrev  0x000000000000282b      0x20b obj_colossus/common/action_layer.o
 .debug_abbrev  0x0000000000002a36      0x20f obj_colossus/common/action_util.o
 .debug_abbrev  0x0000000000002c45       0x26 obj_colossus/common/print.o
 .debug_abbrev  0x0000000000002c6b       0x87 obj_colossus/common/debug.o
 .debug_abbrev  0x0000000000002cf2       0xcb obj_colossus/common/util.o
 .debug_abbrev  0x0000000000002dbd      0x100 obj_colossus/common/hook.o
 .debug_abbrev  0x0000000000002ebd      0x19e obj_colossus/common/avr/suspend.o
 .debug_abbrev  0x000000000000305b      0x11e obj_colossus/common/avr/timer.o
 .debug_abbrev  0x0000000000003179      0x123 obj_colossus/common/avr/bootloader.o
 .debug_abbrev  0x000000000000329c      0x262 obj_colossus/common/keymap.o
 .debug_abbrev  0x00000000000034fe      0x13f obj_colossus/common/avr/sleep_led.o

.debug_line     0x0000000000000000     0x4c67
 *(.debug_line)
 .debug_line    0x0000000000000000      0x13f obj_colossus/keymap_pg3.o
 .debug_line    0x000000000000013f       0xeb obj_colossus/keymap_common.o
 .debug_line    0x000000000000022a      0x21e obj_colossus/matrix.o
 .debug_line    0x0000000000000448       0x7e obj_colossus/led.o
 .debug_line    0x00000000000004c6      0x6a7 obj_colossus/protocol/lufa/lufa.o
 .debug_line    0x0000000000000b6d      0x21b obj_colossus/protocol/lufa/descriptor.o
 .debug_line    0x0000000000000d88      0x274 obj_colossus/protocol/lufa/LUFA-git/LUFA/Drivers/USB/Class/Common/HIDParser.o
 .debug_line    0x0000000000000ffc      0x153 obj_colossus/protocol/lufa/LUFA-git/LUFA/Drivers/USB/Core/AVR8/Device_AVR8.o
 .debug_line    0x000000000000114f      0xd45 obj_colossus/protocol/lufa/LUFA-git/LUFA/Drivers/USB/Core/AVR8/EndpointStream_AVR8.o
 .debug_line    0x0000000000001e94      0x42e obj_colossus/protocol/lufa/LUFA-git/LUFA/Drivers/USB/Core/AVR8/Endpoint_AVR8.o
 .debug_line    0x00000000000022c2       0x1d obj_colossus/protocol/lufa/LUFA-git/LUFA/Drivers/USB/Core/AVR8/Host_AVR8.o
 .debug_line    0x00000000000022df       0x1d obj_colossus/protocol/lufa/LUFA-git/LUFA/Drivers/USB/Core/AVR8/PipeStream_AVR8.o
 .debug_line    0x00000000000022fc       0x1d obj_colossus/protocol/lufa/LUFA-git/LUFA/Drivers/USB/Core/AVR8/Pipe_AVR8.o
 .debug_line    0x0000000000002319      0x335 obj_colossus/protocol/lufa/LUFA-git/LUFA/Drivers/USB/Core/AVR8/USBController_AVR8.o
 .debug_line    0x000000000000264e      0x515 obj_colossus/protocol/lufa/LUFA-git/LUFA/Drivers/USB/Core/AVR8/USBInterrupt_AVR8.o
 .debug_line    0x0000000000002b63      0x1b5 obj_colossus/protocol/lufa/LUFA-git/LUFA/Drivers/USB/Core/ConfigDescriptors.o
 .debug_line    0x0000000000002d18      0x3ae obj_colossus/protocol/lufa/LUFA-git/LUFA/Drivers/USB/Core/DeviceStandardReq.o
 .debug_line    0x00000000000030c6       0x7a obj_colossus/protocol/lufa/LUFA-git/LUFA/Drivers/USB/Core/Events.o
 .debug_line    0x0000000000003140       0x1d obj_colossus/protocol/lufa/LUFA-git/LUFA/Drivers/USB/Core/HostStandardReq.o
 .debug_line    0x000000000000315d      0x1c4 obj_colossus/protocol/lufa/LUFA-git/LUFA/Drivers/USB/Core/USBTask.o
 .debug_line    0x0000000000003321      0x147 obj_colossus/common/host.o
 .debug_line    0x0000000000003468      0x17e obj_colossus/common/keyboard.o
 .debug_line    0x00000000000035e6      0x3f3 obj_colossus/common/action.o
 .debug_line    0x00000000000039d9      0x2a2 obj_colossus/common/action_tapping.o
 .debug_line    0x0000000000003c7b      0x152 obj_colossus/common/action_macro.o
 .debug_line    0x0000000000003dcd      0x1ec obj_colossus/common/action_layer.o
 .debug_line    0x0000000000003fb9      0x226 obj_colossus/common/action_util.o
 .debug_line    0x00000000000041df       0x1d obj_colossus/common/print.o
 .debug_line    0x00000000000041fc       0x8c obj_colossus/common/debug.o
 .debug_line    0x0000000000004288      0x1a1 obj_colossus/common/util.o
 .debug_line    0x0000000000004429       0xeb obj_colossus/common/hook.o
 .debug_line    0x0000000000004514      0x1db obj_colossus/common/avr/suspend.o
 .debug_line    0x00000000000046ef      0x135 obj_colossus/common/avr/timer.o
 .debug_line    0x0000000000004824      0x1b5 obj_colossus/common/avr/bootloader.o
 .debug_line    0x00000000000049d9      0x181 obj_colossus/common/keymap.o
 .debug_line    0x0000000000004b5a      0x10d obj_colossus/common/avr/sleep_led.o

.debug_frame    0x0000000000000000     0x17a4
 *(.debug_frame)
 .debug_frame   0x0000000000000000       0x4c obj_colossus/keymap_pg3.o
 .debug_frame   0x000000000000004c       0x34 obj_colossus/keymap_common.o
 .debug_frame   0x0000000000000080      0x100 obj_colossus/matrix.o
 .debug_frame   0x0000000000000180       0x24 obj_colossus/led.o
 .debug_frame   0x00000000000001a4      0x178 obj_colossus/protocol/lufa/lufa.o
 .debug_frame   0x000000000000031c       0x24 obj_colossus/protocol/lufa/descriptor.o
 .debug_frame   0x0000000000000340      0x134 obj_colossus/protocol/lufa/LUFA-git/LUFA/Drivers/USB/Class/Common/HIDParser.o
 .debug_frame   0x0000000000000474       0x24 obj_colossus/protocol/lufa/LUFA-git/LUFA/Drivers/USB/Core/AVR8/Device_AVR8.o
 .debug_frame   0x0000000000000498      0x474 obj_colossus/protocol/lufa/LUFA-git/LUFA/Drivers/USB/Core/AVR8/EndpointStream_AVR8.o
 .debug_frame   0x000000000000090c       0x7c obj_colossus/protocol/lufa/LUFA-git/LUFA/Drivers/USB/Core/AVR8/Endpoint_AVR8.o
 .debug_frame   0x0000000000000988       0x5c obj_colossus/protocol/lufa/LUFA-git/LUFA/Drivers/USB/Core/AVR8/USBController_AVR8.o
 .debug_frame   0x00000000000009e4      0x104 obj_colossus/protocol/lufa/LUFA-git/LUFA/Drivers/USB/Core/AVR8/USBInterrupt_AVR8.o
 .debug_frame   0x0000000000000ae8      0x124 obj_colossus/protocol/lufa/LUFA-git/LUFA/Drivers/USB/Core/ConfigDescriptors.o
 .debug_frame   0x0000000000000c0c       0x3c obj_colossus/protocol/lufa/LUFA-git/LUFA/Drivers/USB/Core/DeviceStandardReq.o
 .debug_frame   0x0000000000000c48       0x24 obj_colossus/protocol/lufa/LUFA-git/LUFA/Drivers/USB/Core/Events.o
 .debug_frame   0x0000000000000c6c       0x2c obj_colossus/protocol/lufa/LUFA-git/LUFA/Drivers/USB/Core/USBTask.o
 .debug_frame   0x0000000000000c98       0xa4 obj_colossus/common/host.o
 .debug_frame   0x0000000000000d3c       0xd8 obj_colossus/common/keyboard.o
 .debug_frame   0x0000000000000e14      0x148 obj_colossus/common/action.o
 .debug_frame   0x0000000000000f5c       0xd4 obj_colossus/common/action_tapping.o
 .debug_frame   0x0000000000001030       0x48 obj_colossus/common/action_macro.o
 .debug_frame   0x0000000000001078      0x19c obj_colossus/common/action_layer.o
 .debug_frame   0x0000000000001214      0x144 obj_colossus/common/action_util.o
 .debug_frame   0x0000000000001358      0x11c obj_colossus/common/util.o
 .debug_frame   0x0000000000001474       0x88 obj_colossus/common/hook.o
 .debug_frame   0x00000000000014fc       0x7c obj_colossus/common/avr/suspend.o
 .debug_frame   0x0000000000001578       0xfc obj_colossus/common/avr/timer.o
 .debug_frame   0x0000000000001674       0x34 obj_colossus/common/avr/bootloader.o
 .debug_frame   0x00000000000016a8       0x44 obj_colossus/common/keymap.o
 .debug_frame   0x00000000000016ec       0xb8 obj_colossus/common/avr/sleep_led.o

.debug_str      0x0000000000000000     0x3feb
 *(.debug_str)
 .debug_str     0x0000000000000000      0xc7a obj_colossus/keymap_pg3.o
                                        0xccc (size before relaxing)
 .debug_str     0x0000000000000c7a       0xe8 obj_colossus/keymap_common.o
                                        0x5b5 (size before relaxing)
 .debug_str     0x0000000000000d62      0x144 obj_colossus/matrix.o
                                        0x264 (size before relaxing)
 .debug_str     0x0000000000000ea6       0x10 obj_colossus/led.o
                                        0x108 (size before relaxing)
 .debug_str     0x0000000000000eb6      0x7c2 obj_colossus/protocol/lufa/lufa.o
                                        0x98f (size before relaxing)
 .debug_str     0x0000000000001678      0x70e obj_colossus/protocol/lufa/descriptor.o
                                        0x894 (size before relaxing)
 .debug_str     0x0000000000001d86      0x4ba obj_colossus/protocol/lufa/LUFA-git/LUFA/Drivers/USB/Class/Common/HIDParser.o
                                        0x662 (size before relaxing)
 .debug_str     0x0000000000002240       0x81 obj_colossus/protocol/lufa/LUFA-git/LUFA/Drivers/USB/Core/AVR8/Device_AVR8.o
                                        0x19e (size before relaxing)
 .debug_str     0x00000000000022c1      0x508 obj_colossus/protocol/lufa/LUFA-git/LUFA/Drivers/USB/Core/AVR8/EndpointStream_AVR8.o
                                        0x805 (size before relaxing)
 .debug_str     0x00000000000027c9      0x277 obj_colossus/protocol/lufa/LUFA-git/LUFA/Drivers/USB/Core/AVR8/Endpoint_AVR8.o
                                        0x5c0 (size before relaxing)
 .debug_str     0x0000000000002a40       0x53 obj_colossus/protocol/lufa/LUFA-git/LUFA/Drivers/USB/Core/AVR8/Host_AVR8.o
                                        0x13d (size before relaxing)
 .debug_str     0x0000000000002a93       0x59 obj_colossus/protocol/lufa/LUFA-git/LUFA/Drivers/USB/Core/AVR8/PipeStream_AVR8.o
                                        0x143 (size before relaxing)
 .debug_str     0x0000000000002aec       0x53 obj_colossus/protocol/lufa/LUFA-git/LUFA/Drivers/USB/Core/AVR8/Pipe_AVR8.o
                                        0x13d (size before relaxing)
 .debug_str     0x0000000000002b3f      0x1e3 obj_colossus/protocol/lufa/LUFA-git/LUFA/Drivers/USB/Core/AVR8/USBController_AVR8.o
                                        0x4ff (size before relaxing)
 .debug_str     0x0000000000002d22      0x169 obj_colossus/protocol/lufa/LUFA-git/LUFA/Drivers/USB/Core/AVR8/USBInterrupt_AVR8.o
                                        0x57e (size before relaxing)
 .debug_str     0x0000000000002e8b      0x24d obj_colossus/protocol/lufa/LUFA-git/LUFA/Drivers/USB/Core/ConfigDescriptors.o
                                        0x386 (size before relaxing)
 .debug_str     0x00000000000030d8      0x421 obj_colossus/protocol/lufa/LUFA-git/LUFA/Drivers/USB/Core/DeviceStandardReq.o
                                        0x972 (size before relaxing)
 .debug_str     0x00000000000034f9       0x5a obj_colossus/protocol/lufa/LUFA-git/LUFA/Drivers/USB/Core/Events.o
                                        0x144 (size before relaxing)
 .debug_str     0x0000000000003553       0x54 obj_colossus/protocol/lufa/LUFA-git/LUFA/Drivers/USB/Core/HostStandardReq.o
                                        0x13e (size before relaxing)
 .debug_str     0x00000000000035a7       0x74 obj_colossus/protocol/lufa/LUFA-git/LUFA/Drivers/USB/Core/USBTask.o
                                        0x325 (size before relaxing)
 .debug_str     0x000000000000361b       0xdc obj_colossus/common/host.o
                                        0x2db (size before relaxing)
 .debug_str     0x00000000000036f7       0xf8 obj_colossus/common/keyboard.o
                                        0x2ff (size before relaxing)
 .debug_str     0x00000000000037ef      0x2b2 obj_colossus/common/action.o
                                       0x1025 (size before relaxing)
 .debug_str     0x0000000000003aa1       0xf2 obj_colossus/common/action_tapping.o
                                        0xa70 (size before relaxing)
 .debug_str     0x0000000000003b93       0x51 obj_colossus/common/action_macro.o
                                        0x84e (size before relaxing)
 .debug_str     0x0000000000003be4       0xab obj_colossus/common/action_layer.o
                                        0x3b0 (size before relaxing)
 .debug_str     0x0000000000003c8f       0x9b obj_colossus/common/action_util.o
                                        0x2b6 (size before relaxing)
 .debug_str     0x0000000000003d2a       0x24 obj_colossus/common/print.o
                                        0x10e (size before relaxing)
 .debug_str     0x0000000000003d4e       0x24 obj_colossus/common/debug.o
                                        0x15e (size before relaxing)
 .debug_str     0x0000000000003d72       0x5b obj_colossus/common/util.o
                                        0x174 (size before relaxing)
 .debug_str     0x0000000000003dcd       0x32 obj_colossus/common/hook.o
                                        0x20c (size before relaxing)
 .debug_str     0x0000000000003dff       0x6a obj_colossus/common/avr/suspend.o
                                        0x2ac (size before relaxing)
 .debug_str     0x0000000000003e69       0x81 obj_colossus/common/avr/timer.o
                                        0x19b (size before relaxing)
 .debug_str     0x0000000000003eea       0x5c obj_colossus/common/avr/bootloader.o
                                        0x1ea (size before relaxing)
 .debug_str     0x0000000000003f46       0x37 obj_colossus/common/keymap.o
                                        0xd68 (size before relaxing)
 .debug_str     0x0000000000003f7d       0x6e obj_colossus/common/avr/sleep_led.o
                                        0x1c9 (size before relaxing)

.debug_loc      0x0000000000000000     0x6b66
 *(.debug_loc)
 .debug_loc     0x0000000000000000      0x1e3 obj_colossus/keymap_pg3.o
 .debug_loc     0x00000000000001e3       0xa3 obj_colossus/keymap_common.o
 .debug_loc     0x0000000000000286      0x1df obj_colossus/matrix.o
 .debug_loc     0x0000000000000465      0x369 obj_colossus/protocol/lufa/lufa.o
 .debug_loc     0x00000000000007ce      0x274 obj_colossus/protocol/lufa/descriptor.o
 .debug_loc     0x0000000000000a42      0x956 obj_colossus/protocol/lufa/LUFA-git/LUFA/Drivers/USB/Class/Common/HIDParser.o
 .debug_loc     0x0000000000001398     0x1f32 obj_colossus/protocol/lufa/LUFA-git/LUFA/Drivers/USB/Core/AVR8/EndpointStream_AVR8.o
 .debug_loc     0x00000000000032ca      0x3eb obj_colossus/protocol/lufa/LUFA-git/LUFA/Drivers/USB/Core/AVR8/Endpoint_AVR8.o
 .debug_loc     0x00000000000036b5       0x49 obj_colossus/protocol/lufa/LUFA-git/LUFA/Drivers/USB/Core/AVR8/USBController_AVR8.o
 .debug_loc     0x00000000000036fe      0x346 obj_colossus/protocol/lufa/LUFA-git/LUFA/Drivers/USB/Core/AVR8/USBInterrupt_AVR8.o
 .debug_loc     0x0000000000003a44      0x5bf obj_colossus/protocol/lufa/LUFA-git/LUFA/Drivers/USB/Core/ConfigDescriptors.o
 .debug_loc     0x0000000000004003      0x284 obj_colossus/protocol/lufa/LUFA-git/LUFA/Drivers/USB/Core/DeviceStandardReq.o
 .debug_loc     0x0000000000004287       0x49 obj_colossus/protocol/lufa/LUFA-git/LUFA/Drivers/USB/Core/USBTask.o
 .debug_loc     0x00000000000042d0       0xd8 obj_colossus/common/host.o
 .debug_loc     0x00000000000043a8      0x232 obj_colossus/common/keyboard.o
 .debug_loc     0x00000000000045da      0xbbd obj_colossus/common/action.o
 .debug_loc     0x0000000000005197      0x4d2 obj_colossus/common/action_tapping.o
 .debug_loc     0x0000000000005669      0x556 obj_colossus/common/action_macro.o
 .debug_loc     0x0000000000005bbf      0x427 obj_colossus/common/action_layer.o
 .debug_loc     0x0000000000005fe6       0xd1 obj_colossus/common/action_util.o
 .debug_loc     0x00000000000060b7      0x53a obj_colossus/common/util.o
 .debug_loc     0x00000000000065f1       0x69 obj_colossus/common/hook.o
 .debug_loc     0x000000000000665a       0x62 obj_colossus/common/avr/suspend.o
 .debug_loc     0x00000000000066bc      0x253 obj_colossus/common/avr/timer.o
 .debug_loc     0x000000000000690f      0x150 obj_colossus/common/keymap.o
 .debug_loc     0x0000000000006a5f      0x107 obj_colossus/common/avr/sleep_led.o

.debug_macinfo
 *(.debug_macinfo)

.debug_pubtypes
 *(.debug_pubtypes)

.debug_ranges   0x0000000000000000      0xb10
 *(.debug_ranges)
 .debug_ranges  0x0000000000000000       0x88 obj_colossus/keymap_pg3.o
 .debug_ranges  0x0000000000000088       0x18 obj_colossus/keymap_common.o
 .debug_ranges  0x00000000000000a0       0x70 obj_colossus/matrix.o
 .debug_ranges  0x0000000000000110       0x10 obj_colossus/led.o
 .debug_ranges  0x0000000000000120       0xa0 obj_colossus/protocol/lufa/lufa.o
 .debug_ranges  0x00000000000001c0       0x10 obj_colossus/protocol/lufa/descriptor.o
 .debug_ranges  0x00000000000001d0       0xc8 obj_colossus/protocol/lufa/LUFA-git/LUFA/Drivers/USB/Class/Common/HIDParser.o
 .debug_ranges  0x0000000000000298       0x10 obj_colossus/protocol/lufa/LUFA-git/LUFA/Drivers/USB/Core/AVR8/Device_AVR8.o
 .debug_ranges  0x00000000000002a8      0x238 obj_colossus/protocol/lufa/LUFA-git/LUFA/Drivers/USB/Core/AVR8/EndpointStream_AVR8.o
 .debug_ranges  0x00000000000004e0       0x98 obj_colossus/protocol/lufa/LUFA-git/LUFA/Drivers/USB/Core/AVR8/Endpoint_AVR8.o
 .debug_ranges  0x0000000000000578       0x20 obj_colossus/protocol/lufa/LUFA-git/LUFA/Drivers/USB/Core/AVR8/USBController_AVR8.o
 .debug_ranges  0x0000000000000598       0x28 obj_colossus/protocol/lufa/LUFA-git/LUFA/Drivers/USB/Core/AVR8/USBInterrupt_AVR8.o
 .debug_ranges  0x00000000000005c0       0x30 obj_colossus/protocol/lufa/LUFA-git/LUFA/Drivers/USB/Core/ConfigDescriptors.o
 .debug_ranges  0x00000000000005f0       0x28 obj_colossus/protocol/lufa/LUFA-git/LUFA/Drivers/USB/Core/DeviceStandardReq.o
 .debug_ranges  0x0000000000000618       0x10 obj_colossus/protocol/lufa/LUFA-git/LUFA/Drivers/USB/Core/Events.o
 .debug_ranges  0x0000000000000628       0x10 obj_colossus/protocol/lufa/LUFA-git/LUFA/Drivers/USB/Core/USBTask.o
 .debug_ranges  0x0000000000000638       0x50 obj_colossus/common/host.o
 .debug_ranges  0x0000000000000688       0x90 obj_colossus/common/keyboard.o
 .debug_ranges  0x0000000000000718       0xf0 obj_colossus/common/action.o
 .debug_ranges  0x0000000000000808       0x60 obj_colossus/common/action_tapping.o
 .debug_ranges  0x0000000000000868       0x10 obj_colossus/common/action_macro.o
 .debug_ranges  0x0000000000000878       0x90 obj_colossus/common/action_layer.o
 .debug_ranges  0x0000000000000908       0xa0 obj_colossus/common/action_util.o
 .debug_ranges  0x00000000000009a8       0x50 obj_colossus/common/util.o
 .debug_ranges  0x00000000000009f8       0x38 obj_colossus/common/hook.o
 .debug_ranges  0x0000000000000a30       0x38 obj_colossus/common/avr/suspend.o
 .debug_ranges  0x0000000000000a68       0x40 obj_colossus/common/avr/timer.o
 .debug_ranges  0x0000000000000aa8       0x18 obj_colossus/common/avr/bootloader.o
 .debug_ranges  0x0000000000000ac0       0x20 obj_colossus/common/keymap.o
 .debug_ranges  0x0000000000000ae0       0x30 obj_colossus/common/avr/sleep_led.o

.debug_macro
 *(.debug_macro)
OUTPUT(colossus.elf elf32-avr)
LOAD linker stubs

Cross Reference Table

Symbol                                            File
CALLBACK_HIDParser_FilterHIDReportItem            obj_colossus/protocol/lufa/LUFA-git/LUFA/Drivers/USB/Class/Common/HIDParser.o
CALLBACK_USB_GetDescriptor                        obj_colossus/protocol/lufa/descriptor.o
                                                  obj_colossus/protocol/lufa/LUFA-git/LUFA/Drivers/USB/Core/DeviceStandardReq.o
ConfigurationDescriptor                           obj_colossus/protocol/lufa/descriptor.o
DeviceDescriptor                                  obj_colossus/protocol/lufa/descriptor.o
EVENT_USB_Device_ConfigurationChanged             obj_colossus/protocol/lufa/lufa.o
                                                  obj_colossus/protocol/lufa/LUFA-git/LUFA/Drivers/USB/Core/DeviceStandardReq.o
EVENT_USB_Device_Connect                          obj_colossus/protocol/lufa/lufa.o
                                                  obj_colossus/protocol/lufa/LUFA-git/LUFA/Drivers/USB/Core/AVR8/USBInterrupt_AVR8.o
EVENT_USB_Device_ControlRequest                   obj_colossus/protocol/lufa/lufa.o
                                                  obj_colossus/protocol/lufa/LUFA-git/LUFA/Drivers/USB/Core/DeviceStandardReq.o
EVENT_USB_Device_Disconnect                       obj_colossus/protocol/lufa/lufa.o
                                                  obj_colossus/protocol/lufa/LUFA-git/LUFA/Drivers/USB/Core/AVR8/USBInterrupt_AVR8.o
EVENT_USB_Device_Reset                            obj_colossus/protocol/lufa/lufa.o
                                                  obj_colossus/protocol/lufa/LUFA-git/LUFA/Drivers/USB/Core/AVR8/USBInterrupt_AVR8.o
EVENT_USB_Device_StartOfFrame                     obj_colossus/protocol/lufa/LUFA-git/LUFA/Drivers/USB/Core/Events.o
                                                  obj_colossus/protocol/lufa/LUFA-git/LUFA/Drivers/USB/Core/AVR8/USBInterrupt_AVR8.o
EVENT_USB_Device_Suspend                          obj_colossus/protocol/lufa/lufa.o
                                                  obj_colossus/protocol/lufa/LUFA-git/LUFA/Drivers/USB/Core/AVR8/USBInterrupt_AVR8.o
EVENT_USB_Device_WakeUp                           obj_colossus/protocol/lufa/lufa.o
                                                  obj_colossus/protocol/lufa/LUFA-git/LUFA/Drivers/USB/Core/AVR8/USBInterrupt_AVR8.o
Endpoint_ClearEndpoints                           obj_colossus/protocol/lufa/LUFA-git/LUFA/Drivers/USB/Core/AVR8/Endpoint_AVR8.o
Endpoint_ClearStatusStage                         obj_colossus/protocol/lufa/LUFA-git/LUFA/Drivers/USB/Core/AVR8/Endpoint_AVR8.o
                                                  obj_colossus/protocol/lufa/LUFA-git/LUFA/Drivers/USB/Core/DeviceStandardReq.o
                                                  obj_colossus/protocol/lufa/lufa.o
Endpoint_ConfigureEndpointTable                   obj_colossus/protocol/lufa/LUFA-git/LUFA/Drivers/USB/Core/AVR8/Endpoint_AVR8.o
Endpoint_ConfigureEndpoint_Prv                    obj_colossus/protocol/lufa/LUFA-git/LUFA/Drivers/USB/Core/AVR8/Endpoint_AVR8.o
                                                  obj_colossus/protocol/lufa/LUFA-git/LUFA/Drivers/USB/Core/AVR8/USBInterrupt_AVR8.o
                                                  obj_colossus/protocol/lufa/LUFA-git/LUFA/Drivers/USB/Core/AVR8/USBController_AVR8.o
                                                  obj_colossus/protocol/lufa/lufa.o
Endpoint_Discard_Stream                           obj_colossus/protocol/lufa/LUFA-git/LUFA/Drivers/USB/Core/AVR8/EndpointStream_AVR8.o
Endpoint_Null_Stream                              obj_colossus/protocol/lufa/LUFA-git/LUFA/Drivers/USB/Core/AVR8/EndpointStream_AVR8.o
Endpoint_Read_Control_EStream_BE                  obj_colossus/protocol/lufa/LUFA-git/LUFA/Drivers/USB/Core/AVR8/EndpointStream_AVR8.o
Endpoint_Read_Control_EStream_LE                  obj_colossus/protocol/lufa/LUFA-git/LUFA/Drivers/USB/Core/AVR8/EndpointStream_AVR8.o
Endpoint_Read_Control_Stream_BE                   obj_colossus/protocol/lufa/LUFA-git/LUFA/Drivers/USB/Core/AVR8/EndpointStream_AVR8.o
Endpoint_Read_Control_Stream_LE                   obj_colossus/protocol/lufa/LUFA-git/LUFA/Drivers/USB/Core/AVR8/EndpointStream_AVR8.o
Endpoint_Read_EStream_BE                          obj_colossus/protocol/lufa/LUFA-git/LUFA/Drivers/USB/Core/AVR8/EndpointStream_AVR8.o
Endpoint_Read_EStream_LE                          obj_colossus/protocol/lufa/LUFA-git/LUFA/Drivers/USB/Core/AVR8/EndpointStream_AVR8.o
Endpoint_Read_Stream_BE                           obj_colossus/protocol/lufa/LUFA-git/LUFA/Drivers/USB/Core/AVR8/EndpointStream_AVR8.o
Endpoint_Read_Stream_LE                           obj_colossus/protocol/lufa/LUFA-git/LUFA/Drivers/USB/Core/AVR8/EndpointStream_AVR8.o
Endpoint_WaitUntilReady                           obj_colossus/protocol/lufa/LUFA-git/LUFA/Drivers/USB/Core/AVR8/Endpoint_AVR8.o
                                                  obj_colossus/protocol/lufa/LUFA-git/LUFA/Drivers/USB/Core/AVR8/EndpointStream_AVR8.o
Endpoint_Write_Control_EStream_BE                 obj_colossus/protocol/lufa/LUFA-git/LUFA/Drivers/USB/Core/AVR8/EndpointStream_AVR8.o
Endpoint_Write_Control_EStream_LE                 obj_colossus/protocol/lufa/LUFA-git/LUFA/Drivers/USB/Core/AVR8/EndpointStream_AVR8.o
Endpoint_Write_Control_PStream_BE                 obj_colossus/protocol/lufa/LUFA-git/LUFA/Drivers/USB/Core/AVR8/EndpointStream_AVR8.o
Endpoint_Write_Control_PStream_LE                 obj_colossus/protocol/lufa/LUFA-git/LUFA/Drivers/USB/Core/AVR8/EndpointStream_AVR8.o
                                                  obj_colossus/protocol/lufa/LUFA-git/LUFA/Drivers/USB/Core/DeviceStandardReq.o
Endpoint_Write_Control_Stream_BE                  obj_colossus/protocol/lufa/LUFA-git/LUFA/Drivers/USB/Core/AVR8/EndpointStream_AVR8.o
Endpoint_Write_Control_Stream_LE                  obj_colossus/protocol/lufa/LUFA-git/LUFA/Drivers/USB/Core/AVR8/EndpointStream_AVR8.o
                                                  obj_colossus/protocol/lufa/LUFA-git/LUFA/Drivers/USB/Core/DeviceStandardReq.o
                                                  obj_colossus/protocol/lufa/lufa.o
Endpoint_Write_EStream_BE                         obj_colossus/protocol/lufa/LUFA-git/LUFA/Drivers/USB/Core/AVR8/EndpointStream_AVR8.o
Endpoint_Write_EStream_LE                         obj_colossus/protocol/lufa/LUFA-git/LUFA/Drivers/USB/Core/AVR8/EndpointStream_AVR8.o
Endpoint_Write_PStream_BE                         obj_colossus/protocol/lufa/LUFA-git/LUFA/Drivers/USB/Core/AVR8/EndpointStream_AVR8.o
Endpoint_Write_PStream_LE                         obj_colossus/protocol/lufa/LUFA-git/LUFA/Drivers/USB/Core/AVR8/EndpointStream_AVR8.o
Endpoint_Write_Stream_BE                          obj_colossus/protocol/lufa/LUFA-git/LUFA/Drivers/USB/Core/AVR8/EndpointStream_AVR8.o
Endpoint_Write_Stream_LE                          obj_colossus/protocol/lufa/LUFA-git/LUFA/Drivers/USB/Core/AVR8/EndpointStream_AVR8.o
                                                  obj_colossus/protocol/lufa/lufa.o
ExtrakeyReport                                    obj_colossus/protocol/lufa/descriptor.o
KeyboardReport                                    obj_colossus/protocol/lufa/descriptor.o
LanguageString                                    obj_colossus/protocol/lufa/descriptor.o
ManufacturerString                                obj_colossus/protocol/lufa/descriptor.o
ProductString                                     obj_colossus/protocol/lufa/descriptor.o
USB_ControlRequest                                obj_colossus/protocol/lufa/LUFA-git/LUFA/Drivers/USB/Core/USBTask.o
                                                  obj_colossus/protocol/lufa/LUFA-git/LUFA/Drivers/USB/Core/DeviceStandardReq.o
                                                  obj_colossus/protocol/lufa/LUFA-git/LUFA/Drivers/USB/Core/AVR8/Endpoint_AVR8.o
                                                  obj_colossus/protocol/lufa/LUFA-git/LUFA/Drivers/USB/Core/AVR8/EndpointStream_AVR8.o
                                                  obj_colossus/protocol/lufa/lufa.o
USB_DeviceState                                   obj_colossus/common/avr/suspend.o
                                                  obj_colossus/protocol/lufa/LUFA-git/LUFA/Drivers/USB/Core/USBTask.o
                                                  obj_colossus/protocol/lufa/LUFA-git/LUFA/Drivers/USB/Core/DeviceStandardReq.o
                                                  obj_colossus/protocol/lufa/LUFA-git/LUFA/Drivers/USB/Core/AVR8/USBInterrupt_AVR8.o
                                                  obj_colossus/protocol/lufa/LUFA-git/LUFA/Drivers/USB/Core/AVR8/USBController_AVR8.o
                                                  obj_colossus/protocol/lufa/LUFA-git/LUFA/Drivers/USB/Core/AVR8/Endpoint_AVR8.o
                                                  obj_colossus/protocol/lufa/LUFA-git/LUFA/Drivers/USB/Core/AVR8/EndpointStream_AVR8.o
                                                  obj_colossus/protocol/lufa/lufa.o
USB_Device_ConfigurationNumber                    obj_colossus/protocol/lufa/LUFA-git/LUFA/Drivers/USB/Core/DeviceStandardReq.o
                                                  obj_colossus/protocol/lufa/LUFA-git/LUFA/Drivers/USB/Core/AVR8/USBInterrupt_AVR8.o
                                                  obj_colossus/protocol/lufa/LUFA-git/LUFA/Drivers/USB/Core/AVR8/USBController_AVR8.o
USB_Device_CurrentlySelfPowered                   obj_colossus/protocol/lufa/LUFA-git/LUFA/Drivers/USB/Core/DeviceStandardReq.o
                                                  obj_colossus/protocol/lufa/LUFA-git/LUFA/Drivers/USB/Core/AVR8/USBController_AVR8.o
USB_Device_ProcessControlRequest                  obj_colossus/protocol/lufa/LUFA-git/LUFA/Drivers/USB/Core/DeviceStandardReq.o
                                                  obj_colossus/protocol/lufa/LUFA-git/LUFA/Drivers/USB/Core/USBTask.o
                                                  obj_colossus/protocol/lufa/LUFA-git/LUFA/Drivers/USB/Core/AVR8/USBInterrupt_AVR8.o
USB_Device_RemoteWakeupEnabled                    obj_colossus/protocol/lufa/LUFA-git/LUFA/Drivers/USB/Core/DeviceStandardReq.o
                                                  obj_colossus/protocol/lufa/LUFA-git/LUFA/Drivers/USB/Core/AVR8/USBController_AVR8.o
                                                  obj_colossus/protocol/lufa/lufa.o
USB_Device_SendRemoteWakeup                       obj_colossus/protocol/lufa/LUFA-git/LUFA/Drivers/USB/Core/AVR8/Device_AVR8.o
                                                  obj_colossus/protocol/lufa/lufa.o
USB_Disable                                       obj_colossus/protocol/lufa/LUFA-git/LUFA/Drivers/USB/Core/AVR8/USBController_AVR8.o
                                                  obj_colossus/common/avr/bootloader.o
                                                  obj_colossus/protocol/lufa/lufa.o
USB_Event_Stub                                    obj_colossus/protocol/lufa/LUFA-git/LUFA/Drivers/USB/Core/Events.o
USB_GetHIDReportItemInfo                          obj_colossus/protocol/lufa/LUFA-git/LUFA/Drivers/USB/Class/Common/HIDParser.o
USB_GetHIDReportSize                              obj_colossus/protocol/lufa/LUFA-git/LUFA/Drivers/USB/Class/Common/HIDParser.o
USB_GetNextDescriptorComp                         obj_colossus/protocol/lufa/LUFA-git/LUFA/Drivers/USB/Core/ConfigDescriptors.o
USB_GetNextDescriptorOfType                       obj_colossus/protocol/lufa/LUFA-git/LUFA/Drivers/USB/Core/ConfigDescriptors.o
USB_GetNextDescriptorOfTypeAfter                  obj_colossus/protocol/lufa/LUFA-git/LUFA/Drivers/USB/Core/ConfigDescriptors.o
USB_GetNextDescriptorOfTypeBefore                 obj_colossus/protocol/lufa/LUFA-git/LUFA/Drivers/USB/Core/ConfigDescriptors.o
USB_INT_ClearAllInterrupts                        obj_colossus/protocol/lufa/LUFA-git/LUFA/Drivers/USB/Core/AVR8/USBInterrupt_AVR8.o
                                                  obj_colossus/protocol/lufa/LUFA-git/LUFA/Drivers/USB/Core/AVR8/USBController_AVR8.o
USB_INT_DisableAllInterrupts                      obj_colossus/protocol/lufa/LUFA-git/LUFA/Drivers/USB/Core/AVR8/USBInterrupt_AVR8.o
                                                  obj_colossus/protocol/lufa/LUFA-git/LUFA/Drivers/USB/Core/AVR8/USBController_AVR8.o
USB_Init                                          obj_colossus/protocol/lufa/LUFA-git/LUFA/Drivers/USB/Core/AVR8/USBController_AVR8.o
                                                  obj_colossus/protocol/lufa/lufa.o
USB_IsInitialized                                 obj_colossus/protocol/lufa/LUFA-git/LUFA/Drivers/USB/Core/USBTask.o
                                                  obj_colossus/protocol/lufa/LUFA-git/LUFA/Drivers/USB/Core/AVR8/USBController_AVR8.o
                                                  obj_colossus/protocol/lufa/lufa.o
USB_ProcessHIDReport                              obj_colossus/protocol/lufa/LUFA-git/LUFA/Drivers/USB/Class/Common/HIDParser.o
USB_ResetInterface                                obj_colossus/protocol/lufa/LUFA-git/LUFA/Drivers/USB/Core/AVR8/USBController_AVR8.o
USB_SetHIDReportItemInfo                          obj_colossus/protocol/lufa/LUFA-git/LUFA/Drivers/USB/Class/Common/HIDParser.o
USB_USBTask                                       obj_colossus/protocol/lufa/LUFA-git/LUFA/Drivers/USB/Core/USBTask.o
__bad_interrupt                                   /usr/lib64/gcc/avr/4.7.1/../../../../avr/lib/avr51/crtusb1286.o
__bss_end                                         /usr/lib64/gcc/avr/4.7.1/avr51/libgcc.a(_clear_bss.o)
__bss_start                                       /usr/lib64/gcc/avr/4.7.1/avr51/libgcc.a(_clear_bss.o)
__data_end                                        /usr/lib64/gcc/avr/4.7.1/avr51/libgcc.a(_copy_data.o)
__data_load_start                                 /usr/lib64/gcc/avr/4.7.1/avr51/libgcc.a(_copy_data.o)
__data_start                                      /usr/lib64/gcc/avr/4.7.1/avr51/libgcc.a(_copy_data.o)
__do_clear_bss                                    /usr/lib64/gcc/avr/4.7.1/avr51/libgcc.a(_clear_bss.o)
                                                  obj_colossus/common/avr/sleep_led.o
                                                  obj_colossus/common/avr/timer.o
                                                  obj_colossus/common/avr/suspend.o
                                                  obj_colossus/common/debug.o
                                                  obj_colossus/common/action_util.o
                                                  obj_colossus/common/action_layer.o
                                                  obj_colossus/common/action_tapping.o
                                                  obj_colossus/common/keyboard.o
                                                  obj_colossus/common/host.o
                                                  obj_colossus/protocol/lufa/LUFA-git/LUFA/Drivers/USB/Core/USBTask.o
                                                  obj_colossus/protocol/lufa/LUFA-git/LUFA/Drivers/USB/Core/DeviceStandardReq.o
                                                  obj_colossus/protocol/lufa/lufa.o
                                                  obj_colossus/matrix.o
                                                  obj_colossus/keymap_pg3.o
__do_copy_data                                    /usr/lib64/gcc/avr/4.7.1/avr51/libgcc.a(_copy_data.o)
                                                  obj_colossus/common/action_util.o
                                                  obj_colossus/protocol/lufa/descriptor.o
                                                  obj_colossus/protocol/lufa/lufa.o
                                                  obj_colossus/matrix.o
__eerd_byte_usb1286                               /usr/lib64/gcc/avr/4.7.1/../../../../avr/lib/avr51/libc.a(eerd_byte_at90usb1286.o)
                                                  obj_colossus/protocol/lufa/LUFA-git/LUFA/Drivers/USB/Core/AVR8/EndpointStream_AVR8.o
__eeupd_byte_usb1286                              /usr/lib64/gcc/avr/4.7.1/../../../../avr/lib/avr51/libc.a(eeupd_byte_at90usb1286.o)
                                                  obj_colossus/protocol/lufa/LUFA-git/LUFA/Drivers/USB/Core/AVR8/EndpointStream_AVR8.o
__eeupd_r18_usb1286                               /usr/lib64/gcc/avr/4.7.1/../../../../avr/lib/avr51/libc.a(eeupd_byte_at90usb1286.o)
__heap_end                                        /usr/lib64/gcc/avr/4.7.1/../../../../avr/lib/avr51/crtusb1286.o
__init                                            /usr/lib64/gcc/avr/4.7.1/../../../../avr/lib/avr51/crtusb1286.o
__stack                                           /usr/lib64/gcc/avr/4.7.1/../../../../avr/lib/avr51/crtusb1286.o
__vector_1                                        /usr/lib64/gcc/avr/4.7.1/../../../../avr/lib/avr51/crtusb1286.o
__vector_10                                       obj_colossus/protocol/lufa/LUFA-git/LUFA/Drivers/USB/Core/AVR8/USBInterrupt_AVR8.o
                                                  /usr/lib64/gcc/avr/4.7.1/../../../../avr/lib/avr51/crtusb1286.o
__vector_11                                       obj_colossus/protocol/lufa/LUFA-git/LUFA/Drivers/USB/Core/AVR8/USBInterrupt_AVR8.o
                                                  /usr/lib64/gcc/avr/4.7.1/../../../../avr/lib/avr51/crtusb1286.o
__vector_12                                       /usr/lib64/gcc/avr/4.7.1/../../../../avr/lib/avr51/crtusb1286.o
__vector_13                                       /usr/lib64/gcc/avr/4.7.1/../../../../avr/lib/avr51/crtusb1286.o
__vector_14                                       /usr/lib64/gcc/avr/4.7.1/../../../../avr/lib/avr51/crtusb1286.o
__vector_15                                       /usr/lib64/gcc/avr/4.7.1/../../../../avr/lib/avr51/crtusb1286.o
__vector_16                                       /usr/lib64/gcc/avr/4.7.1/../../../../avr/lib/avr51/crtusb1286.o
__vector_17                                       obj_colossus/common/avr/sleep_led.o
                                                  /usr/lib64/gcc/avr/4.7.1/../../../../avr/lib/avr51/crtusb1286.o
__vector_18                                       /usr/lib64/gcc/avr/4.7.1/../../../../avr/lib/avr51/crtusb1286.o
__vector_19                                       /usr/lib64/gcc/avr/4.7.1/../../../../avr/lib/avr51/crtusb1286.o