Archive member included because of file (symbol)

/usr/lib64/gcc/avr/4.7.1/../../../../avr/lib/avr51/libm.a(fixsfsi.o)
                              obj_colossus/common/mousekey.o (__fixsfsi)
/usr/lib64/gcc/avr/4.7.1/../../../../avr/lib/avr51/libm.a(fixunssfsi.o)
                              /usr/lib64/gcc/avr/4.7.1/../../../../avr/lib/avr51/libm.a(fixsfsi.o) (__fixunssfsi)
/usr/lib64/gcc/avr/4.7.1/../../../../avr/lib/avr51/libm.a(floatsisf.o)
                              obj_colossus/common/mousekey.o (__floatsisf)
/usr/lib64/gcc/avr/4.7.1/../../../../avr/lib/avr51/libm.a(fp_split3.o)
                              /usr/lib64/gcc/avr/4.7.1/../../../../avr/lib/avr51/libm.a(fixunssfsi.o) (__fp_splitA)
/usr/lib64/gcc/avr/4.7.1/../../../../avr/lib/avr51/libm.a(fp_zero.o)
                              /usr/lib64/gcc/avr/4.7.1/../../../../avr/lib/avr51/libm.a(fixunssfsi.o) (__fp_zero)
/usr/lib64/gcc/avr/4.7.1/../../../../avr/lib/avr51/libm.a(mulsf3.o)
                              obj_colossus/common/mousekey.o (__mulsf3)
/usr/lib64/gcc/avr/4.7.1/../../../../avr/lib/avr51/libm.a(mulsf3x.o)
                              /usr/lib64/gcc/avr/4.7.1/../../../../avr/lib/avr51/libm.a(mulsf3.o) (__mulsf3x)
/usr/lib64/gcc/avr/4.7.1/../../../../avr/lib/avr51/libm.a(fp_inf.o)
                              /usr/lib64/gcc/avr/4.7.1/../../../../avr/lib/avr51/libm.a(mulsf3x.o) (__fp_inf)
/usr/lib64/gcc/avr/4.7.1/../../../../avr/lib/avr51/libm.a(fp_nan.o)
                              /usr/lib64/gcc/avr/4.7.1/../../../../avr/lib/avr51/libm.a(mulsf3x.o) (__fp_nan)
/usr/lib64/gcc/avr/4.7.1/../../../../avr/lib/avr51/libm.a(fp_pscA.o)
                              /usr/lib64/gcc/avr/4.7.1/../../../../avr/lib/avr51/libm.a(mulsf3x.o) (__fp_pscA)
/usr/lib64/gcc/avr/4.7.1/../../../../avr/lib/avr51/libm.a(fp_pscB.o)
                              /usr/lib64/gcc/avr/4.7.1/../../../../avr/lib/avr51/libm.a(mulsf3x.o) (__fp_pscB)
/usr/lib64/gcc/avr/4.7.1/../../../../avr/lib/avr51/libm.a(fp_round.o)
                              /usr/lib64/gcc/avr/4.7.1/../../../../avr/lib/avr51/libm.a(mulsf3.o) (__fp_round)
/usr/lib64/gcc/avr/4.7.1/avr51/libgcc.a(_udivmodqi4.o)
                              obj_colossus/protocol/lufa/lufa.o (__udivmodqi4)
/usr/lib64/gcc/avr/4.7.1/avr51/libgcc.a(_divmodhi4.o)
                              obj_colossus/common/mousekey.o (__divmodhi4)
/usr/lib64/gcc/avr/4.7.1/avr51/libgcc.a(_exit.o)
                              /usr/lib64/gcc/avr/4.7.1/../../../../avr/lib/avr51/crtusb1286.o (exit)
/usr/lib64/gcc/avr/4.7.1/avr51/libgcc.a(_copy_data.o)
                              obj_colossus/matrix.o (__do_copy_data)
/usr/lib64/gcc/avr/4.7.1/avr51/libgcc.a(_clear_bss.o)
                              obj_colossus/keymap_btssk.o (__do_clear_bss)
/usr/lib64/gcc/avr/4.7.1/avr51/libgcc.a(_udivmodhi4.o)
                              /usr/lib64/gcc/avr/4.7.1/avr51/libgcc.a(_divmodhi4.o) (__udivmodhi4)
/usr/lib64/gcc/avr/4.7.1/../../../../avr/lib/avr51/libc.a(eerd_byte_at90usb1286.o)
                              obj_colossus/protocol/lufa/LUFA-git/LUFA/Drivers/USB/Core/AVR8/EndpointStream_AVR8.o (__eerd_byte_usb1286)
/usr/lib64/gcc/avr/4.7.1/../../../../avr/lib/avr51/libc.a(eerd_word_at90usb1286.o)
                              obj_colossus/common/avr/eeconfig.o (__eerd_word_usb1286)
/usr/lib64/gcc/avr/4.7.1/../../../../avr/lib/avr51/libc.a(eeupd_byte_at90usb1286.o)
                              obj_colossus/protocol/lufa/LUFA-git/LUFA/Drivers/USB/Core/AVR8/EndpointStream_AVR8.o (__eeupd_byte_usb1286)
/usr/lib64/gcc/avr/4.7.1/../../../../avr/lib/avr51/libc.a(eewr_byte_at90usb1286.o)
                              obj_colossus/common/avr/eeconfig.o (__eewr_byte_usb1286)
/usr/lib64/gcc/avr/4.7.1/../../../../avr/lib/avr51/libc.a(eewr_word_at90usb1286.o)
                              obj_colossus/common/avr/eeconfig.o (__eewr_word_usb1286)
/usr/lib64/gcc/avr/4.7.1/../../../../avr/lib/avr51/libc.a(eerd_block_at90usb1286.o)
                              /usr/lib64/gcc/avr/4.7.1/../../../../avr/lib/avr51/libc.a(eerd_word_at90usb1286.o) (__eerd_blraw_usb1286)

Allocating common symbols
Common symbol       size              file

USB_IsInitialized   0x1               obj_colossus/protocol/lufa/LUFA-git/LUFA/Drivers/USB/Core/USBTask.o
keymap_config       0x1               obj_colossus/common/bootmagic.o
USB_DeviceState     0x1               obj_colossus/protocol/lufa/LUFA-git/LUFA/Drivers/USB/Core/USBTask.o
USB_Device_ConfigurationNumber
                    0x1               obj_colossus/protocol/lufa/LUFA-git/LUFA/Drivers/USB/Core/DeviceStandardReq.o
USB_Device_CurrentlySelfPowered
                    0x1               obj_colossus/protocol/lufa/LUFA-git/LUFA/Drivers/USB/Core/DeviceStandardReq.o
USB_ControlRequest  0x8               obj_colossus/protocol/lufa/LUFA-git/LUFA/Drivers/USB/Core/USBTask.o
USB_Device_RemoteWakeupEnabled
[...]
Memory Configuration

Name             Origin             Length             Attributes
text             0x0000000000000000 0x0000000000020000 xr
data             0x0000000000800100 0x000000000000ff00 rw !x
eeprom           0x0000000000810000 0x0000000000010000 rw !x
fuse             0x0000000000820000 0x0000000000000400 rw !x
lock             0x0000000000830000 0x0000000000000400 rw !x
signature        0x0000000000840000 0x0000000000000400 rw !x
*default*        0x0000000000000000 0xffffffffffffffff

Linker script and memory map

Address of section .data set to 0x800100
LOAD /usr/lib64/gcc/avr/4.7.1/../../../../avr/lib/avr51/crtusb1286.o
LOAD obj_colossus/keymap_btssk.o
LOAD obj_colossus/keymap_common.o
LOAD obj_colossus/matrix.o
LOAD obj_colossus/led.o
LOAD obj_colossus/bluefruit/main.o
LOAD obj_colossus/bluefruit/bluefruit.o
LOAD obj_colossus/serial_uart.o
LOAD obj_colossus/protocol/lufa/lufa.o
LOAD obj_colossus/protocol/lufa/descriptor.o
LOAD obj_colossus/protocol/lufa/LUFA-git/LUFA/Drivers/USB/Class/Common/HIDParser.o
LOAD obj_colossus/protocol/lufa/LUFA-git/LUFA/Drivers/USB/Core/AVR8/Device_AVR8.o
LOAD obj_colossus/protocol/lufa/LUFA-git/LUFA/Drivers/USB/Core/AVR8/EndpointStream_AVR8.o
LOAD obj_colossus/protocol/lufa/LUFA-git/LUFA/Drivers/USB/Core/AVR8/Endpoint_AVR8.o
LOAD obj_colossus/protocol/lufa/LUFA-git/LUFA/Drivers/USB/Core/AVR8/Host_AVR8.o
LOAD obj_colossus/protocol/lufa/LUFA-git/LUFA/Drivers/USB/Core/AVR8/PipeStream_AVR8.o
LOAD obj_colossus/protocol/lufa/LUFA-git/LUFA/Drivers/USB/Core/AVR8/Pipe_AVR8.o
LOAD obj_colossus/protocol/lufa/LUFA-git/LUFA/Drivers/USB/Core/AVR8/USBController_AVR8.o
LOAD obj_colossus/protocol/lufa/LUFA-git/LUFA/Drivers/USB/Core/AVR8/USBInterrupt_AVR8.o
LOAD obj_colossus/protocol/lufa/LUFA-git/LUFA/Drivers/USB/Core/ConfigDescriptors.o
LOAD obj_colossus/protocol/lufa/LUFA-git/LUFA/Drivers/USB/Core/DeviceStandardReq.o
LOAD obj_colossus/protocol/lufa/LUFA-git/LUFA/Drivers/USB/Core/Events.o
LOAD obj_colossus/protocol/lufa/LUFA-git/LUFA/Drivers/USB/Core/HostStandardReq.o
LOAD obj_colossus/protocol/lufa/LUFA-git/LUFA/Drivers/USB/Core/USBTask.o
LOAD obj_colossus/common/host.o
LOAD obj_colossus/common/keyboard.o
LOAD obj_colossus/common/action.o
LOAD obj_colossus/common/action_tapping.o
LOAD obj_colossus/common/action_macro.o
LOAD obj_colossus/common/action_layer.o
LOAD obj_colossus/common/action_util.o
LOAD obj_colossus/common/keymap.o
LOAD obj_colossus/common/print.o
LOAD obj_colossus/common/debug.o
LOAD obj_colossus/common/util.o
LOAD obj_colossus/common/avr/suspend.o
LOAD obj_colossus/common/avr/xprintf.o
LOAD obj_colossus/common/avr/timer.o
LOAD obj_colossus/common/avr/bootloader.o
LOAD obj_colossus/common/bootmagic.o
LOAD obj_colossus/common/avr/eeconfig.o
LOAD obj_colossus/common/mousekey.o
LOAD obj_colossus/common/command.o
LOAD /usr/lib64/gcc/avr/4.7.1/../../../../avr/lib/avr51/libm.a
LOAD /usr/lib64/gcc/avr/4.7.1/avr51/libgcc.a
LOAD /usr/lib64/gcc/avr/4.7.1/../../../../avr/lib/avr51/libc.a
LOAD /usr/lib64/gcc/avr/4.7.1/avr51/libgcc.a

.hash
 *(.hash)

.dynsym
 *(.dynsym)

.dynstr
 *(.dynstr)

.gnu.version
 *(.gnu.version)

.gnu.version_d
 *(.gnu.version_d)

.gnu.version_r
 *(.gnu.version_r)

.rel.init
 *(.rel.init)

.rela.init
 *(.rela.init)

.rel.text
 *(.rel.text)
 *(.rel.text.*)
 *(.rel.gnu.linkonce.t*)

.rela.text
 *(.rela.text)
 *(.rela.text.*)
 *(.rela.gnu.linkonce.t*)

.rel.fini
 *(.rel.fini)

.rela.fini
 *(.rela.fini)

.rel.rodata
 *(.rel.rodata)
 *(.rel.rodata.*)
 *(.rel.gnu.linkonce.r*)

.rela.rodata
 *(.rela.rodata)
 *(.rela.rodata.*)
 *(.rela.gnu.linkonce.r*)

.rel.data
 *(.rel.data)
 *(.rel.data.*)
 *(.rel.gnu.linkonce.d*)

.rela.data
 *(.rela.data)
 *(.rela.data.*)
 *(.rela.gnu.linkonce.d*)

.rel.ctors
 *(.rel.ctors)

.rela.ctors
 *(.rela.ctors)

.rel.dtors
 *(.rel.dtors)

.rela.dtors
 *(.rela.dtors)

.rel.got
 *(.rel.got)

.rela.got
 *(.rela.got)

.rel.bss
 *(.rel.bss)

.rela.bss
 *(.rela.bss)

.rel.plt
 *(.rel.plt)

.rela.plt
 *(.rela.plt)

.text           0x0000000000000000     0x5b8e
 *(.vectors)
 .vectors       0x0000000000000000       0x98 /usr/lib64/gcc/avr/4.7.1/../../../../avr/lib/avr51/crtusb1286.o
                0x0000000000000000                __vectors
                0x0000000000000000                __vector_default
 *(.vectors)
 *(.progmem.gcc*)
 *(.progmem*)
 .progmem.data.fn_actions
                0x0000000000000098        0xc obj_colossus/keymap_btssk.o
                0x0000000000000098                fn_actions
 .progmem.data.keymaps
                0x00000000000000a4      0x280 obj_colossus/keymap_btssk.o
                0x00000000000000a4                keymaps
 .progmem.data.__c.2281
                0x0000000000000324        0x2 obj_colossus/keymap_btssk.o
 .progmem.data.__c.2283
                0x0000000000000326        0x2 obj_colossus/keymap_btssk.o
 .progmem.data.__c.2285
                0x0000000000000328        0x2 obj_colossus/keymap_btssk.o
 .progmem.data.__c.1778
                0x000000000000032a        0xa obj_colossus/matrix.o
 .progmem.data.__c.1780
                0x0000000000000334        0x5 obj_colossus/matrix.o
 .progmem.data.__c.1782
                0x0000000000000339        0x2 obj_colossus/matrix.o
 .progmem.data.__c.1804
                0x000000000000033b       0x17 obj_colossus/matrix.o
 .progmem.data.__c.1807
                0x0000000000000352        0x5 obj_colossus/matrix.o
 .progmem.data.__c.1809
                0x0000000000000357        0x3 obj_colossus/matrix.o
 .progmem.data.__c.1811
                0x000000000000035a        0x6 obj_colossus/matrix.o
 .progmem.data.__c.1813
                0x0000000000000360        0x2 obj_colossus/matrix.o
 .progmem.data.__c.4352
                0x0000000000000362       0x1a obj_colossus/bluefruit/main.o
 .progmem.data.__c.4355
                0x000000000000037c       0x1a obj_colossus/bluefruit/main.o
 .progmem.data.__c.4357
                0x0000000000000396       0x20 obj_colossus/bluefruit/main.o
 .progmem.data.__c.4359
                0x00000000000003b6       0x37 obj_colossus/bluefruit/main.o
 .progmem.data.__c.4361
                0x00000000000003ed        0xa obj_colossus/bluefruit/main.o
 .progmem.data.__c.2119
                0x00000000000003f7        0x8 obj_colossus/bluefruit/bluefruit.o
 .progmem.data.__c.2121
                0x00000000000003ff        0x5 obj_colossus/bluefruit/bluefruit.o
 .progmem.data.__c.2123
                0x0000000000000404        0xb obj_colossus/bluefruit/bluefruit.o
 .progmem.data.__c.2125
                0x000000000000040f        0x5 obj_colossus/bluefruit/bluefruit.o
 .progmem.data.__c.2127
                0x0000000000000414        0x2 obj_colossus/bluefruit/bluefruit.o
 .progmem.data.__c.2064
                0x0000000000000416       0x28 obj_colossus/bluefruit/bluefruit.o
 .progmem.data.__c.2066
                0x000000000000043e       0x28 obj_colossus/bluefruit/bluefruit.o
 .progmem.data.__c.2068
                0x0000000000000466       0x29 obj_colossus/bluefruit/bluefruit.o
 .progmem.data.__c.2078
                0x000000000000048f        0x2 obj_colossus/bluefruit/bluefruit.o
 .progmem.data.__c.2080
                0x0000000000000491        0x5 obj_colossus/bluefruit/bluefruit.o
 .progmem.data.__c.2082
                0x0000000000000496        0x2 obj_colossus/bluefruit/bluefruit.o
 .progmem.data.__c.2073
                0x0000000000000498       0x2b obj_colossus/bluefruit/bluefruit.o
 .progmem.data.__c.4538
                0x00000000000004c3        0x4 obj_colossus/protocol/lufa/lufa.o
 .progmem.data.__c.4543
                0x00000000000004c7        0x4 obj_colossus/protocol/lufa/lufa.o
 .progmem.data.__c.4548
                0x00000000000004cb        0x4 obj_colossus/protocol/lufa/lufa.o
 .progmem.data.__c.4552
                0x00000000000004cf        0x4 obj_colossus/protocol/lufa/lufa.o
 .progmem.data.__c.4556
                0x00000000000004d3        0x4 obj_colossus/protocol/lufa/lufa.o
 .progmem.data.ProductString
                0x00000000000004d7       0x16 obj_colossus/protocol/lufa/descriptor.o
                0x00000000000004d7                ProductString
 .progmem.data.ManufacturerString
                0x00000000000004ed       0x1c obj_colossus/protocol/lufa/descriptor.o
                0x00000000000004ed                ManufacturerString
 .progmem.data.LanguageString
                0x0000000000000509        0x4 obj_colossus/protocol/lufa/descriptor.o
                0x0000000000000509                LanguageString
 .progmem.data.ConfigurationDescriptor
                0x000000000000050d       0x74 obj_colossus/protocol/lufa/descriptor.o
                0x000000000000050d                ConfigurationDescriptor
 .progmem.data.DeviceDescriptor
                0x0000000000000581       0x12 obj_colossus/protocol/lufa/descriptor.o
                0x0000000000000581                DeviceDescriptor
 .progmem.data.ConsoleReport
                0x0000000000000593       0x20 obj_colossus/protocol/lufa/descriptor.o
                0x0000000000000593                ConsoleReport
 .progmem.data.ExtrakeyReport
                0x00000000000005b3       0x36 obj_colossus/protocol/lufa/descriptor.o
                0x00000000000005b3                ExtrakeyReport
 .progmem.data.MouseReport
                0x00000000000005e9       0x4d obj_colossus/protocol/lufa/descriptor.o
                0x00000000000005e9                MouseReport
 .progmem.data.KeyboardReport
                0x0000000000000636       0x3f obj_colossus/protocol/lufa/descriptor.o
                0x0000000000000636                KeyboardReport
 .progmem.data.__c.1908
                0x0000000000000675       0x12 obj_colossus/common/host.o
 .progmem.data.__c.1911
                0x0000000000000687        0x6 obj_colossus/common/host.o
 .progmem.data.__c.1916
                0x000000000000068d        0x2 obj_colossus/common/host.o
 .progmem.data.__c.2262
                0x000000000000068f       0x13 obj_colossus/common/keyboard.o
 .progmem.data.__c.2264
                0x00000000000006a2        0x5 obj_colossus/common/keyboard.o
 .progmem.data.__c.2266
                0x00000000000006a7        0x2 obj_colossus/common/keyboard.o
 .progmem.data.__c.2318
                0x00000000000006a9       0x15 obj_colossus/common/bootmagic.o
 .progmem.data.__c.2324
                0x00000000000006be        0x7 obj_colossus/common/bootmagic.o
 .progmem.data.__c.1961
                0x00000000000006c5       0x23 obj_colossus/common/mousekey.o
 .progmem.data.__c.1963
                0x00000000000006e8        0x5 obj_colossus/common/mousekey.o
 .progmem.data.__c.1965
                0x00000000000006ed        0x2 obj_colossus/common/mousekey.o
 .progmem.data.__c.1967
                0x00000000000006ef        0x3 obj_colossus/common/mousekey.o
 .progmem.data.__c.1969
                0x00000000000006f2        0x2 obj_colossus/common/mousekey.o
 .progmem.data.__c.1971
                0x00000000000006f4        0x3 obj_colossus/common/mousekey.o
 .progmem.data.__c.1973
                0x00000000000006f7        0x2 obj_colossus/common/mousekey.o
 .progmem.data.__c.1975
                0x00000000000006f9        0x3 obj_colossus/common/mousekey.o
 .progmem.data.__c.1977
                0x00000000000006fc        0x2 obj_colossus/common/mousekey.o
 .progmem.data.__c.1979
                0x00000000000006fe        0x3 obj_colossus/common/mousekey.o
 .progmem.data.__c.1981
                0x0000000000000701        0x3 obj_colossus/common/mousekey.o
 .progmem.data.__c.1983
                0x0000000000000704        0x3 obj_colossus/common/mousekey.o
 .progmem.data.__c.1985
                0x0000000000000707        0x2 obj_colossus/common/mousekey.o
 .progmem.data.__c.1987
                0x0000000000000709        0x3 obj_colossus/common/mousekey.o
 .progmem.data.__c.1989
                0x000000000000070c        0x3 obj_colossus/common/mousekey.o
 .progmem.data.__c.2535
                0x000000000000070f        0xb obj_colossus/common/command.o
 .progmem.data.__c.2541
                0x000000000000071a        0x4 obj_colossus/common/command.o
 .progmem.data.__c.2544
                0x000000000000071e       0x11 obj_colossus/common/command.o
 .progmem.data.__c.2547
                0x000000000000072f        0xd obj_colossus/common/command.o
 .progmem.data.__c.2549
                0x000000000000073c        0xc obj_colossus/common/command.o
 .progmem.data.__c.2552
                0x0000000000000748        0xd obj_colossus/common/command.o
 .progmem.data.__c.2554
                0x0000000000000755        0xe obj_colossus/common/command.o
 .progmem.data.__c.2557
                0x0000000000000763        0xf obj_colossus/common/command.o
 .progmem.data.__c.2559
                0x0000000000000772       0x10 obj_colossus/common/command.o
 .progmem.data.__c.2562
                0x0000000000000782        0xc obj_colossus/common/command.o
 .progmem.data.__c.2564
                0x000000000000078e        0xd obj_colossus/common/command.o
 .progmem.data.__c.2567
                0x000000000000079b        0xf obj_colossus/common/command.o
 .progmem.data.__c.2569
                0x00000000000007aa       0x23 obj_colossus/common/command.o
 .progmem.data.__c.2571
                0x00000000000007cd       0x3e obj_colossus/common/command.o
 .progmem.data.__c.2573
                0x000000000000080b       0x2d obj_colossus/common/command.o
 .progmem.data.__c.2575
                0x0000000000000838       0x40 obj_colossus/common/command.o
 .progmem.data.__c.2577
                0x0000000000000878       0x2c obj_colossus/common/command.o
 .progmem.data.__c.2580
                0x00000000000008a4        0xe obj_colossus/common/command.o
 .progmem.data.__c.2582
                0x00000000000008b2       0x1a obj_colossus/common/command.o
 .progmem.data.__c.2584
                0x00000000000008cc       0x17 obj_colossus/common/command.o
 .progmem.data.__c.2586
                0x00000000000008e3       0x13 obj_colossus/common/command.o
 .progmem.data.__c.2588
                0x00000000000008f6       0x17 obj_colossus/common/command.o
 .progmem.data.__c.2597
                0x000000000000090d        0x2 obj_colossus/common/command.o
 .progmem.data.__c.2439
                0x000000000000090f       0x10 obj_colossus/common/command.o
 .progmem.data.__c.2441
                0x000000000000091f        0x3 obj_colossus/common/command.o
 .progmem.data.__c.2443
                0x0000000000000922        0x2 obj_colossus/common/command.o
 .progmem.data.__c.2446
                0x0000000000000924       0x13 obj_colossus/common/command.o
 .progmem.data.__c.2448
                0x0000000000000937        0x5 obj_colossus/common/command.o
 .progmem.data.__c.2450
                0x000000000000093c        0x2 obj_colossus/common/command.o
 .progmem.data.__c.2452
                0x000000000000093e        0xa obj_colossus/common/command.o
 .progmem.data.__c.2454
                0x0000000000000948        0x3 obj_colossus/common/command.o
 .progmem.data.__c.2456
                0x000000000000094b        0x2 obj_colossus/common/command.o
 .progmem.data.__c.2458
                0x000000000000094d        0xa obj_colossus/common/command.o
 .progmem.data.__c.2460
                0x0000000000000957        0x3 obj_colossus/common/command.o
 .progmem.data.__c.2462
                0x000000000000095a        0x2 obj_colossus/common/command.o
 .progmem.data.__c.2464
                0x000000000000095c        0xc obj_colossus/common/command.o
 .progmem.data.__c.2466
                0x0000000000000968        0x3 obj_colossus/common/command.o
 .progmem.data.__c.2468
                0x000000000000096b        0x2 obj_colossus/common/command.o
 .progmem.data.__c.2470
                0x000000000000096d        0x9 obj_colossus/common/command.o
 .progmem.data.__c.2472
                0x0000000000000976        0x3 obj_colossus/common/command.o
 .progmem.data.__c.2474
                0x0000000000000979        0x2 obj_colossus/common/command.o
 .progmem.data.__c.2477
                0x000000000000097b       0x14 obj_colossus/common/command.o
 .progmem.data.__c.2479
                0x000000000000098f        0x5 obj_colossus/common/command.o
 .progmem.data.__c.2481
                0x0000000000000994        0x2 obj_colossus/common/command.o
 .progmem.data.__c.2483
                0x0000000000000996       0x19 obj_colossus/common/command.o
 .progmem.data.__c.2485
                0x00000000000009af        0x3 obj_colossus/common/command.o
 .progmem.data.__c.2487
                0x00000000000009b2        0x2 obj_colossus/common/command.o
 .progmem.data.__c.2489
                0x00000000000009b4       0x17 obj_colossus/common/command.o
 .progmem.data.__c.2491
                0x00000000000009cb        0x3 obj_colossus/common/command.o
 .progmem.data.__c.2493
                0x00000000000009ce        0x2 obj_colossus/common/command.o
 .progmem.data.__c.2495
                0x00000000000009d0       0x12 obj_colossus/common/command.o
 .progmem.data.__c.2497
                0x00000000000009e2        0x3 obj_colossus/common/command.o
 .progmem.data.__c.2499
                0x00000000000009e5        0x2 obj_colossus/common/command.o
 .progmem.data.__c.2501
                0x00000000000009e7       0x12 obj_colossus/common/command.o
 .progmem.data.__c.2503
                0x00000000000009f9        0x3 obj_colossus/common/command.o
 .progmem.data.__c.2505
                0x00000000000009fc        0x2 obj_colossus/common/command.o
 .progmem.data.__c.2507
                0x00000000000009fe        0xa obj_colossus/common/command.o
 .progmem.data.__c.2509
                0x0000000000000a08        0x3 obj_colossus/common/command.o
 .progmem.data.__c.2511
                0x0000000000000a0b        0x2 obj_colossus/common/command.o
 .progmem.data.__c.2513
                0x0000000000000a0d       0x12 obj_colossus/common/command.o
 .progmem.data.__c.2515
                0x0000000000000a1f        0x3 obj_colossus/common/command.o
 .progmem.data.__c.2517
                0x0000000000000a22        0x2 obj_colossus/common/command.o
 .progmem.data.__c.2519
                0x0000000000000a24       0x1c obj_colossus/common/command.o
 .progmem.data.__c.2521
                0x0000000000000a40        0x3 obj_colossus/common/command.o
 .progmem.data.__c.2523
                0x0000000000000a43        0x2 obj_colossus/common/command.o
 .progmem.data.__c.2525
                0x0000000000000a45        0x8 obj_colossus/common/command.o
 .progmem.data.__c.2527
                0x0000000000000a4d        0x3 obj_colossus/common/command.o
 .progmem.data.__c.2529
                0x0000000000000a50        0x2 obj_colossus/common/command.o
 .progmem.data.__c.2434
                0x0000000000000a52       0x9d obj_colossus/common/command.o
 .progmem.data.__c.2602
                0x0000000000000aef       0x27 obj_colossus/common/command.o
 .progmem.data.__c.2762
                0x0000000000000b16        0x5 obj_colossus/common/command.o
 .progmem.data.__c.2618
                0x0000000000000b1b        0x4 obj_colossus/common/command.o
 .progmem.data.__c.2613
                0x0000000000000b1f        0x4 obj_colossus/common/command.o
 .progmem.data.__c.2616
                0x0000000000000b23        0x2 obj_colossus/common/command.o
 .progmem.data.__c.2711
                0x0000000000000b25       0xfb obj_colossus/common/command.o
 .progmem.data.__c.2713
                0x0000000000000c20       0x4e obj_colossus/common/command.o
 .progmem.data.__c.2723
                0x0000000000000c6e        0x4 obj_colossus/common/command.o
 .progmem.data.__c.2737
                0x0000000000000c72        0xd obj_colossus/common/command.o
 .progmem.data.__c.2740
                0x0000000000000c7f        0x2 obj_colossus/common/command.o
 .progmem.data.__c.2742
                0x0000000000000c81        0x6 obj_colossus/common/command.o
 .progmem.data.__c.2744
                0x0000000000000c87        0x3 obj_colossus/common/command.o
 .progmem.data.__c.2624
                0x0000000000000c8a        0xe obj_colossus/common/command.o
 .progmem.data.__c.2626
                0x0000000000000c98       0x12 obj_colossus/common/command.o
 .progmem.data.__c.2628
                0x0000000000000caa        0x3 obj_colossus/common/command.o
 .progmem.data.__c.2630
                0x0000000000000cad        0x2 obj_colossus/common/command.o
 .progmem.data.__c.2632
                0x0000000000000caf       0x12 obj_colossus/common/command.o
 .progmem.data.__c.2634
                0x0000000000000cc1        0x3 obj_colossus/common/command.o
 .progmem.data.__c.2636
                0x0000000000000cc4        0x2 obj_colossus/common/command.o
 .progmem.data.__c.2638
                0x0000000000000cc6        0xf obj_colossus/common/command.o
 .progmem.data.__c.2640
                0x0000000000000cd5        0x3 obj_colossus/common/command.o
 .progmem.data.__c.2642
                0x0000000000000cd8        0x2 obj_colossus/common/command.o
 .progmem.data.__c.2644
                0x0000000000000cda       0x11 obj_colossus/common/command.o
 .progmem.data.__c.2646
                0x0000000000000ceb        0x3 obj_colossus/common/command.o
 .progmem.data.__c.2648
                0x0000000000000cee        0x2 obj_colossus/common/command.o
 .progmem.data.__c.2650
                0x0000000000000cf0       0x15 obj_colossus/common/command.o
 .progmem.data.__c.2652
                0x0000000000000d05        0x3 obj_colossus/common/command.o
 .progmem.data.__c.2654
                0x0000000000000d08        0x2 obj_colossus/common/command.o
 .progmem.data.__c.2656
                0x0000000000000d0a       0x17 obj_colossus/common/command.o
 .progmem.data.__c.2658
                0x0000000000000d21        0x3 obj_colossus/common/command.o
 .progmem.data.__c.2660
                0x0000000000000d24        0x2 obj_colossus/common/command.o
 .progmem.data.__c.2667
                0x0000000000000d26        0xf obj_colossus/common/command.o
 .progmem.data.__c.2671
                0x0000000000000d35       0x12 obj_colossus/common/command.o
 .progmem.data.__c.2674
                0x0000000000000d47       0x13 obj_colossus/common/command.o
 .progmem.data.__c.2677
                0x0000000000000d5a       0x15 obj_colossus/common/command.o
 .progmem.data.__c.2680
                0x0000000000000d6f       0x19 obj_colossus/common/command.o
 .progmem.data.__c.2683
                0x0000000000000d88       0x1b obj_colossus/common/command.o
 .progmem.data.__c.2690
                0x0000000000000da3        0xf obj_colossus/common/command.o
 .progmem.data.__c.2694
                0x0000000000000db2       0x12 obj_colossus/common/command.o
 .progmem.data.__c.2697
                0x0000000000000dc4       0x13 obj_colossus/common/command.o
 .progmem.data.__c.2700
                0x0000000000000dd7       0x15 obj_colossus/common/command.o
 .progmem.data.__c.2703
                0x0000000000000dec       0x19 obj_colossus/common/command.o
 .progmem.data.__c.2706
                0x0000000000000e05       0x1b obj_colossus/common/command.o
                0x0000000000000e20                . = ALIGN (0x2)
                0x0000000000000e20                __trampolines_start = .
 *(.trampolines)
 .trampolines   0x0000000000000e20        0x0 linker stubs
 *(.trampolines*)
                0x0000000000000e20                __trampolines_end = .
 *(.jumptables)
 *(.jumptables*)
 *(.lowtext)
 *(.lowtext*)
                0x0000000000000e20                __ctors_start = .
 *(.ctors)
                0x0000000000000e20                __ctors_end = .
                0x0000000000000e20                __dtors_start = .
 *(.dtors)
                0x0000000000000e20                __dtors_end = .
 SORT(*)(.ctors)
 SORT(*)(.dtors)
 *(.init0)
 .init0         0x0000000000000e20        0x0 /usr/lib64/gcc/avr/4.7.1/../../../../avr/lib/avr51/crtusb1286.o
                0x0000000000000e20                __init
 *(.init0)
 *(.init1)
 *(.init1)
 *(.init2)
 .init2         0x0000000000000e20        0xc /usr/lib64/gcc/avr/4.7.1/../../../../avr/lib/avr51/crtusb1286.o
 *(.init2)
 *(.init3)
 .init3         0x0000000000000e2c       0x4e obj_colossus/common/avr/bootloader.o
                0x0000000000000e2c                bootloader_jump_after_watchdog_reset
 *(.init3)
 *(.init4)
 .init4         0x0000000000000e7a       0x1a /usr/lib64/gcc/avr/4.7.1/avr51/libgcc.a(_copy_data.o)
                0x0000000000000e7a                __do_copy_data
 .init4         0x0000000000000e94       0x10 /usr/lib64/gcc/avr/4.7.1/avr51/libgcc.a(_clear_bss.o)
                0x0000000000000e94                __do_clear_bss
 *(.init4)
 *(.init5)
 *(.init5)
 *(.init6)
 *(.init6)
 *(.init7)
 *(.init7)
 *(.init8)
 *(.init8)
 *(.init9)
 .init9         0x0000000000000ea4        0x8 /usr/lib64/gcc/avr/4.7.1/../../../../avr/lib/avr51/crtusb1286.o
 *(.init9)
 *(.text)
 .text          0x0000000000000eac        0x4 /usr/lib64/gcc/avr/4.7.1/../../../../avr/lib/avr51/crtusb1286.o
                0x0000000000000eac                __vector_22
                0x0000000000000eac                __vector_28
                0x0000000000000eac                __vector_1
                0x0000000000000eac                __vector_32
                0x0000000000000eac                __vector_34
                0x0000000000000eac                __vector_24
                0x0000000000000eac                __bad_interrupt
                0x0000000000000eac                __vector_6
                0x0000000000000eac                __vector_31
                0x0000000000000eac                __vector_35
                0x0000000000000eac                __vector_3
                0x0000000000000eac                __vector_23
                0x0000000000000eac                __vector_30
                0x0000000000000eac                __vector_13
                0x0000000000000eac                __vector_17
                0x0000000000000eac                __vector_19
                0x0000000000000eac                __vector_7
                0x0000000000000eac                __vector_27
                0x0000000000000eac                __vector_5
                0x0000000000000eac                __vector_33
                0x0000000000000eac                __vector_37
                0x0000000000000eac                __vector_4
                0x0000000000000eac                __vector_9
                0x0000000000000eac                __vector_2
                0x0000000000000eac                __vector_15
                0x0000000000000eac                __vector_36
                0x0000000000000eac                __vector_29
                0x0000000000000eac                __vector_8
                0x0000000000000eac                __vector_26
                0x0000000000000eac                __vector_14
                0x0000000000000eac                __vector_16
                0x0000000000000eac                __vector_18
                0x0000000000000eac                __vector_20
 .text          0x0000000000000eb0      0x15c obj_colossus/common/avr/xprintf.o
                0x0000000000000eb0                xputc
                0x0000000000000ec8                xputs
                0x0000000000000ed6                xitoa
                0x0000000000000ffa                __xprintf
                0x000000000000100c                . = ALIGN (0x2)
 *(.text.*)
 .text.action_function
                0x000000000000100c      0x166 obj_colossus/keymap_btssk.o
                0x000000000000100c                action_function
 .text.keymap_key_to_keycode
                0x0000000000001172       0x24 obj_colossus/keymap_common.o
                0x0000000000001172                keymap_key_to_keycode
 .text.keymap_fn_to_action
                0x0000000000001196       0x14 obj_colossus/keymap_common.o
                0x0000000000001196                keymap_fn_to_action
 .text.unselect_rows
                0x00000000000011aa       0x26 obj_colossus/matrix.o
 .text.matrix_init
                0x00000000000011d0       0x58 obj_colossus/matrix.o
                0x00000000000011d0                matrix_init
 .text.matrix_scan
                0x0000000000001228      0x284 obj_colossus/matrix.o
                0x0000000000001228                matrix_scan
 .text.matrix_get_row
                0x00000000000014ac       0x12 obj_colossus/matrix.o
                0x00000000000014ac                matrix_get_row
 .text.matrix_print
                0x00000000000014be       0x98 obj_colossus/matrix.o
                0x00000000000014be                matrix_print
 .text.led_set  0x0000000000001556        0xe obj_colossus/led.o
                0x0000000000001556                led_set
 .text.startup.main
                0x0000000000001564      0x108 obj_colossus/bluefruit/main.o
                0x0000000000001564                main
 .text.keyboard_leds
                0x000000000000166c        0x4 obj_colossus/bluefruit/bluefruit.o
 .text.send_system
                0x0000000000001670        0x2 obj_colossus/bluefruit/bluefruit.o
 .text.bluefruit_trace_header
                0x0000000000001672       0x4a obj_colossus/bluefruit/bluefruit.o
 .text.bluefruit_trace_footer
                0x00000000000016bc       0x1a obj_colossus/bluefruit/bluefruit.o
 .text.bluefruit_serial_send
                0x00000000000016d6       0x5c obj_colossus/bluefruit/bluefruit.o
 .text.send_consumer
                0x0000000000001732      0x1be obj_colossus/bluefruit/bluefruit.o
 .text.send_mouse
                0x00000000000018f0       0x52 obj_colossus/bluefruit/bluefruit.o
 .text.send_keyboard
                0x0000000000001942       0x44 obj_colossus/bluefruit/bluefruit.o
 .text.bluefruit_pins_init
                0x0000000000001986        0x6 obj_colossus/bluefruit/bluefruit.o
                0x0000000000001986                bluefruit_pins_init
 .text.bluefruit_driver
                0x000000000000198c        0x6 obj_colossus/bluefruit/bluefruit.o
                0x000000000000198c                bluefruit_driver
 .text.serial_init
                0x0000000000001992       0x1a obj_colossus/serial_uart.o
                0x0000000000001992                serial_init
 .text.serial_send
                0x00000000000019ac        0xe obj_colossus/serial_uart.o
                0x00000000000019ac                serial_send
 .text.__vector_25
                0x00000000000019ba       0x5c obj_colossus/serial_uart.o
                0x00000000000019ba                __vector_25
 .text.keyboard_leds
                0x0000000000001a16        0x6 obj_colossus/protocol/lufa/lufa.o
 .text.sendchar
                0x0000000000001a1c       0xc8 obj_colossus/protocol/lufa/lufa.o
                0x0000000000001a1c                sendchar
 .text.send_consumer
                0x0000000000001ae4       0x68 obj_colossus/protocol/lufa/lufa.o
 .text.send_system
                0x0000000000001b4c       0x6a obj_colossus/protocol/lufa/lufa.o
 .text.send_mouse
                0x0000000000001bb6       0x48 obj_colossus/protocol/lufa/lufa.o
 .text.send_keyboard
                0x0000000000001bfe       0x64 obj_colossus/protocol/lufa/lufa.o
 .text.EVENT_USB_Device_Connect
                0x0000000000001c62       0x24 obj_colossus/protocol/lufa/lufa.o
                0x0000000000001c62                EVENT_USB_Device_Connect
 .text.EVENT_USB_Device_Disconnect
                0x0000000000001c86        0xe obj_colossus/protocol/lufa/lufa.o
                0x0000000000001c86                EVENT_USB_Device_Disconnect
 .text.EVENT_USB_Device_Reset
                0x0000000000001c94        0x8 obj_colossus/protocol/lufa/lufa.o
                0x0000000000001c94                EVENT_USB_Device_Reset
 .text.EVENT_USB_Device_Suspend
                0x0000000000001c9c        0x8 obj_colossus/protocol/lufa/lufa.o
                0x0000000000001c9c                EVENT_USB_Device_Suspend
 .text.EVENT_USB_Device_WakeUp
                0x0000000000001ca4        0xc obj_colossus/protocol/lufa/lufa.o
                0x0000000000001ca4                EVENT_USB_Device_WakeUp
 .text.EVENT_USB_Device_StartOfFrame
                0x0000000000001cb0       0x80 obj_colossus/protocol/lufa/lufa.o
                0x0000000000001cb0                EVENT_USB_Device_StartOfFrame
 .text.EVENT_USB_Device_ConfigurationChanged
                0x0000000000001d30       0x28 obj_colossus/protocol/lufa/lufa.o
                0x0000000000001d30                EVENT_USB_Device_ConfigurationChanged
 .text.EVENT_USB_Device_ControlRequest
                0x0000000000001d58      0x162 obj_colossus/protocol/lufa/lufa.o
                0x0000000000001d58                EVENT_USB_Device_ControlRequest
 .text.CALLBACK_USB_GetDescriptor
                0x0000000000001eba       0xca obj_colossus/protocol/lufa/descriptor.o
                0x0000000000001eba                CALLBACK_USB_GetDescriptor
 .text.USB_Device_SendRemoteWakeup
                0x0000000000001f84       0x2c obj_colossus/protocol/lufa/LUFA-git/LUFA/Drivers/USB/Core/AVR8/Device_AVR8.o
                0x0000000000001f84                USB_Device_SendRemoteWakeup
 .text.Endpoint_Write_Stream_LE
                0x0000000000001fb0       0xa6 obj_colossus/protocol/lufa/LUFA-git/LUFA/Drivers/USB/Core/AVR8/EndpointStream_AVR8.o
                0x0000000000001fb0                Endpoint_Write_Stream_LE
 .text.Endpoint_Write_Control_Stream_LE
                0x0000000000002056       0xb8 obj_colossus/protocol/lufa/LUFA-git/LUFA/Drivers/USB/Core/AVR8/EndpointStream_AVR8.o
                0x0000000000002056                Endpoint_Write_Control_Stream_LE
 .text.Endpoint_Write_Control_PStream_LE
                0x000000000000210e       0xbe obj_colossus/protocol/lufa/LUFA-git/LUFA/Drivers/USB/Core/AVR8/EndpointStream_AVR8.o
                0x000000000000210e                Endpoint_Write_Control_PStream_LE
 .text.Endpoint_ConfigureEndpoint_Prv
                0x00000000000021cc       0x6e obj_colossus/protocol/lufa/LUFA-git/LUFA/Drivers/USB/Core/AVR8/Endpoint_AVR8.o
                0x00000000000021cc                Endpoint_ConfigureEndpoint_Prv
 .text.Endpoint_ClearStatusStage
                0x000000000000223a       0x42 obj_colossus/protocol/lufa/LUFA-git/LUFA/Drivers/USB/Core/AVR8/Endpoint_AVR8.o
                0x000000000000223a                Endpoint_ClearStatusStage
 .text.Endpoint_WaitUntilReady
                0x000000000000227c       0x64 obj_colossus/protocol/lufa/LUFA-git/LUFA/Drivers/USB/Core/AVR8/Endpoint_AVR8.o
                0x000000000000227c                Endpoint_WaitUntilReady
 .text.USB_Disable
                0x00000000000022e0       0x34 obj_colossus/protocol/lufa/LUFA-git/LUFA/Drivers/USB/Core/AVR8/USBController_AVR8.o
                0x00000000000022e0                USB_Disable
 .text.USB_ResetInterface
                0x0000000000002314       0x9a obj_colossus/protocol/lufa/LUFA-git/LUFA/Drivers/USB/Core/AVR8/USBController_AVR8.o
                0x0000000000002314                USB_ResetInterface
 .text.USB_Init
                0x00000000000023ae       0x1e obj_colossus/protocol/lufa/LUFA-git/LUFA/Drivers/USB/Core/AVR8/USBController_AVR8.o
                0x00000000000023ae                USB_Init
 .text.USB_INT_DisableAllInterrupts
                0x00000000000023cc       0x10 obj_colossus/protocol/lufa/LUFA-git/LUFA/Drivers/USB/Core/AVR8/USBInterrupt_AVR8.o
                0x00000000000023cc                USB_INT_DisableAllInterrupts
 .text.USB_INT_ClearAllInterrupts
                0x00000000000023dc        0xa obj_colossus/protocol/lufa/LUFA-git/LUFA/Drivers/USB/Core/AVR8/USBInterrupt_AVR8.o
                0x00000000000023dc                USB_INT_ClearAllInterrupts
 .text.__vector_10
                0x00000000000023e6      0x1ac obj_colossus/protocol/lufa/LUFA-git/LUFA/Drivers/USB/Core/AVR8/USBInterrupt_AVR8.o
                0x00000000000023e6                __vector_10
 .text.__vector_11
                0x0000000000002592       0x90 obj_colossus/protocol/lufa/LUFA-git/LUFA/Drivers/USB/Core/AVR8/USBInterrupt_AVR8.o
                0x0000000000002592                __vector_11
 .text.USB_Device_ProcessControlRequest
                0x0000000000002622      0x2d2 obj_colossus/protocol/lufa/LUFA-git/LUFA/Drivers/USB/Core/DeviceStandardReq.o
                0x0000000000002622                USB_Device_ProcessControlRequest
 .text.host_set_driver
                0x00000000000028f4        0xa obj_colossus/common/host.o
                0x00000000000028f4                host_set_driver
 .text.host_keyboard_leds
                0x00000000000028fe       0x18 obj_colossus/common/host.o
                0x00000000000028fe                host_keyboard_leds
 .text.host_keyboard_send
                0x0000000000002916       0x96 obj_colossus/common/host.o
                0x0000000000002916                host_keyboard_send
 .text.host_mouse_send
                0x00000000000029ac       0x16 obj_colossus/common/host.o
                0x00000000000029ac                host_mouse_send
 .text.host_system_send
                0x00000000000029c2       0x2c obj_colossus/common/host.o
                0x00000000000029c2                host_system_send
 .text.host_consumer_send
                0x00000000000029ee       0x2c obj_colossus/common/host.o
                0x00000000000029ee                host_consumer_send
 .text.keyboard_init
                0x0000000000002a1a        0xc obj_colossus/common/keyboard.o
                0x0000000000002a1a                keyboard_init
 .text.keyboard_set_leds
                0x0000000000002a26       0x50 obj_colossus/common/keyboard.o
                0x0000000000002a26                keyboard_set_leds
 .text.keyboard_task
                0x0000000000002a76      0x1f2 obj_colossus/common/keyboard.o
                0x0000000000002a76                keyboard_task
 .text.action_exec
                0x0000000000002c68       0x5c obj_colossus/common/action.o
                0x0000000000002c68                action_exec
 .text.register_code
                0x0000000000002cc4      0x13e obj_colossus/common/action.o
                0x0000000000002cc4                register_code
 .text.unregister_code
                0x0000000000002e02       0x52 obj_colossus/common/action.o
                0x0000000000002e02                unregister_code
 .text.register_mods
                0x0000000000002e54        0xe obj_colossus/common/action.o
                0x0000000000002e54                register_mods
 .text.unregister_mods
                0x0000000000002e62        0xe obj_colossus/common/action.o
                0x0000000000002e62                unregister_mods
 .text.process_action
                0x0000000000002e70      0x666 obj_colossus/common/action.o
                0x0000000000002e70                process_action
 .text.clear_keyboard_but_mods
                0x00000000000034d6       0x24 obj_colossus/common/action.o
                0x00000000000034d6                clear_keyboard_but_mods
 .text.clear_keyboard
                0x00000000000034fa        0x8 obj_colossus/common/action.o
                0x00000000000034fa                clear_keyboard
 .text.is_tap_key
                0x0000000000003502       0x4a obj_colossus/common/action.o
                0x0000000000003502                is_tap_key
 .text.debug_event
                0x000000000000354c       0x1e obj_colossus/common/action.o
                0x000000000000354c                debug_event
 .text.debug_record
                0x000000000000356a       0x20 obj_colossus/common/action.o
                0x000000000000356a                debug_record
 .text.debug_waiting_buffer
                0x000000000000358a       0x48 obj_colossus/common/action_tapping.o
 .text.debug_tapping_key
                0x00000000000035d2       0x1c obj_colossus/common/action_tapping.o
 .text.waiting_buffer_scan_tap
                0x00000000000035ee       0xf0 obj_colossus/common/action_tapping.o
 .text.process_tapping
                0x00000000000036de      0x3a0 obj_colossus/common/action_tapping.o
 .text.action_tapping_process
                0x0000000000003a7e      0x16c obj_colossus/common/action_tapping.o
                0x0000000000003a7e                action_tapping_process
 .text.action_macro_play
                0x0000000000003bea      0x13e obj_colossus/common/action_macro.o
                0x0000000000003bea                action_macro_play
 .text.default_layer_state_set
                0x0000000000003d28       0x14 obj_colossus/common/action_layer.o
 .text.layer_state_set
                0x0000000000003d3c       0x14 obj_colossus/common/action_layer.o
 .text.default_layer_debug
                0x0000000000003d50        0x2 obj_colossus/common/action_layer.o
                0x0000000000003d50                default_layer_debug
 .text.default_layer_set
                0x0000000000003d52        0x4 obj_colossus/common/action_layer.o
                0x0000000000003d52                default_layer_set
 .text.default_layer_or
                0x0000000000003d56       0x24 obj_colossus/common/action_layer.o
                0x0000000000003d56                default_layer_or
 .text.default_layer_and
                0x0000000000003d7a       0x24 obj_colossus/common/action_layer.o
                0x0000000000003d7a                default_layer_and
 .text.default_layer_xor
                0x0000000000003d9e       0x24 obj_colossus/common/action_layer.o
                0x0000000000003d9e                default_layer_xor
 .text.layer_clear
                0x0000000000003dc2        0xa obj_colossus/common/action_layer.o
                0x0000000000003dc2                layer_clear
 .text.layer_move
                0x0000000000003dcc       0x1e obj_colossus/common/action_layer.o
                0x0000000000003dcc                layer_move
 .text.layer_on
                0x0000000000003dea       0x36 obj_colossus/common/action_layer.o
                0x0000000000003dea                layer_on
 .text.layer_off
                0x0000000000003e20       0x3e obj_colossus/common/action_layer.o
                0x0000000000003e20                layer_off
 .text.layer_invert
                0x0000000000003e5e       0x36 obj_colossus/common/action_layer.o
                0x0000000000003e5e                layer_invert
 .text.layer_or
                0x0000000000003e94       0x24 obj_colossus/common/action_layer.o
                0x0000000000003e94                layer_or
 .text.layer_and
                0x0000000000003eb8       0x24 obj_colossus/common/action_layer.o
                0x0000000000003eb8                layer_and
 .text.layer_xor
                0x0000000000003edc       0x24 obj_colossus/common/action_layer.o
                0x0000000000003edc                layer_xor
 .text.layer_debug
                0x0000000000003f00        0x2 obj_colossus/common/action_layer.o
                0x0000000000003f00                layer_debug
 .text.layer_switch_get_action
                0x0000000000003f02       0x8a obj_colossus/common/action_layer.o
                0x0000000000003f02                layer_switch_get_action
 .text.add_key  0x0000000000003f8c       0x44 obj_colossus/common/action_util.o
                0x0000000000003f8c                add_key
 .text.del_key  0x0000000000003fd0       0x26 obj_colossus/common/action_util.o
                0x0000000000003fd0                del_key
 .text.clear_keys
                0x0000000000003ff6       0x1c obj_colossus/common/action_util.o
                0x0000000000003ff6                clear_keys
 .text.get_mods
                0x0000000000004012        0x6 obj_colossus/common/action_util.o
                0x0000000000004012                get_mods
 .text.add_mods
                0x0000000000004018        0xc obj_colossus/common/action_util.o
                0x0000000000004018                add_mods
 .text.del_mods
                0x0000000000004024        0xe obj_colossus/common/action_util.o
                0x0000000000004024                del_mods
 .text.set_mods
                0x0000000000004032        0x6 obj_colossus/common/action_util.o
                0x0000000000004032                set_mods
 .text.clear_mods
                0x0000000000004038        0x6 obj_colossus/common/action_util.o
                0x0000000000004038                clear_mods
 .text.add_weak_mods
                0x000000000000403e        0xc obj_colossus/common/action_util.o
                0x000000000000403e                add_weak_mods
 .text.del_weak_mods
                0x000000000000404a        0xe obj_colossus/common/action_util.o
                0x000000000000404a                del_weak_mods
 .text.clear_weak_mods
                0x0000000000004058        0x6 obj_colossus/common/action_util.o
                0x0000000000004058                clear_weak_mods
 .text.set_oneshot_mods
                0x000000000000405e        0x6 obj_colossus/common/action_util.o
                0x000000000000405e                set_oneshot_mods
 .text.clear_oneshot_mods
                0x0000000000004064        0x6 obj_colossus/common/action_util.o
                0x0000000000004064                clear_oneshot_mods
 .text.has_anykey
                0x000000000000406a       0x26 obj_colossus/common/action_util.o
                0x000000000000406a                has_anykey
 .text.send_keyboard_report
                0x0000000000004090       0x4c obj_colossus/common/action_util.o
                0x0000000000004090                send_keyboard_report
 .text.keycode_to_action
                0x00000000000040dc      0x186 obj_colossus/common/keymap.o
 .text.action_for_key
                0x0000000000004262       0xf4 obj_colossus/common/keymap.o
                0x0000000000004262                action_for_key
 .text.action_get_macro
                0x0000000000004356        0x6 obj_colossus/common/keymap.o
                0x0000000000004356                action_get_macro
 .text.print_set_sendchar
                0x000000000000435c        0xa obj_colossus/common/print.o
                0x000000000000435c                print_set_sendchar
 .text.bitrev   0x0000000000004366       0x24 obj_colossus/common/util.o
                0x0000000000004366                bitrev
 .text.bitrev16
                0x000000000000438a       0x2e obj_colossus/common/util.o
                0x000000000000438a                bitrev16
 .text.suspend_power_down
                0x00000000000043b8       0x4c obj_colossus/common/avr/suspend.o
                0x00000000000043b8                suspend_power_down
 .text.matrix_power_up
                0x0000000000004404        0x2 obj_colossus/common/avr/suspend.o
                0x0000000000004404                matrix_power_up
 .text.matrix_power_down
                0x0000000000004406        0x2 obj_colossus/common/avr/suspend.o
                0x0000000000004406                matrix_power_down
 .text.suspend_wakeup_condition
                0x0000000000004408       0x2a obj_colossus/common/avr/suspend.o
                0x0000000000004408                suspend_wakeup_condition
 .text.suspend_wakeup_init
                0x0000000000004432        0x4 obj_colossus/common/avr/suspend.o
                0x0000000000004432                suspend_wakeup_init
 .text.__vector_12
                0x0000000000004436       0x52 obj_colossus/common/avr/suspend.o
                0x0000000000004436                __vector_12
 .text.timer_init
                0x0000000000004488       0x12 obj_colossus/common/avr/timer.o
                0x0000000000004488                timer_init
 .text.timer_read
                0x000000000000449a       0x1a obj_colossus/common/avr/timer.o
                0x000000000000449a                timer_read
 .text.timer_read32
                0x00000000000044b4       0x24 obj_colossus/common/avr/timer.o
                0x00000000000044b4                timer_read32
 .text.timer_elapsed
                0x00000000000044d8       0x5c obj_colossus/common/avr/timer.o
                0x00000000000044d8                timer_elapsed
 .text.__vector_21
                0x0000000000004534       0x4a obj_colossus/common/avr/timer.o
                0x0000000000004534                __vector_21
 .text.bootloader_jump
                0x000000000000457e       0x46 obj_colossus/common/avr/bootloader.o
                0x000000000000457e                bootloader_jump
 .text.scan_keycode
                0x00000000000045c4       0x7a obj_colossus/common/bootmagic.o
 .text.bootmagic_scan_keycode
                0x000000000000463e       0x1c obj_colossus/common/bootmagic.o
                0x000000000000463e                bootmagic_scan_keycode
 .text.bootmagic
                0x000000000000465a      0x258 obj_colossus/common/bootmagic.o
                0x000000000000465a                bootmagic
 .text.eeconfig_init
                0x00000000000048b2       0x34 obj_colossus/common/avr/eeconfig.o
                0x00000000000048b2                eeconfig_init
 .text.eeconfig_is_enabled
                0x00000000000048e6       0x16 obj_colossus/common/avr/eeconfig.o
                0x00000000000048e6                eeconfig_is_enabled
 .text.eeconfig_read_debug
                0x00000000000048fc        0x8 obj_colossus/common/avr/eeconfig.o
                0x00000000000048fc                eeconfig_read_debug
 .text.eeconfig_write_debug
                0x0000000000004904        0xa obj_colossus/common/avr/eeconfig.o
                0x0000000000004904                eeconfig_write_debug
 .text.eeconfig_read_default_layer
                0x000000000000490e        0x8 obj_colossus/common/avr/eeconfig.o
                0x000000000000490e                eeconfig_read_default_layer
 .text.eeconfig_write_default_layer
                0x0000000000004916        0xa obj_colossus/common/avr/eeconfig.o
                0x0000000000004916                eeconfig_write_default_layer
 .text.eeconfig_read_keymap
                0x0000000000004920        0x8 obj_colossus/common/avr/eeconfig.o
                0x0000000000004920                eeconfig_read_keymap
 .text.eeconfig_write_keymap
                0x0000000000004928        0xa obj_colossus/common/avr/eeconfig.o
                0x0000000000004928                eeconfig_write_keymap
 .text.move_unit
                0x0000000000004932       0x90 obj_colossus/common/mousekey.o
 .text.wheel_unit
                0x00000000000049c2       0x72 obj_colossus/common/mousekey.o
 .text.mousekey_on
                0x0000000000004a34       0xd0 obj_colossus/common/mousekey.o
                0x0000000000004a34                mousekey_on
 .text.mousekey_off
                0x0000000000004b04      0x10e obj_colossus/common/mousekey.o
                0x0000000000004b04                mousekey_off
 .text.mousekey_send
                0x0000000000004c12      0x11a obj_colossus/common/mousekey.o
                0x0000000000004c12                mousekey_send
 .text.mousekey_task
                0x0000000000004d2c      0x142 obj_colossus/common/mousekey.o
                0x0000000000004d2c                mousekey_task
 .text.mousekey_clear
                0x0000000000004e6e       0x18 obj_colossus/common/mousekey.o
                0x0000000000004e6e                mousekey_clear
 .text.command_console_help
                0x0000000000004e86        0x8 obj_colossus/common/command.o
 .text.mousekey_console_help
                0x0000000000004e8e       0x2e obj_colossus/common/command.o
 .text.mousekey_param_inc
                0x0000000000004ebc      0x148 obj_colossus/common/command.o
 .text.mousekey_param_dec
                0x0000000000005004       0xfe obj_colossus/common/command.o
 .text.switch_default_layer
                0x0000000000005102       0x3c obj_colossus/common/command.o
 .text.command_common
                0x000000000000513e      0x48a obj_colossus/common/command.o
 .text.command_extra
                0x00000000000055c8        0x4 obj_colossus/common/command.o
                0x00000000000055c8                command_extra
 .text.command_console_extra
                0x00000000000055cc        0x4 obj_colossus/common/command.o
                0x00000000000055cc                command_console_extra
 .text.command_proc
                0x00000000000055d0      0x2ac obj_colossus/common/command.o
                0x00000000000055d0                command_proc
 .text.avr-libc.fplib
                0x000000000000587c        0xa /usr/lib64/gcc/avr/4.7.1/../../../../avr/lib/avr51/libm.a(fixsfsi.o)
                0x000000000000587c                __fixsfsi
 .text.avr-libc.fplib
                0x0000000000005886       0x58 /usr/lib64/gcc/avr/4.7.1/../../../../avr/lib/avr51/libm.a(fixunssfsi.o)
                0x0000000000005886                __fixunssfsi
 .text.avr-libc.fplib
                0x00000000000058de       0x7a /usr/lib64/gcc/avr/4.7.1/../../../../avr/lib/avr51/libm.a(floatsisf.o)
                0x00000000000058de                __floatunsisf
                0x00000000000058e2                __floatsisf
 .text.avr-libc.fplib
                0x0000000000005958       0x44 /usr/lib64/gcc/avr/4.7.1/../../../../avr/lib/avr51/libm.a(fp_split3.o)
                0x0000000000005958                __fp_split3
                0x0000000000005968                __fp_splitA
 .text.avr-libc.fplib
                0x000000000000599c        0xe /usr/lib64/gcc/avr/4.7.1/../../../../avr/lib/avr51/libm.a(fp_zero.o)
                0x000000000000599c                __fp_zero
                0x000000000000599e                __fp_szero
 .text.avr-libc.fplib
                0x00000000000059aa        0x4 /usr/lib64/gcc/avr/4.7.1/../../../../avr/lib/avr51/libm.a(mulsf3.o)
                0x00000000000059aa                __mulsf3
 .text.avr-libc.fplib
                0x00000000000059ae       0xc2 /usr/lib64/gcc/avr/4.7.1/../../../../avr/lib/avr51/libm.a(mulsf3x.o)
                0x00000000000059c2                __mulsf3x
                0x00000000000059c6                __mulsf3_pse
 .text.avr-libc.fplib
                0x0000000000005a70        0xc /usr/lib64/gcc/avr/4.7.1/../../../../avr/lib/avr51/libm.a(fp_inf.o)
                0x0000000000005a70                __fp_inf
 .text.avr-libc.fplib
                0x0000000000005a7c        0x6 /usr/lib64/gcc/avr/4.7.1/../../../../avr/lib/avr51/libm.a(fp_nan.o)
                0x0000000000005a7c                __fp_nan
 .text.avr-libc.fplib
                0x0000000000005a82        0xe /usr/lib64/gcc/avr/4.7.1/../../../../avr/lib/avr51/libm.a(fp_pscA.o)
                0x0000000000005a82                __fp_pscA
 .text.avr-libc.fplib
                0x0000000000005a90        0xe /usr/lib64/gcc/avr/4.7.1/../../../../avr/lib/avr51/libm.a(fp_pscB.o)
                0x0000000000005a90                __fp_pscB
 .text.avr-libc.fplib
                0x0000000000005a9e       0x22 /usr/lib64/gcc/avr/4.7.1/../../../../avr/lib/avr51/libm.a(fp_round.o)
                0x0000000000005a9e                __fp_round
 .text.libgcc.div
                0x0000000000005ac0       0x18 /usr/lib64/gcc/avr/4.7.1/avr51/libgcc.a(_udivmodqi4.o)
                0x0000000000005ac0                __udivmodqi4
 .text.libgcc.div
                0x0000000000005ad8       0x28 /usr/lib64/gcc/avr/4.7.1/avr51/libgcc.a(_divmodhi4.o)
                0x0000000000005ad8                __divmodhi4
                0x0000000000005ad8                _div
 .text.libgcc.div
                0x0000000000005b00       0x28 /usr/lib64/gcc/avr/4.7.1/avr51/libgcc.a(_udivmodhi4.o)
                0x0000000000005b00                __udivmodhi4
 .text.avr-libc
                0x0000000000005b28       0x10 /usr/lib64/gcc/avr/4.7.1/../../../../avr/lib/avr51/libc.a(eerd_byte_at90usb1286.o)
                0x0000000000005b28                __eerd_byte_usb1286
 .text.avr-libc
                0x0000000000005b38        0xc /usr/lib64/gcc/avr/4.7.1/../../../../avr/lib/avr51/libc.a(eerd_word_at90usb1286.o)
                0x0000000000005b38                __eerd_word_usb1286
 .text.avr-libc
                0x0000000000005b44       0x1c /usr/lib64/gcc/avr/4.7.1/../../../../avr/lib/avr51/libc.a(eewr_byte_at90usb1286.o)
                0x0000000000005b44                __eewr_byte_usb1286
                0x0000000000005b46                __eewr_r18_usb1286
 .text.avr-libc
                0x0000000000005b60        0xa /usr/lib64/gcc/avr/4.7.1/../../../../avr/lib/avr51/libc.a(eewr_word_at90usb1286.o)
                0x0000000000005b60                __eewr_word_usb1286
 .text.avr-libc
                0x0000000000005b6a       0x20 /usr/lib64/gcc/avr/4.7.1/../../../../avr/lib/avr51/libc.a(eerd_block_at90usb1286.o)
                0x0000000000005b6a                __eerd_block_usb1286
                0x0000000000005b6e                __eerd_blraw_usb1286
                0x0000000000005b8a                . = ALIGN (0x2)
 *(.fini9)
 .fini9         0x0000000000005b8a        0x0 /usr/lib64/gcc/avr/4.7.1/avr51/libgcc.a(_exit.o)
                0x0000000000005b8a                exit
                0x0000000000005b8a                _exit
 *(.fini9)
 *(.fini8)
 *(.fini8)
 *(.fini7)
 *(.fini7)
 *(.fini6)
 *(.fini6)
 *(.fini5)
 *(.fini5)
 *(.fini4)
 *(.fini4)
 *(.fini3)
 *(.fini3)
 *(.fini2)
 *(.fini2)
 *(.fini1)
 *(.fini1)
 *(.fini0)
 .fini0         0x0000000000005b8a        0x4 /usr/lib64/gcc/avr/4.7.1/avr51/libgcc.a(_exit.o)
 *(.fini0)
                0x0000000000005b8e                _etext = .

.data           0x0000000000800100       0x3c load address 0x0000000000005b8e
                0x0000000000800100                PROVIDE (__data_start, .)
 *(.data)
 .data          0x0000000000800100        0x0 /usr/lib64/gcc/avr/4.7.1/../../../../avr/lib/avr51/crtusb1286.o
 .data          0x0000000000800100        0x0 obj_colossus/keymap_btssk.o
 .data          0x0000000000800100        0x0 obj_colossus/keymap_common.o
 .data          0x0000000000800100        0x0 obj_colossus/matrix.o
 .data          0x0000000000800100        0x0 obj_colossus/led.o
 .data          0x0000000000800100        0x0 obj_colossus/bluefruit/main.o
 .data          0x0000000000800100        0x0 obj_colossus/bluefruit/bluefruit.o
 .data          0x0000000000800100        0x0 obj_colossus/serial_uart.o
 .data          0x0000000000800100        0x0 obj_colossus/protocol/lufa/lufa.o
 .data          0x0000000000800100        0x0 obj_colossus/protocol/lufa/descriptor.o
 .data          0x0000000000800100        0x0 obj_colossus/protocol/lufa/LUFA-git/LUFA/Drivers/USB/Class/Common/HIDParser.o
 .data          0x0000000000800100        0x0 obj_colossus/protocol/lufa/LUFA-git/LUFA/Drivers/USB/Core/AVR8/Device_AVR8.o
 .data          0x0000000000800100        0x0 obj_colossus/protocol/lufa/LUFA-git/LUFA/Drivers/USB/Core/AVR8/EndpointStream_AVR8.o
 .data          0x0000000000800100        0x0 obj_colossus/protocol/lufa/LUFA-git/LUFA/Drivers/USB/Core/AVR8/Endpoint_AVR8.o
 .data          0x0000000000800100        0x0 obj_colossus/protocol/lufa/LUFA-git/LUFA/Drivers/USB/Core/AVR8/Host_AVR8.o
 .data          0x0000000000800100        0x0 obj_colossus/protocol/lufa/LUFA-git/LUFA/Drivers/USB/Core/AVR8/PipeStream_AVR8.o
 .data          0x0000000000800100        0x0 obj_colossus/protocol/lufa/LUFA-git/LUFA/Drivers/USB/Core/AVR8/Pipe_AVR8.o
 .data          0x0000000000800100        0x0 obj_colossus/protocol/lufa/LUFA-git/LUFA/Drivers/USB/Core/AVR8/USBController_AVR8.o
 .data          0x0000000000800100        0x0 obj_colossus/protocol/lufa/LUFA-git/LUFA/Drivers/USB/Core/AVR8/USBInterrupt_AVR8.o
 .data          0x0000000000800100        0x0 obj_colossus/protocol/lufa/LUFA-git/LUFA/Drivers/USB/Core/ConfigDescriptors.o
 .data          0x0000000000800100        0x0 obj_colossus/protocol/lufa/LUFA-git/LUFA/Drivers/USB/Core/DeviceStandardReq.o
 .data          0x0000000000800100        0x0 obj_colossus/protocol/lufa/LUFA-git/LUFA/Drivers/USB/Core/Events.o
 .data          0x0000000000800100        0x0 obj_colossus/protocol/lufa/LUFA-git/LUFA/Drivers/USB/Core/HostStandardReq.o
 .data          0x0000000000800100        0x0 obj_colossus/protocol/lufa/LUFA-git/LUFA/Drivers/USB/Core/USBTask.o
 .data          0x0000000000800100        0x0 obj_colossus/common/host.o
 .data          0x0000000000800100        0x0 obj_colossus/common/keyboard.o
 .data          0x0000000000800100        0x0 obj_colossus/common/action.o
 .data          0x0000000000800100        0x0 obj_colossus/common/action_tapping.o
 .data          0x0000000000800100        0x0 obj_colossus/common/action_macro.o
 .data          0x0000000000800100        0x0 obj_colossus/common/action_layer.o
 .data          0x0000000000800100        0x0 obj_colossus/common/action_util.o
 .data          0x0000000000800100        0x0 obj_colossus/common/keymap.o
 .data          0x0000000000800100        0x0 obj_colossus/common/print.o
 .data          0x0000000000800100        0x0 obj_colossus/common/debug.o
 .data          0x0000000000800100        0x0 obj_colossus/common/util.o
 .data          0x0000000000800100        0x0 obj_colossus/common/avr/suspend.o
 .data          0x0000000000800100        0x0 obj_colossus/common/avr/xprintf.o
 .data          0x0000000000800100        0x0 obj_colossus/common/avr/timer.o
 .data          0x0000000000800100        0x0 obj_colossus/common/avr/bootloader.o
 .data          0x0000000000800100        0x0 obj_colossus/common/bootmagic.o
 .data          0x0000000000800100        0x0 obj_colossus/common/avr/eeconfig.o
 .data          0x0000000000800100        0x0 obj_colossus/common/mousekey.o
 .data          0x0000000000800100        0x0 obj_colossus/common/command.o
 .data          0x0000000000800100        0x0 /usr/lib64/gcc/avr/4.7.1/../../../../avr/lib/avr51/libm.a(fixsfsi.o)
 .data          0x0000000000800100        0x0 /usr/lib64/gcc/avr/4.7.1/../../../../avr/lib/avr51/libm.a(fixunssfsi.o)
 .data          0x0000000000800100        0x0 /usr/lib64/gcc/avr/4.7.1/../../../../avr/lib/avr51/libm.a(floatsisf.o)
 .data          0x0000000000800100        0x0 /usr/lib64/gcc/avr/4.7.1/../../../../avr/lib/avr51/libm.a(fp_split3.o)
 .data          0x0000000000800100        0x0 /usr/lib64/gcc/avr/4.7.1/../../../../avr/lib/avr51/libm.a(fp_zero.o)
 .data          0x0000000000800100        0x0 /usr/lib64/gcc/avr/4.7.1/../../../../avr/lib/avr51/libm.a(mulsf3.o)
 .data          0x0000000000800100        0x0 /usr/lib64/gcc/avr/4.7.1/../../../../avr/lib/avr51/libm.a(mulsf3x.o)
 .data          0x0000000000800100        0x0 /usr/lib64/gcc/avr/4.7.1/../../../../avr/lib/avr51/libm.a(fp_inf.o)
 .data          0x0000000000800100        0x0 /usr/lib64/gcc/avr/4.7.1/../../../../avr/lib/avr51/libm.a(fp_nan.o)
 .data          0x0000000000800100        0x0 /usr/lib64/gcc/avr/4.7.1/../../../../avr/lib/avr51/libm.a(fp_pscA.o)
 .data          0x0000000000800100        0x0 /usr/lib64/gcc/avr/4.7.1/../../../../avr/lib/avr51/libm.a(fp_pscB.o)
 .data          0x0000000000800100        0x0 /usr/lib64/gcc/avr/4.7.1/../../../../avr/lib/avr51/libm.a(fp_round.o)
 .data          0x0000000000800100        0x0 /usr/lib64/gcc/avr/4.7.1/avr51/libgcc.a(_udivmodqi4.o)
 .data          0x0000000000800100        0x0 /usr/lib64/gcc/avr/4.7.1/avr51/libgcc.a(_divmodhi4.o)
 .data          0x0000000000800100        0x0 /usr/lib64/gcc/avr/4.7.1/avr51/libgcc.a(_exit.o)
 .data          0x0000000000800100        0x0 /usr/lib64/gcc/avr/4.7.1/avr51/libgcc.a(_copy_data.o)
 .data          0x0000000000800100        0x0 /usr/lib64/gcc/avr/4.7.1/avr51/libgcc.a(_clear_bss.o)
 .data          0x0000000000800100        0x0 /usr/lib64/gcc/avr/4.7.1/avr51/libgcc.a(_udivmodhi4.o)
 .data          0x0000000000800100        0x0 /usr/lib64/gcc/avr/4.7.1/../../../../avr/lib/avr51/libc.a(eerd_byte_at90usb1286.o)
 .data          0x0000000000800100        0x0 /usr/lib64/gcc/avr/4.7.1/../../../../avr/lib/avr51/libc.a(eerd_word_at90usb1286.o)
 .data          0x0000000000800100        0x0 /usr/lib64/gcc/avr/4.7.1/../../../../avr/lib/avr51/libc.a(eeupd_byte_at90usb1286.o)
 .data          0x0000000000800100        0x0 /usr/lib64/gcc/avr/4.7.1/../../../../avr/lib/avr51/libc.a(eewr_byte_at90usb1286.o)
 .data          0x0000000000800100        0x0 /usr/lib64/gcc/avr/4.7.1/../../../../avr/lib/avr51/libc.a(eewr_word_at90usb1286.o)
 .data          0x0000000000800100        0x0 /usr/lib64/gcc/avr/4.7.1/../../../../avr/lib/avr51/libc.a(eerd_block_at90usb1286.o)
 *(.data*)
 .data.debouncing
                0x0000000000800100        0x1 obj_colossus/matrix.o
 .data.driver   0x0000000000800101        0xa obj_colossus/bluefruit/bluefruit.o
 .data.lufa_driver
                0x000000000080010b        0xa obj_colossus/protocol/lufa/lufa.o
                0x000000000080010b                lufa_driver
 .data.keyboard_protocol
                0x0000000000800115        0x1 obj_colossus/protocol/lufa/lufa.o
                0x0000000000800115                keyboard_protocol
 .data.keyboard_report
                0x0000000000800116        0x2 obj_colossus/common/action_util.o
                0x0000000000800116                keyboard_report
 .data.mk_wheel_time_to_max
                0x0000000000800118        0x1 obj_colossus/common/mousekey.o
                0x0000000000800118                mk_wheel_time_to_max
 .data.mk_wheel_max_speed
                0x0000000000800119        0x1 obj_colossus/common/mousekey.o
                0x0000000000800119                mk_wheel_max_speed
 .data.mk_time_to_max
                0x000000000080011a        0x1 obj_colossus/common/mousekey.o
                0x000000000080011a                mk_time_to_max
 .data.mk_max_speed
                0x000000000080011b        0x1 obj_colossus/common/mousekey.o
                0x000000000080011b                mk_max_speed
 .data.mk_interval
                0x000000000080011c        0x1 obj_colossus/common/mousekey.o
                0x000000000080011c                mk_interval
 .data.mk_delay
                0x000000000080011d        0x1 obj_colossus/common/mousekey.o
                0x000000000080011d                mk_delay
 *(.rodata)
 *(.rodata*)
 .rodata.CSWTCH.2
                0x000000000080011e        0x8 obj_colossus/protocol/lufa/descriptor.o
 .rodata.CSWTCH.4
                0x0000000000800126        0x8 obj_colossus/protocol/lufa/descriptor.o
 .rodata.CSWTCH.5
                0x000000000080012e        0x4 obj_colossus/protocol/lufa/descriptor.o
 .rodata.CSWTCH.42
                0x0000000000800132        0xa obj_colossus/common/command.o
 *(.gnu.linkonce.d*)
                0x000000000080013c                . = ALIGN (0x2)
                0x000000000080013c                _edata = .
                0x000000000080013c                PROVIDE (__data_end, .)

.bss            0x000000000080013c      0x1c7
                0x000000000080013c                PROVIDE (__bss_start, .)
 *(.bss)
 .bss           0x000000000080013c        0x2 obj_colossus/common/avr/xprintf.o
                0x000000000080013c                xfunc_out
 *(.bss*)
 .bss.shift_mod.2287
                0x000000000080013e        0x1 obj_colossus/keymap_btssk.o
 .bss.rctrl_mod.2288
                0x000000000080013f        0x1 obj_colossus/keymap_btssk.o
 .bss.r_shift_mod.2289
                0x0000000000800140        0x1 obj_colossus/keymap_btssk.o
 .bss.matrix    0x0000000000800141       0x10 obj_colossus/matrix.o
 .bss.matrix_debouncing
                0x0000000000800151       0x10 obj_colossus/matrix.o
 .bss.last_data.2117
                0x0000000000800161        0x2 obj_colossus/bluefruit/bluefruit.o
 .bss.rbuf_head
                0x0000000000800163        0x1 obj_colossus/serial_uart.o
 .bss.rbuf_tail
                0x0000000000800164        0x1 obj_colossus/serial_uart.o
 .bss.rbuf      0x0000000000800165      0x100 obj_colossus/serial_uart.o
 .bss.keyboard_idle
                0x0000000000800265        0x1 obj_colossus/protocol/lufa/lufa.o
                0x0000000000800265                keyboard_idle
 .bss.keyboard_report_sent
                0x0000000000800266        0x8 obj_colossus/protocol/lufa/lufa.o
 .bss.keyboard_led_stats
                0x000000000080026e        0x1 obj_colossus/protocol/lufa/lufa.o
 .bss.count.4562
                0x000000000080026f        0x1 obj_colossus/protocol/lufa/lufa.o
 .bss.console_flush
                0x0000000000800270        0x1 obj_colossus/protocol/lufa/lufa.o
 .bss.timeouted.4628
                0x0000000000800271        0x1 obj_colossus/protocol/lufa/lufa.o
 .bss.driver    0x0000000000800272        0x2 obj_colossus/common/host.o
 .bss.last_system_report
                0x0000000000800274        0x2 obj_colossus/common/host.o
 .bss.last_consumer_report
                0x0000000000800276        0x2 obj_colossus/common/host.o
 .bss.matrix_prev.2240
                0x0000000000800278       0x10 obj_colossus/common/keyboard.o
 .bss.matrix_ghost.2241
                0x0000000000800288       0x10 obj_colossus/common/keyboard.o
 .bss.led_status.2242
                0x0000000000800298        0x1 obj_colossus/common/keyboard.o
 .bss.tapping_key
                0x0000000000800299        0x6 obj_colossus/common/action_tapping.o
 .bss.waiting_buffer
                0x000000000080029f       0x30 obj_colossus/common/action_tapping.o
 .bss.waiting_buffer_tail
                0x00000000008002cf        0x1 obj_colossus/common/action_tapping.o
 .bss.waiting_buffer_head
                0x00000000008002d0        0x1 obj_colossus/common/action_tapping.o
 .bss.layer_state
                0x00000000008002d1        0x4 obj_colossus/common/action_layer.o
                0x00000000008002d1                layer_state
 .bss.default_layer_state
                0x00000000008002d5        0x4 obj_colossus/common/action_layer.o
                0x00000000008002d5                default_layer_state
 .bss.real_mods
                0x00000000008002d9        0x1 obj_colossus/common/action_util.o
 .bss.weak_mods
                0x00000000008002da        0x1 obj_colossus/common/action_util.o
 .bss.oneshot_mods
                0x00000000008002db        0x1 obj_colossus/common/action_util.o
 .bss.__compound_literal.0
                0x00000000008002dc        0x8 obj_colossus/common/action_util.o
 .bss.debug_config
                0x00000000008002e4        0x1 obj_colossus/common/debug.o
                0x00000000008002e4                debug_config
 .bss.wdt_timeout
                0x00000000008002e5        0x1 obj_colossus/common/avr/suspend.o
 .bss.timer_count
                0x00000000008002e6        0x4 obj_colossus/common/avr/timer.o
                0x00000000008002e6                timer_count
 .bss.last_timer
                0x00000000008002ea        0x2 obj_colossus/common/mousekey.o
 .bss.mousekey_repeat
                0x00000000008002ec        0x1 obj_colossus/common/mousekey.o
 .bss.mouse_report
                0x00000000008002ed        0x5 obj_colossus/common/mousekey.o
 .bss.mousekey_accel
                0x00000000008002f2        0x1 obj_colossus/common/mousekey.o
 .bss.command_state
                0x00000000008002f3        0x1 obj_colossus/common/command.o
                0x00000000008002f3                command_state
 .bss.mousekey_param
                0x00000000008002f4        0x1 obj_colossus/common/command.o
 *(COMMON)
 COMMON         0x00000000008002f5        0x3 obj_colossus/protocol/lufa/LUFA-git/LUFA/Drivers/USB/Core/DeviceStandardReq.o
                0x00000000008002f5                USB_Device_ConfigurationNumber
                0x00000000008002f6                USB_Device_CurrentlySelfPowered
                0x00000000008002f7                USB_Device_RemoteWakeupEnabled
 COMMON         0x00000000008002f8        0xa obj_colossus/protocol/lufa/LUFA-git/LUFA/Drivers/USB/Core/USBTask.o
                0x00000000008002f8                USB_IsInitialized
                0x00000000008002f9                USB_DeviceState
                0x00000000008002fa                USB_ControlRequest
 COMMON         0x0000000000800302        0x1 obj_colossus/common/bootmagic.o
                0x0000000000800302                keymap_config
                0x0000000000800303                PROVIDE (__bss_end, .)
                0x0000000000005b8e                __data_load_start = LOADADDR (.data)
                0x0000000000005bca                __data_load_end = (__data_load_start + SIZEOF (.data))

.noinit         0x0000000000800303        0x4
                0x0000000000800303                PROVIDE (__noinit_start, .)
 *(.noinit*)
 .noinit        0x0000000000800303        0x4 obj_colossus/common/avr/bootloader.o
                0x0000000000800303                reset_key
                0x0000000000800307                PROVIDE (__noinit_end, .)
                0x0000000000800307                _end = .
                0x0000000000800307                PROVIDE (__heap_start, .)

.eeprom         0x0000000000810000        0x0
 *(.eeprom*)
                0x0000000000810000                __eeprom_end = .

.fuse
 *(.fuse)
 *(.lfuse)
 *(.hfuse)
 *(.efuse)

.lock
 *(.lock*)

.signature
 *(.signature*)

.stab           0x0000000000000000     0x2964
 *(.stab)
 .stab          0x0000000000000000      0x6cc /usr/lib64/gcc/avr/4.7.1/../../../../avr/lib/avr51/crtusb1286.o
 .stab          0x00000000000006cc      0x8ac obj_colossus/common/avr/xprintf.o
                                        0x8b8 (size before relaxing)
 .stab          0x0000000000000f78       0x6c /usr/lib64/gcc/avr/4.7.1/../../../../avr/lib/avr51/libm.a(fixsfsi.o)
                                         0x78 (size before relaxing)
 .stab          0x0000000000000fe4      0x240 /usr/lib64/gcc/avr/4.7.1/../../../../avr/lib/avr51/libm.a(fixunssfsi.o)
                                        0x24c (size before relaxing)
 .stab          0x0000000000001224      0x318 /usr/lib64/gcc/avr/4.7.1/../../../../avr/lib/avr51/libm.a(floatsisf.o)
                                        0x324 (size before relaxing)
 .stab          0x000000000000153c      0x1d4 /usr/lib64/gcc/avr/4.7.1/../../../../avr/lib/avr51/libm.a(fp_split3.o)
                                        0x1e0 (size before relaxing)
 .stab          0x0000000000001710       0x90 /usr/lib64/gcc/avr/4.7.1/../../../../avr/lib/avr51/libm.a(fp_zero.o)
                                         0x9c (size before relaxing)
 .stab          0x00000000000017a0       0x48 /usr/lib64/gcc/avr/4.7.1/../../../../avr/lib/avr51/libm.a(mulsf3.o)
                                         0x54 (size before relaxing)
 .stab          0x00000000000017e8      0x4d4 /usr/lib64/gcc/avr/4.7.1/../../../../avr/lib/avr51/libm.a(mulsf3x.o)
                                        0x4e0 (size before relaxing)
 .stab          0x0000000000001cbc       0x78 /usr/lib64/gcc/avr/4.7.1/../../../../avr/lib/avr51/libm.a(fp_inf.o)
                                         0x84 (size before relaxing)
 .stab          0x0000000000001d34       0x54 /usr/lib64/gcc/avr/4.7.1/../../../../avr/lib/avr51/libm.a(fp_nan.o)
                                         0x60 (size before relaxing)
 .stab          0x0000000000001d88       0x84 /usr/lib64/gcc/avr/4.7.1/../../../../avr/lib/avr51/libm.a(fp_pscA.o)
                                         0x90 (size before relaxing)
 .stab          0x0000000000001e0c       0x84 /usr/lib64/gcc/avr/4.7.1/../../../../avr/lib/avr51/libm.a(fp_pscB.o)
                                         0x90 (size before relaxing)
 .stab          0x0000000000001e90       0xfc /usr/lib64/gcc/avr/4.7.1/../../../../avr/lib/avr51/libm.a(fp_round.o)
                                        0x108 (size before relaxing)
 .stab          0x0000000000001f8c       0xe4 /usr/lib64/gcc/avr/4.7.1/avr51/libgcc.a(_udivmodqi4.o)
                                         0xf0 (size before relaxing)
 .stab          0x0000000000002070      0x138 /usr/lib64/gcc/avr/4.7.1/avr51/libgcc.a(_divmodhi4.o)
                                        0x144 (size before relaxing)
 .stab          0x00000000000021a8       0x6c /usr/lib64/gcc/avr/4.7.1/avr51/libgcc.a(_exit.o)
                                         0x78 (size before relaxing)
 .stab          0x0000000000002214       0xf0 /usr/lib64/gcc/avr/4.7.1/avr51/libgcc.a(_copy_data.o)
                                         0xfc (size before relaxing)
 .stab          0x0000000000002304       0xb4 /usr/lib64/gcc/avr/4.7.1/avr51/libgcc.a(_clear_bss.o)
                                         0xc0 (size before relaxing)
 .stab          0x00000000000023b8      0x15c /usr/lib64/gcc/avr/4.7.1/avr51/libgcc.a(_udivmodhi4.o)
                                        0x168 (size before relaxing)
 .stab          0x0000000000002514       0x90 /usr/lib64/gcc/avr/4.7.1/../../../../avr/lib/avr51/libc.a(eerd_byte_at90usb1286.o)
                                         0x9c (size before relaxing)
 .stab          0x00000000000025a4       0x6c /usr/lib64/gcc/avr/4.7.1/../../../../avr/lib/avr51/libc.a(eerd_word_at90usb1286.o)
                                         0x78 (size before relaxing)
 .stab          0x0000000000002610      0x114 /usr/lib64/gcc/avr/4.7.1/../../../../avr/lib/avr51/libc.a(eeupd_byte_at90usb1286.o)
                                        0x120 (size before relaxing)
 .stab          0x0000000000002724       0xe4 /usr/lib64/gcc/avr/4.7.1/../../../../avr/lib/avr51/libc.a(eewr_byte_at90usb1286.o)
                                         0xf0 (size before relaxing)
 .stab          0x0000000000002808       0x54 /usr/lib64/gcc/avr/4.7.1/../../../../avr/lib/avr51/libc.a(eewr_word_at90usb1286.o)
                                         0x60 (size before relaxing)
 .stab          0x000000000000285c      0x108 /usr/lib64/gcc/avr/4.7.1/../../../../avr/lib/avr51/libc.a(eerd_block_at90usb1286.o)
                                        0x114 (size before relaxing)

.stabstr        0x0000000000000000      0x4fb
 *(.stabstr)
 .stabstr       0x0000000000000000      0x4fb /usr/lib64/gcc/avr/4.7.1/../../../../avr/lib/avr51/crtusb1286.o

.stab.excl
 *(.stab.excl)

.stab.exclstr
 *(.stab.exclstr)

.stab.index
 *(.stab.index)

.stab.indexstr
 *(.stab.indexstr)

.comment        0x0000000000000000       0x11
 *(.comment)
 .comment       0x0000000000000000       0x11 obj_colossus/keymap_btssk.o
                                         0x12 (size before relaxing)
 .comment       0x0000000000000000       0x12 obj_colossus/keymap_common.o
 .comment       0x0000000000000000       0x12 obj_colossus/matrix.o
 .comment       0x0000000000000000       0x12 obj_colossus/led.o
 .comment       0x0000000000000000       0x12 obj_colossus/bluefruit/main.o
 .comment       0x0000000000000000       0x12 obj_colossus/bluefruit/bluefruit.o
 .comment       0x0000000000000000       0x12 obj_colossus/serial_uart.o
 .comment       0x0000000000000000       0x12 obj_colossus/protocol/lufa/lufa.o
 .comment       0x0000000000000000       0x12 obj_colossus/protocol/lufa/descriptor.o
 .comment       0x0000000000000000       0x12 obj_colossus/protocol/lufa/LUFA-git/LUFA/Drivers/USB/Class/Common/HIDParser.o
 .comment       0x0000000000000000       0x12 obj_colossus/protocol/lufa/LUFA-git/LUFA/Drivers/USB/Core/AVR8/Device_AVR8.o
 .comment       0x0000000000000000       0x12 obj_colossus/protocol/lufa/LUFA-git/LUFA/Drivers/USB/Core/AVR8/EndpointStream_AVR8.o
 .comment       0x0000000000000000       0x12 obj_colossus/protocol/lufa/LUFA-git/LUFA/Drivers/USB/Core/AVR8/Endpoint_AVR8.o
 .comment       0x0000000000000000       0x12 obj_colossus/protocol/lufa/LUFA-git/LUFA/Drivers/USB/Core/AVR8/Host_AVR8.o
 .comment       0x0000000000000000       0x12 obj_colossus/protocol/lufa/LUFA-git/LUFA/Drivers/USB/Core/AVR8/PipeStream_AVR8.o
 .comment       0x0000000000000000       0x12 obj_colossus/protocol/lufa/LUFA-git/LUFA/Drivers/USB/Core/AVR8/Pipe_AVR8.o
 .comment       0x0000000000000000       0x12 obj_colossus/protocol/lufa/LUFA-git/LUFA/Drivers/USB/Core/AVR8/USBController_AVR8.o
 .comment       0x0000000000000000       0x12 obj_colossus/protocol/lufa/LUFA-git/LUFA/Drivers/USB/Core/AVR8/USBInterrupt_AVR8.o
 .comment       0x0000000000000000       0x12 obj_colossus/protocol/lufa/LUFA-git/LUFA/Drivers/USB/Core/ConfigDescriptors.o
 .comment       0x0000000000000000       0x12 obj_colossus/protocol/lufa/LUFA-git/LUFA/Drivers/USB/Core/DeviceStandardReq.o
 .comment       0x0000000000000000       0x12 obj_colossus/protocol/lufa/LUFA-git/LUFA/Drivers/USB/Core/Events.o
 .comment       0x0000000000000000       0x12 obj_colossus/protocol/lufa/LUFA-git/LUFA/Drivers/USB/Core/HostStandardReq.o
 .comment       0x0000000000000000       0x12 obj_colossus/protocol/lufa/LUFA-git/LUFA/Drivers/USB/Core/USBTask.o
 .comment       0x0000000000000000       0x12 obj_colossus/common/host.o
 .comment       0x0000000000000000       0x12 obj_colossus/common/keyboard.o
 .comment       0x0000000000000000       0x12 obj_colossus/common/action.o
 .comment       0x0000000000000000       0x12 obj_colossus/common/action_tapping.o
 .comment       0x0000000000000000       0x12 obj_colossus/common/action_macro.o
 .comment       0x0000000000000000       0x12 obj_colossus/common/action_layer.o
 .comment       0x0000000000000000       0x12 obj_colossus/common/action_util.o
 .comment       0x0000000000000000       0x12 obj_colossus/common/keymap.o
 .comment       0x0000000000000000       0x12 obj_colossus/common/print.o
 .comment       0x0000000000000000       0x12 obj_colossus/common/debug.o
 .comment       0x0000000000000000       0x12 obj_colossus/common/util.o
 .comment       0x0000000000000000       0x12 obj_colossus/common/avr/suspend.o
 .comment       0x0000000000000000       0x12 obj_colossus/common/avr/timer.o
 .comment       0x0000000000000000       0x12 obj_colossus/common/avr/bootloader.o
 .comment       0x0000000000000000       0x12 obj_colossus/common/bootmagic.o
 .comment       0x0000000000000000       0x12 obj_colossus/common/avr/eeconfig.o
 .comment       0x0000000000000000       0x12 obj_colossus/common/mousekey.o
 .comment       0x0000000000000000       0x12 obj_colossus/common/command.o

.debug
 *(.debug)

.line
 *(.line)

.debug_srcinfo
 *(.debug_srcinfo)

.debug_sfnames
 *(.debug_sfnames)

.debug_aranges  0x0000000000000000      0xac0
 *(.debug_aranges)
 .debug_aranges
                0x0000000000000000       0x20 obj_colossus/keymap_btssk.o
 .debug_aranges
                0x0000000000000020       0x28 obj_colossus/keymap_common.o
 .debug_aranges
                0x0000000000000048       0x68 obj_colossus/matrix.o
 .debug_aranges
                0x00000000000000b0       0x20 obj_colossus/led.o
 .debug_aranges
                0x00000000000000d0       0x20 obj_colossus/bluefruit/main.o
 .debug_aranges
                0x00000000000000f0       0x70 obj_colossus/bluefruit/bluefruit.o
 .debug_aranges
                0x0000000000000160       0x40 obj_colossus/serial_uart.o
 .debug_aranges
                0x00000000000001a0       0x90 obj_colossus/protocol/lufa/lufa.o
 .debug_aranges
                0x0000000000000230       0x20 obj_colossus/protocol/lufa/descriptor.o
 .debug_aranges
                0x0000000000000250       0x38 obj_colossus/protocol/lufa/LUFA-git/LUFA/Drivers/USB/Class/Common/HIDParser.o
 .debug_aranges
                0x0000000000000288       0x20 obj_colossus/protocol/lufa/LUFA-git/LUFA/Drivers/USB/Core/AVR8/Device_AVR8.o
 .debug_aranges
                0x00000000000002a8       0xc8 obj_colossus/protocol/lufa/LUFA-git/LUFA/Drivers/USB/Core/AVR8/EndpointStream_AVR8.o
 .debug_aranges
                0x0000000000000370       0x40 obj_colossus/protocol/lufa/LUFA-git/LUFA/Drivers/USB/Core/AVR8/Endpoint_AVR8.o
 .debug_aranges
                0x00000000000003b0       0x18 obj_colossus/protocol/lufa/LUFA-git/LUFA/Drivers/USB/Core/AVR8/Host_AVR8.o
 .debug_aranges
                0x00000000000003c8       0x18 obj_colossus/protocol/lufa/LUFA-git/LUFA/Drivers/USB/Core/AVR8/PipeStream_AVR8.o
 .debug_aranges
                0x00000000000003e0       0x18 obj_colossus/protocol/lufa/LUFA-git/LUFA/Drivers/USB/Core/AVR8/Pipe_AVR8.o
 .debug_aranges
                0x00000000000003f8       0x30 obj_colossus/protocol/lufa/LUFA-git/LUFA/Drivers/USB/Core/AVR8/USBController_AVR8.o
 .debug_aranges
                0x0000000000000428       0x38 obj_colossus/protocol/lufa/LUFA-git/LUFA/Drivers/USB/Core/AVR8/USBInterrupt_AVR8.o
 .debug_aranges
                0x0000000000000460       0x40 obj_colossus/protocol/lufa/LUFA-git/LUFA/Drivers/USB/Core/ConfigDescriptors.o
 .debug_aranges
                0x00000000000004a0       0x20 obj_colossus/protocol/lufa/LUFA-git/LUFA/Drivers/USB/Core/DeviceStandardReq.o
 .debug_aranges
                0x00000000000004c0       0x20 obj_colossus/protocol/lufa/LUFA-git/LUFA/Drivers/USB/Core/Events.o
 .debug_aranges
                0x00000000000004e0       0x18 obj_colossus/protocol/lufa/LUFA-git/LUFA/Drivers/USB/Core/HostStandardReq.o
 .debug_aranges
                0x00000000000004f8       0x20 obj_colossus/protocol/lufa/LUFA-git/LUFA/Drivers/USB/Core/USBTask.o
 .debug_aranges
                0x0000000000000518       0x60 obj_colossus/common/host.o
 .debug_aranges
                0x0000000000000578       0x40 obj_colossus/common/keyboard.o
 .debug_aranges
                0x00000000000005b8       0x78 obj_colossus/common/action.o
 .debug_aranges
                0x0000000000000630       0x40 obj_colossus/common/action_tapping.o
 .debug_aranges
                0x0000000000000670       0x20 obj_colossus/common/action_macro.o
 .debug_aranges
                0x0000000000000690       0xa0 obj_colossus/common/action_layer.o
 .debug_aranges
                0x0000000000000730       0xb0 obj_colossus/common/action_util.o
 .debug_aranges
                0x00000000000007e0       0x38 obj_colossus/common/keymap.o
 .debug_aranges
                0x0000000000000818       0x20 obj_colossus/common/print.o
 .debug_aranges
                0x0000000000000838       0x18 obj_colossus/common/debug.o
 .debug_aranges
                0x0000000000000850       0x60 obj_colossus/common/util.o
 .debug_aranges
                0x00000000000008b0       0x50 obj_colossus/common/avr/suspend.o
 .debug_aranges
                0x0000000000000900       0x50 obj_colossus/common/avr/timer.o
 .debug_aranges
                0x0000000000000950       0x28 obj_colossus/common/avr/bootloader.o
 .debug_aranges
                0x0000000000000978       0x30 obj_colossus/common/bootmagic.o
 .debug_aranges
                0x00000000000009a8       0x68 obj_colossus/common/avr/eeconfig.o
 .debug_aranges
                0x0000000000000a10       0x50 obj_colossus/common/mousekey.o
 .debug_aranges
                0x0000000000000a60       0x60 obj_colossus/common/command.o

.debug_pubnames
 *(.debug_pubnames)

.debug_info     0x0000000000000000    0x110af
 *(.debug_info)
 .debug_info    0x0000000000000000      0xe0e obj_colossus/keymap_btssk.o
 .debug_info    0x0000000000000e0e      0x655 obj_colossus/keymap_common.o
 .debug_info    0x0000000000001463      0x589 obj_colossus/matrix.o
 .debug_info    0x00000000000019ec       0x91 obj_colossus/led.o
 .debug_info    0x0000000000001a7d      0x6e0 obj_colossus/bluefruit/main.o
 .debug_info    0x000000000000215d      0x701 obj_colossus/bluefruit/bluefruit.o
 .debug_info    0x000000000000285e      0x186 obj_colossus/serial_uart.o
 .debug_info    0x00000000000029e4     0x1474 obj_colossus/protocol/lufa/lufa.o
 .debug_info    0x0000000000003e58      0x7ce obj_colossus/protocol/lufa/descriptor.o
 .debug_info    0x0000000000004626      0x73a obj_colossus/protocol/lufa/LUFA-git/LUFA/Drivers/USB/Class/Common/HIDParser.o
 .debug_info    0x0000000000004d60       0xd2 obj_colossus/protocol/lufa/LUFA-git/LUFA/Drivers/USB/Core/AVR8/Device_AVR8.o
 .debug_info    0x0000000000004e32     0x17bb obj_colossus/protocol/lufa/LUFA-git/LUFA/Drivers/USB/Core/AVR8/EndpointStream_AVR8.o
 .debug_info    0x00000000000065ed      0x61b obj_colossus/protocol/lufa/LUFA-git/LUFA/Drivers/USB/Core/AVR8/Endpoint_AVR8.o
 .debug_info    0x0000000000006c08       0x56 obj_colossus/protocol/lufa/LUFA-git/LUFA/Drivers/USB/Core/AVR8/Host_AVR8.o
 .debug_info    0x0000000000006c5e       0x56 obj_colossus/protocol/lufa/LUFA-git/LUFA/Drivers/USB/Core/AVR8/PipeStream_AVR8.o
 .debug_info    0x0000000000006cb4       0x56 obj_colossus/protocol/lufa/LUFA-git/LUFA/Drivers/USB/Core/AVR8/Pipe_AVR8.o
 .debug_info    0x0000000000006d0a      0x4cb obj_colossus/protocol/lufa/LUFA-git/LUFA/Drivers/USB/Core/AVR8/USBController_AVR8.o
 .debug_info    0x00000000000071d5      0x7ca obj_colossus/protocol/lufa/LUFA-git/LUFA/Drivers/USB/Core/AVR8/USBInterrupt_AVR8.o
 .debug_info    0x000000000000799f      0x3cd obj_colossus/protocol/lufa/LUFA-git/LUFA/Drivers/USB/Core/ConfigDescriptors.o
 .debug_info    0x0000000000007d6c      0xa54 obj_colossus/protocol/lufa/LUFA-git/LUFA/Drivers/USB/Core/DeviceStandardReq.o
 .debug_info    0x00000000000087c0       0x78 obj_colossus/protocol/lufa/LUFA-git/LUFA/Drivers/USB/Core/Events.o
 .debug_info    0x0000000000008838       0x56 obj_colossus/protocol/lufa/LUFA-git/LUFA/Drivers/USB/Core/HostStandardReq.o
 .debug_info    0x000000000000888e      0x26d obj_colossus/protocol/lufa/LUFA-git/LUFA/Drivers/USB/Core/USBTask.o
 .debug_info    0x0000000000008afb      0x4e3 obj_colossus/common/host.o
 .debug_info    0x0000000000008fde      0x517 obj_colossus/common/keyboard.o
 .debug_info    0x00000000000094f5     0x14b6 obj_colossus/common/action.o
 .debug_info    0x000000000000a9ab      0xde5 obj_colossus/common/action_tapping.o
 .debug_info    0x000000000000b790      0x876 obj_colossus/common/action_macro.o
 .debug_info    0x000000000000c006      0x76b obj_colossus/common/action_layer.o
 .debug_info    0x000000000000c771      0x4f2 obj_colossus/common/action_util.o
 .debug_info    0x000000000000cc63      0xe41 obj_colossus/common/keymap.o
 .debug_info    0x000000000000daa4       0xda obj_colossus/common/print.o
 .debug_info    0x000000000000db7e       0xfc obj_colossus/common/debug.o
 .debug_info    0x000000000000dc7a      0x29b obj_colossus/common/util.o
 .debug_info    0x000000000000df15      0x283 obj_colossus/common/avr/suspend.o
 .debug_info    0x000000000000e198      0x208 obj_colossus/common/avr/timer.o
 .debug_info    0x000000000000e3a0      0x1a0 obj_colossus/common/avr/bootloader.o
 .debug_info    0x000000000000e540      0xbca obj_colossus/common/bootmagic.o
 .debug_info    0x000000000000f10a      0x3cf obj_colossus/common/avr/eeconfig.o
 .debug_info    0x000000000000f4d9      0x7b4 obj_colossus/common/mousekey.o
 .debug_info    0x000000000000fc8d     0x1422 obj_colossus/common/command.o
 *(.gnu.linkonce.wi.*)

.debug_abbrev   0x0000000000000000     0x44c0
 *(.debug_abbrev)
 .debug_abbrev  0x0000000000000000      0x260 obj_colossus/keymap_btssk.o
 .debug_abbrev  0x0000000000000260      0x16a obj_colossus/keymap_common.o
 .debug_abbrev  0x00000000000003ca      0x300 obj_colossus/matrix.o
 .debug_abbrev  0x00000000000006ca       0x60 obj_colossus/led.o
 .debug_abbrev  0x000000000000072a      0x271 obj_colossus/bluefruit/main.o
 .debug_abbrev  0x000000000000099b      0x248 obj_colossus/bluefruit/bluefruit.o
 .debug_abbrev  0x0000000000000be3       0xe0 obj_colossus/serial_uart.o
 .debug_abbrev  0x0000000000000cc3      0x491 obj_colossus/protocol/lufa/lufa.o
 .debug_abbrev  0x0000000000001154      0x177 obj_colossus/protocol/lufa/descriptor.o
 .debug_abbrev  0x00000000000012cb      0x22b obj_colossus/protocol/lufa/LUFA-git/LUFA/Drivers/USB/Class/Common/HIDParser.o
 .debug_abbrev  0x00000000000014f6       0x80 obj_colossus/protocol/lufa/LUFA-git/LUFA/Drivers/USB/Core/AVR8/Device_AVR8.o
 .debug_abbrev  0x0000000000001576      0x21a obj_colossus/protocol/lufa/LUFA-git/LUFA/Drivers/USB/Core/AVR8/EndpointStream_AVR8.o
 .debug_abbrev  0x0000000000001790      0x222 obj_colossus/protocol/lufa/LUFA-git/LUFA/Drivers/USB/Core/AVR8/Endpoint_AVR8.o
 .debug_abbrev  0x00000000000019b2       0x26 obj_colossus/protocol/lufa/LUFA-git/LUFA/Drivers/USB/Core/AVR8/Host_AVR8.o
 .debug_abbrev  0x00000000000019d8       0x26 obj_colossus/protocol/lufa/LUFA-git/LUFA/Drivers/USB/Core/AVR8/PipeStream_AVR8.o
 .debug_abbrev  0x00000000000019fe       0x26 obj_colossus/protocol/lufa/LUFA-git/LUFA/Drivers/USB/Core/AVR8/Pipe_AVR8.o
 .debug_abbrev  0x0000000000001a24      0x196 obj_colossus/protocol/lufa/LUFA-git/LUFA/Drivers/USB/Core/AVR8/USBController_AVR8.o
 .debug_abbrev  0x0000000000001bba      0x22f obj_colossus/protocol/lufa/LUFA-git/LUFA/Drivers/USB/Core/AVR8/USBInterrupt_AVR8.o
 .debug_abbrev  0x0000000000001de9      0x183 obj_colossus/protocol/lufa/LUFA-git/LUFA/Drivers/USB/Core/ConfigDescriptors.o
 .debug_abbrev  0x0000000000001f6c      0x2c7 obj_colossus/protocol/lufa/LUFA-git/LUFA/Drivers/USB/Core/DeviceStandardReq.o
 .debug_abbrev  0x0000000000002233       0x44 obj_colossus/protocol/lufa/LUFA-git/LUFA/Drivers/USB/Core/Events.o
 .debug_abbrev  0x0000000000002277       0x26 obj_colossus/protocol/lufa/LUFA-git/LUFA/Drivers/USB/Core/HostStandardReq.o
 .debug_abbrev  0x000000000000229d      0x16a obj_colossus/protocol/lufa/LUFA-git/LUFA/Drivers/USB/Core/USBTask.o
 .debug_abbrev  0x0000000000002407      0x204 obj_colossus/common/host.o
 .debug_abbrev  0x000000000000260b      0x282 obj_colossus/common/keyboard.o
 .debug_abbrev  0x000000000000288d      0x2c5 obj_colossus/common/action.o
 .debug_abbrev  0x0000000000002b52      0x2e5 obj_colossus/common/action_tapping.o
 .debug_abbrev  0x0000000000002e37      0x18b obj_colossus/common/action_macro.o
 .debug_abbrev  0x0000000000002fc2      0x1eb obj_colossus/common/action_layer.o
 .debug_abbrev  0x00000000000031ad      0x20f obj_colossus/common/action_util.o
 .debug_abbrev  0x00000000000033bc      0x281 obj_colossus/common/keymap.o
 .debug_abbrev  0x000000000000363d       0x97 obj_colossus/common/print.o
 .debug_abbrev  0x00000000000036d4       0x87 obj_colossus/common/debug.o
 .debug_abbrev  0x000000000000375b       0xcb obj_colossus/common/util.o
 .debug_abbrev  0x0000000000003826      0x1b6 obj_colossus/common/avr/suspend.o
 .debug_abbrev  0x00000000000039dc      0x11e obj_colossus/common/avr/timer.o
 .debug_abbrev  0x0000000000003afa      0x123 obj_colossus/common/avr/bootloader.o
 .debug_abbrev  0x0000000000003c1d      0x26f obj_colossus/common/bootmagic.o
 .debug_abbrev  0x0000000000003e8c       0xef obj_colossus/common/avr/eeconfig.o
 .debug_abbrev  0x0000000000003f7b      0x1fd obj_colossus/common/mousekey.o
 .debug_abbrev  0x0000000000004178      0x348 obj_colossus/common/command.o

.debug_line     0x0000000000000000     0x5ff6
 *(.debug_line)
 .debug_line    0x0000000000000000      0x1c6 obj_colossus/keymap_btssk.o
 .debug_line    0x00000000000001c6       0xeb obj_colossus/keymap_common.o
 .debug_line    0x00000000000002b1      0x28a obj_colossus/matrix.o
 .debug_line    0x000000000000053b       0x76 obj_colossus/led.o
 .debug_line    0x00000000000005b1      0x3f8 obj_colossus/bluefruit/main.o