   1               		.file	"keymap_common.c"
   2               	__SP_H__ = 0x3e
   3               	__SP_L__ = 0x3d
   4               	__SREG__ = 0x3f
   5               	__RAMPZ__ = 0x3b
   6               	__tmp_reg__ = 0
   7               	__zero_reg__ = 1
   8               		.text
   9               	.Ltext0:
  10               		.cfi_sections	.debug_frame
  11               		.section	.text.keymap_key_to_keycode,"ax",@progbits
  12               	.global	keymap_key_to_keycode
  14               	keymap_key_to_keycode:
  15               	.LFB4:
  16               		.file 1 "keymap_common.c"
   1:keymap_common.c **** /*
   2:keymap_common.c **** Copyright 2012,2013 Jun Wako <wakojun@gmail.com>
   3:keymap_common.c **** 
   4:keymap_common.c **** This program is free software: you can redistribute it and/or modify
   5:keymap_common.c **** it under the terms of the GNU General Public License as published by
   6:keymap_common.c **** the Free Software Foundation, either version 2 of the License, or
   7:keymap_common.c **** (at your option) any later version.
   8:keymap_common.c **** 
   9:keymap_common.c **** This program is distributed in the hope that it will be useful,
  10:keymap_common.c **** but WITHOUT ANY WARRANTY; without even the implied warranty of
  11:keymap_common.c **** MERCHANTABILITY or FITNESS FOR A PARTICULAR PURPOSE.  See the
  12:keymap_common.c **** GNU General Public License for more details.
  13:keymap_common.c **** 
  14:keymap_common.c **** You should have received a copy of the GNU General Public License
  15:keymap_common.c **** along with this program.  If not, see <http://www.gnu.org/licenses/>.
  16:keymap_common.c **** */
  17:keymap_common.c **** #include "keymap_common.h"
  18:keymap_common.c **** 
  19:keymap_common.c **** 
  20:keymap_common.c **** /* translates key to keycode */
  21:keymap_common.c **** uint8_t keymap_key_to_keycode(uint8_t layer, keypos_t key)
  22:keymap_common.c **** {
  17               		.loc 1 22 0
  18               		.cfi_startproc
  19               	.LVL0:
  20               	/* prologue: function */
  21               	/* frame size = 0 */
  22               	/* stack size = 0 */
  23               	.L__stack_usage = 0
  24               	.LBB2:
  23:keymap_common.c ****     return pgm_read_byte(&keymaps[(layer)][(key.row)][(key.col)]);
  25               		.loc 1 23 0
  26 0000 E72F      		mov r30,r23
  27 0002 F0E0      		ldi r31,0
  28 0004 98E0      		ldi r25,lo8(8)
  29 0006 899F      		mul r24,r25
  30 0008 E00D      		add r30,r0
  31 000a F11D      		adc r31,r1
  32 000c 1124      		clr __zero_reg__
  33 000e 84E0      		ldi r24,4
  34               		1:
  35 0010 EE0F      		lsl r30
  36 0012 FF1F      		rol r31
  37 0014 8A95      		dec r24
  38 0016 01F4      		brne 1b
  39               	.LVL1:
  40 0018 E60F      		add r30,r22
  41 001a F11D      		adc r31,__zero_reg__
  42 001c E050      		subi r30,lo8(-(keymaps))
  43 001e F040      		sbci r31,hi8(-(keymaps))
  44               	/* #APP */
  45               	 ;  23 "keymap_common.c" 1
  46 0020 8491      		lpm r24, Z
  47               		
  48               	 ;  0 "" 2
  49               	.LVL2:
  50               	/* #NOAPP */
  51               	.LBE2:
  24:keymap_common.c **** }
  52               		.loc 1 24 0
  53 0022 0895      		ret
  54               		.cfi_endproc
  55               	.LFE4:
  57               		.section	.text.keymap_fn_to_action,"ax",@progbits
  58               	.global	keymap_fn_to_action
  60               	keymap_fn_to_action:
  61               	.LFB5:
  25:keymap_common.c **** 
  26:keymap_common.c **** /* translates Fn keycode to action */
  27:keymap_common.c **** action_t keymap_fn_to_action(uint8_t keycode)
  28:keymap_common.c **** {
  62               		.loc 1 28 0
  63               		.cfi_startproc
  64               	.LVL3:
  65               	/* prologue: function */
  66               	/* frame size = 0 */
  67               	/* stack size = 0 */
  68               	.L__stack_usage = 0
  69               	.LBB3:
  29:keymap_common.c ****     return (action_t){ .code = pgm_read_word(&fn_actions[FN_INDEX(keycode)]) };
  70               		.loc 1 29 0
  71 0000 E82F      		mov r30,r24
  72 0002 F0E0      		ldi r31,0
  73 0004 EE0F      		lsl r30
  74 0006 FF1F      		rol r31
  75 0008 E050      		subi r30,lo8(-(fn_actions-384))
  76 000a F040      		sbci r31,hi8(-(fn_actions-384))
  77               	.LVL4:
  78               	/* #APP */
  79               	 ;  29 "keymap_common.c" 1
  80 000c 2591      		lpm r18, Z+
  81 000e 3491      		lpm r19, Z
  82               		
  83               	 ;  0 "" 2
  84               	.LVL5:
  85               	/* #NOAPP */
  86               	.LBE3:
  30:keymap_common.c **** }
  87               		.loc 1 30 0
  88 0010 C901      		movw r24,r18
  89               	.LVL6:
  90 0012 0895      		ret
  91               		.cfi_endproc
  92               	.LFE5:
  94               		.text
  95               	.Letext0:
  96               		.file 2 "/usr/lib64/gcc/avr/4.7.1/../../../../avr/include/stdint.h"
  97               		.file 3 "../../../../tmk_core/common/keyboard.h"
  98               		.file 4 "../../../../tmk_core/common/action_code.h"
  99               		.file 5 "keymap_common.h"
 100               		.file 6 "../../../../tmk_core/common/keycode.h"
DEFINED SYMBOLS
                            *ABS*:0000000000000000 keymap_common.c
     /tmp/ccWYPa38.s:2      *ABS*:000000000000003e __SP_H__
     /tmp/ccWYPa38.s:3      *ABS*:000000000000003d __SP_L__
     /tmp/ccWYPa38.s:4      *ABS*:000000000000003f __SREG__
     /tmp/ccWYPa38.s:5      *ABS*:000000000000003b __RAMPZ__
     /tmp/ccWYPa38.s:6      *ABS*:0000000000000000 __tmp_reg__
     /tmp/ccWYPa38.s:7      *ABS*:0000000000000001 __zero_reg__
     /tmp/ccWYPa38.s:14     .text.keymap_key_to_keycode:0000000000000000 keymap_key_to_keycode
     /tmp/ccWYPa38.s:60     .text.keymap_fn_to_action:0000000000000000 keymap_fn_to_action

UNDEFINED SYMBOLS
keymaps
fn_actions
